SQL> SELECT CD,D FROM DEPARTAMENTOS;
SELECT CD,D FROM DEPARTAMENTOS
                 *
ERROR at line 1:
ORA-00942: table or view does not exist 


SQL> SELECT CD,D FROM DEPARTAMENTOS
  2  
SQL> SELECT CD,D FROM DEPARTAMENTOS;
SELECT CD,D FROM DEPARTAMENTOS
                 *
ERROR at line 1:
ORA-00942: table or view does not exist 


SQL> SELECT CD,D FROM DEPARTAMENTO;

        CD D                                                                    
---------- ------------------------------------------------------------         
         1 ANALISIS MATEMATICO                                                  
         2 ASTROFISICA                                                          
         4 MATEMATICA FUNDAMENTAL                                               
         3 ESTADISTICA, INVESTIGACION OPERATIVA Y COMPUTACION                   

SQL> SELECT * FROM AREA;

       CAR AR                                                                   
---------- ------------------------------------------------------------         
        CD                                                                      
----------                                                                      
         1 ALGEBRA                                                              
         4                                                                      
                                                                                
         2 ANALISIS MATEMATICO                                                  
         1                                                                      
                                                                                
         3 ASTRONOMIA Y ASTROFISICA                                             
         2                                                                      
                                                                                

       CAR AR                                                                   
---------- ------------------------------------------------------------         
        CD                                                                      
----------                                                                      
         4 CIENCIAS DE LA COMPUTACION E INTELIGENCIA ARTIFICIAL                 
         3                                                                      
                                                                                
         5 DIDACTICA DE LA MATEMATICA                                           
         1                                                                      
                                                                                
         6 ESTADISTICA E INVESTIGACION OPERATIVA                                
         3                                                                      
                                                                                

       CAR AR                                                                   
---------- ------------------------------------------------------------         
        CD                                                                      
----------                                                                      
         7 LENGUAJES Y SISTEMAS INFORMATICOS                                    
         3                                                                      
                                                                                
         8 MATEMATICA APLICADA                                                  
         1                                                                      
                                                                                

8 rows selected.

SQL> SELECT DNI FROM PROFESOR;

       DNI                                                                      
----------                                                                      
      1010                                                                      
      1111                                                                      
      2020                                                                      
      2222                                                                      
      3030                                                                      
      3333                                                                      
      4444                                                                      
      5555                                                                      
      6666                                                                      
      7777                                                                      
      8888                                                                      

       DNI                                                                      
----------                                                                      
      9999                                                                      

12 rows selected.

SQL> SELECT * FROM PROFESOR;

       DNI P                                                                    
---------- ------------------------------------------------------------         
       CAR CAT                                                                  
---------- -----                                                                
      1111 JUAN                                                                 
         6 CU                                                                   
                                                                                
      2222 CARLOS                                                               
         7 TU                                                                   
                                                                                
      3333 PEDRO                                                                
         4 TEU                                                                  
                                                                                

       DNI P                                                                    
---------- ------------------------------------------------------------         
       CAR CAT                                                                  
---------- -----                                                                
      4444 MARIA                                                                
         7 TU                                                                   
                                                                                
      5555 IVAN                                                                 
         1 CEU                                                                  
                                                                                
      6666 CARMEN                                                               
         3 CD                                                                   
                                                                                

       DNI P                                                                    
---------- ------------------------------------------------------------         
       CAR CAT                                                                  
---------- -----                                                                
      7777 MARIO                                                                
         2 TU                                                                   
                                                                                
      8888 FRANCISCO                                                            
         5 TU                                                                   
                                                                                
      9999 ANGELA                                                               
         8 TEU                                                                  
                                                                                

       DNI P                                                                    
---------- ------------------------------------------------------------         
       CAR CAT                                                                  
---------- -----                                                                
      1010 DAVID                                                                
         4 TU                                                                   
                                                                                
      2020 SOLEDAD                                                              
         7 CU                                                                   
                                                                                
      3030 JOSE MANUEL                                                          
         6 TEU                                                                  
                                                                                

12 rows selected.

SQL> SELECT * FROM PROFESOR ORDER BY P;

       DNI P                                                                    
---------- ------------------------------------------------------------         
       CAR CAT                                                                  
---------- -----                                                                
      9999 ANGELA                                                               
         8 TEU                                                                  
                                                                                
      2222 CARLOS                                                               
         7 TU                                                                   
                                                                                
      6666 CARMEN                                                               
         3 CD                                                                   
                                                                                

       DNI P                                                                    
---------- ------------------------------------------------------------         
       CAR CAT                                                                  
---------- -----                                                                
      1010 DAVID                                                                
         4 TU                                                                   
                                                                                
      8888 FRANCISCO                                                            
         5 TU                                                                   
                                                                                
      5555 IVAN                                                                 
         1 CEU                                                                  
                                                                                

       DNI P                                                                    
---------- ------------------------------------------------------------         
       CAR CAT                                                                  
---------- -----                                                                
      3030 JOSE MANUEL                                                          
         6 TEU                                                                  
                                                                                
      1111 JUAN                                                                 
         6 CU                                                                   
                                                                                
      4444 MARIA                                                                
         7 TU                                                                   
                                                                                

       DNI P                                                                    
---------- ------------------------------------------------------------         
       CAR CAT                                                                  
---------- -----                                                                
      7777 MARIO                                                                
         2 TU                                                                   
                                                                                
      3333 PEDRO                                                                
         4 TEU                                                                  
                                                                                
      2020 SOLEDAD                                                              
         7 CU                                                                   
                                                                                

12 rows selected.

SQL> SELECT * FROM PROFESOR ORDER BY P,DNI,CAT,CAR
  2  
SQL> SELECT * FROM PROFESOR ORDER BY P,DNI,CAT,CAR;

       DNI P                                                                    
---------- ------------------------------------------------------------         
       CAR CAT                                                                  
---------- -----                                                                
      9999 ANGELA                                                               
         8 TEU                                                                  
                                                                                
      2222 CARLOS                                                               
         7 TU                                                                   
                                                                                
      6666 CARMEN                                                               
         3 CD                                                                   
                                                                                

       DNI P                                                                    
---------- ------------------------------------------------------------         
       CAR CAT                                                                  
---------- -----                                                                
      1010 DAVID                                                                
         4 TU                                                                   
                                                                                
      8888 FRANCISCO                                                            
         5 TU                                                                   
                                                                                
      5555 IVAN                                                                 
         1 CEU                                                                  
                                                                                

       DNI P                                                                    
---------- ------------------------------------------------------------         
       CAR CAT                                                                  
---------- -----                                                                
      3030 JOSE MANUEL                                                          
         6 TEU                                                                  
                                                                                
      1111 JUAN                                                                 
         6 CU                                                                   
                                                                                
      4444 MARIA                                                                
         7 TU                                                                   
                                                                                

       DNI P                                                                    
---------- ------------------------------------------------------------         
       CAR CAT                                                                  
---------- -----                                                                
      7777 MARIO                                                                
         2 TU                                                                   
                                                                                
      3333 PEDRO                                                                
         4 TEU                                                                  
                                                                                
      2020 SOLEDAD                                                              
         7 CU                                                                   
                                                                                

12 rows selected.

SQL> SELECT * FROM PROFESOR ORDER BY DNI;

       DNI P                                                                    
---------- ------------------------------------------------------------         
       CAR CAT                                                                  
---------- -----                                                                
      1010 DAVID                                                                
         4 TU                                                                   
                                                                                
      1111 JUAN                                                                 
         6 CU                                                                   
                                                                                
      2020 SOLEDAD                                                              
         7 CU                                                                   
                                                                                

       DNI P                                                                    
---------- ------------------------------------------------------------         
       CAR CAT                                                                  
---------- -----                                                                
      2222 CARLOS                                                               
         7 TU                                                                   
                                                                                
      3030 JOSE MANUEL                                                          
         6 TEU                                                                  
                                                                                
      3333 PEDRO                                                                
         4 TEU                                                                  
                                                                                

       DNI P                                                                    
---------- ------------------------------------------------------------         
       CAR CAT                                                                  
---------- -----                                                                
      4444 MARIA                                                                
         7 TU                                                                   
                                                                                
      5555 IVAN                                                                 
         1 CEU                                                                  
                                                                                
      6666 CARMEN                                                               
         3 CD                                                                   
                                                                                

       DNI P                                                                    
---------- ------------------------------------------------------------         
       CAR CAT                                                                  
---------- -----                                                                
      7777 MARIO                                                                
         2 TU                                                                   
                                                                                
      8888 FRANCISCO                                                            
         5 TU                                                                   
                                                                                
      9999 ANGELA                                                               
         8 TEU                                                                  
                                                                                

12 rows selected.

SQL> SELECT * FROM PROFESOR ORDER BY DNI DESC;

       DNI P                                                                    
---------- ------------------------------------------------------------         
       CAR CAT                                                                  
---------- -----                                                                
      9999 ANGELA                                                               
         8 TEU                                                                  
                                                                                
      8888 FRANCISCO                                                            
         5 TU                                                                   
                                                                                
      7777 MARIO                                                                
         2 TU                                                                   
                                                                                

       DNI P                                                                    
---------- ------------------------------------------------------------         
       CAR CAT                                                                  
---------- -----                                                                
      6666 CARMEN                                                               
         3 CD                                                                   
                                                                                
      5555 IVAN                                                                 
         1 CEU                                                                  
                                                                                
      4444 MARIA                                                                
         7 TU                                                                   
                                                                                

       DNI P                                                                    
---------- ------------------------------------------------------------         
       CAR CAT                                                                  
---------- -----                                                                
      3333 PEDRO                                                                
         4 TEU                                                                  
                                                                                
      3030 JOSE MANUEL                                                          
         6 TEU                                                                  
                                                                                
      2222 CARLOS                                                               
         7 TU                                                                   
                                                                                

       DNI P                                                                    
---------- ------------------------------------------------------------         
       CAR CAT                                                                  
---------- -----                                                                
      2020 SOLEDAD                                                              
         7 CU                                                                   
                                                                                
      1111 JUAN                                                                 
         6 CU                                                                   
                                                                                
      1010 DAVID                                                                
         4 TU                                                                   
                                                                                

12 rows selected.

SQL> SELECT * FROM PROFESOR ORDER BY DNI ALIAS OTRONOMBRE DESC;
SELECT * FROM PROFESOR ORDER BY DNI ALIAS OTRONOMBRE DESC
                                    *
ERROR at line 1:
ORA-00933: SQL command not properly ended 


SQL> SELECT * FROM PROFESOR ORDER BY DNI ALIAS OTRONOMBRE;
SELECT * FROM PROFESOR ORDER BY DNI ALIAS OTRONOMBRE
                                    *
ERROR at line 1:
ORA-00933: SQL command not properly ended 


SQL> SELECT DNI AS CLAVE  FROM PROFESOR ORDER BY DNI ;

     CLAVE                                                                      
----------                                                                      
      1010                                                                      
      1111                                                                      
      2020                                                                      
      2222                                                                      
      3030                                                                      
      3333                                                                      
      4444                                                                      
      5555                                                                      
      6666                                                                      
      7777                                                                      
      8888                                                                      

     CLAVE                                                                      
----------                                                                      
      9999                                                                      

12 rows selected.

SQL> SELECT * FROM ASIGNATURA
  2  
SQL> SELECT * FROM ASIGNATURAm;
SELECT * FROM ASIGNATURAm
              *
ERROR at line 1:
ORA-00942: table or view does not exist 


SQL> SELECT * FROM ASIGNATURA;

       CAS A                                                  T           CUR   
---------- -------------------------------------------------- ---- ----------   
       CAR         CT         CP         CL                                     
---------- ---------- ---------- ----------                                     
         1 BASE DE DATOS                                      GII           3   
         7          3        1.5        1.5                                     
                                                                                
         2 INTELIGENCIA ARTIFICIAL                            GII           3   
         4        1.5        1.5          3                                     
                                                                                
         3 ALMACENES DE DATOS                                 MII           1   
         7        1.5          0        1.5                                     
                                                                                

       CAS A                                                  T           CUR   
---------- -------------------------------------------------- ---- ----------   
       CAR         CT         CP         CL                                     
---------- ---------- ---------- ----------                                     
         4 MINERIA DE DATOS                                   MII           1   
         7        1.5          0        1.5                                     
                                                                                
         5 INFORMATICA BASICA                                 GII           1   
         7          3        1.5        1.5                                     
                                                                                
         6 ALGEBRA                                            GII           1   
         1          3          3          0                                     
                                                                                

       CAS A                                                  T           CUR   
---------- -------------------------------------------------- ---- ----------   
       CAR         CT         CP         CL                                     
---------- ---------- ---------- ----------                                     
         7 CALCULO                                            GII           1   
         8          3          3          0                                     
                                                                                
         8 OPTIMIZACION                                       GII           1   
         6          3        1.5        1.5                                     
                                                                                
         9 GESTION DE RIESGOS                                 GII           3   
         4          3          0          3                                     
                                                                                

       CAS A                                                  T           CUR   
---------- -------------------------------------------------- ---- ----------   
       CAR         CT         CP         CL                                     
---------- ---------- ---------- ----------                                     
        10 ASTRONOMIA                                         GF            2   
         3          3        1.5        1.5                                     
                                                                                
        11 ENSENANZA DE LA MATEMATICA                         GM            2   
         3          3        1.5        1.5                                     
                                                                                
        12 ANALISIS COMPLEJO                                  GM            4   
         2        4.5          3          0                                     
                                                                                

12 rows selected.

SQL> SELECT * FROM ASIGNATURA WHERE T='GII';

       CAS A                                                  T           CUR   
---------- -------------------------------------------------- ---- ----------   
       CAR         CT         CP         CL                                     
---------- ---------- ---------- ----------                                     
         1 BASE DE DATOS                                      GII           3   
         7          3        1.5        1.5                                     
                                                                                
         2 INTELIGENCIA ARTIFICIAL                            GII           3   
         4        1.5        1.5          3                                     
                                                                                
         5 INFORMATICA BASICA                                 GII           1   
         7          3        1.5        1.5                                     
                                                                                

       CAS A                                                  T           CUR   
---------- -------------------------------------------------- ---- ----------   
       CAR         CT         CP         CL                                     
---------- ---------- ---------- ----------                                     
         6 ALGEBRA                                            GII           1   
         1          3          3          0                                     
                                                                                
         7 CALCULO                                            GII           1   
         8          3          3          0                                     
                                                                                
         8 OPTIMIZACION                                       GII           1   
         6          3        1.5        1.5                                     
                                                                                

       CAS A                                                  T           CUR   
---------- -------------------------------------------------- ---- ----------   
       CAR         CT         CP         CL                                     
---------- ---------- ---------- ----------                                     
         9 GESTION DE RIESGOS                                 GII           3   
         4          3          0          3                                     
                                                                                

7 rows selected.

SQL> SELECT DNI FROM PROFESOR WHERE CAR=7
  2  
SQL> SELECT DNI FROM PROFESOR WHERE CAR=7;

       DNI                                                                      
----------                                                                      
      2222                                                                      
      4444                                                                      
      2020                                                                      

SQL> SELECT P FROM PROFESOR WHERE CAR=7;

P                                                                               
------------------------------------------------------------                    
CARLOS                                                                          
MARIA                                                                           
SOLEDAD                                                                         

SQL> SELECT CAS FROM ASIGNATURA WHERE CAS>=7;

       CAS                                                                      
----------                                                                      
         7                                                                      
         8                                                                      
         9                                                                      
        10                                                                      
        11                                                                      
        12                                                                      

6 rows selected.

SQL> SELECT A FROM ASIGNATURA WHERE CAS>=7;

A                                                                               
--------------------------------------------------                              
CALCULO                                                                         
OPTIMIZACION                                                                    
GESTION DE RIESGOS                                                              
ASTRONOMIA                                                                      
ENSENANZA DE LA MATEMATICA                                                      
ANALISIS COMPLEJO                                                               

6 rows selected.

SQL> SELECT CAS FROM ASIGNATURA WHERE A='ALMACENES DE DATOS';

       CAS                                                                      
----------                                                                      
         3                                                                      

SQL> SELECT A FROM ASIGNATURA WHERE CAS!=8;

A                                                                               
--------------------------------------------------                              
BASE DE DATOS                                                                   
INTELIGENCIA ARTIFICIAL                                                         
ALMACENES DE DATOS                                                              
MINERIA DE DATOS                                                                
INFORMATICA BASICA                                                              
ALGEBRA                                                                         
CALCULO                                                                         
GESTION DE RIESGOS                                                              
ASTRONOMIA                                                                      
ENSENANZA DE LA MATEMATICA                                                      
ANALISIS COMPLEJO                                                               

11 rows selected.

SQL> SELECT A FROM ASIGNATURA WHERE CAS!=8 AND CAS !=11;

A                                                                               
--------------------------------------------------                              
BASE DE DATOS                                                                   
INTELIGENCIA ARTIFICIAL                                                         
ALMACENES DE DATOS                                                              
MINERIA DE DATOS                                                                
INFORMATICA BASICA                                                              
ALGEBRA                                                                         
CALCULO                                                                         
GESTION DE RIESGOS                                                              
ASTRONOMIA                                                                      
ANALISIS COMPLEJO                                                               

10 rows selected.

SQL> SELECT CAS FROM PLAN_DOCENTE WHERE DNI=3333;

       CAS                                                                      
----------                                                                      
         2                                                                      
         9                                                                      

SQL> SELECT CD FROM DEPARTAMENTO WHERE D='ASTROFISICA';

        CD                                                                      
----------                                                                      
         2                                                                      

SQL> SELECT DNI FROM PLAN_DOCENTE WHERE FI='01-SEP-09';

       DNI                                                                      
----------                                                                      
      1010                                                                      
      1111                                                                      
      2222                                                                      
      3030                                                                      
      3333                                                                      
      8888                                                                      

6 rows selected.

SQL> SELECT DNI FROM PLAN_DOCENTE WHERE FI<'01-SEP-09';

       DNI                                                                      
----------                                                                      
      1010                                                                      
      1010                                                                      
      1111                                                                      
      2020                                                                      
      2222                                                                      
      3333                                                                      
      4444                                                                      
      6666                                                                      

8 rows selected.

SQL> SELECT DNI,FI FROM PLAN_DOCENTE WHERE FI<'01-SEP-09';

       DNI FI                                                                   
---------- ---------                                                            
      1010 01-SEP-05                                                            
      1010 01-SEP-08                                                            
      1111 01-SEP-07                                                            
      2020 01-SEP-08                                                            
      2222 01-SEP-06                                                            
      3333 01-SEP-08                                                            
      4444 01-SEP-08                                                            
      6666 01-SEP-08                                                            

8 rows selected.

SQL> SELECT DNI,FI FROM PLAN_DOCENTE WHERE FI='01-SEP-09';

       DNI FI                                                                   
---------- ---------                                                            
      1010 01-SEP-09                                                            
      1111 01-SEP-09                                                            
      2222 01-SEP-09                                                            
      3030 01-SEP-09                                                            
      3333 01-SEP-09                                                            
      8888 01-SEP-09                                                            

6 rows selected.

SQL> SELECT A  FROM ASIGNATURA WHERE CAR=3 AND CAR=5 AND CAR=8;

no rows selected

SQL> SELECT A  FROM ASIGNATURA WHERE CAR=3 OR CAR=5 OR CAR=8;

A                                                                               
--------------------------------------------------                              
CALCULO                                                                         
ASTRONOMIA                                                                      
ENSENANZA DE LA MATEMATICA                                                      

SQL> EXIT
SQL> SELECT SUM(CT,CP,CL) FROM ASIGNATURA;
SELECT SUM(CT,CP,CL) FROM ASIGNATURA
       *
ERROR at line 1:
ORA-00909: invalid number of arguments 


SQL> SELECT SUM(CT) FROM ASIGNATURA;

   SUM(CT)                                                                      
----------                                                                      
        33                                                                      

SQL> SELECT COUNT(CT) FROM ASIGNATURA;

 COUNT(CT)                                                                      
----------                                                                      
        12                                                                      

SQL> SELECT COUNT() FROM ASIGNATURA;
SELECT COUNT() FROM ASIGNATURA
       *
ERROR at line 1:
ORA-00909: invalid number of arguments 


SQL> SELECT COUNT FROM ASIGNATURA;
SELECT COUNT FROM ASIGNATURA
       *
ERROR at line 1:
ORA-00904: "COUNT": invalid identifier 


SQL> SELECT COUNT(CT) FROM ASIGNATURA;

 COUNT(CT)                                                                      
----------                                                                      
        12                                                                      

SQL> SELECT SUM(CT) FROM ASIGNATURA;

   SUM(CT)                                                                      
----------                                                                      
        33                                                                      

SQL> SELECT CT FROM ASIGNATURA;

        CT                                                                      
----------                                                                      
         3                                                                      
       1.5                                                                      
       1.5                                                                      
       1.5                                                                      
         3                                                                      
         3                                                                      
         3                                                                      
         3                                                                      
         3                                                                      
         3                                                                      
         3                                                                      

        CT                                                                      
----------                                                                      
       4.5                                                                      

12 rows selected.

SQL> SELECT CT,A FROM ASIGNATURA;

        CT A                                                                    
---------- --------------------------------------------------                   
         3 BASE DE DATOS                                                        
       1.5 INTELIGENCIA ARTIFICIAL                                              
       1.5 ALMACENES DE DATOS                                                   
       1.5 MINERIA DE DATOS                                                     
         3 INFORMATICA BASICA                                                   
         3 ALGEBRA                                                              
         3 CALCULO                                                              
         3 OPTIMIZACION                                                         
         3 GESTION DE RIESGOS                                                   
         3 ASTRONOMIA                                                           
         3 ENSENANZA DE LA MATEMATICA                                           

        CT A                                                                    
---------- --------------------------------------------------                   
       4.5 ANALISIS COMPLEJO                                                    

12 rows selected.

SQL> SELECT A, CT FROM ASIGNATURA;

A                                                          CT                   
-------------------------------------------------- ----------                   
BASE DE DATOS                                               3                   
INTELIGENCIA ARTIFICIAL                                   1.5                   
ALMACENES DE DATOS                                        1.5                   
MINERIA DE DATOS                                          1.5                   
INFORMATICA BASICA                                          3                   
ALGEBRA                                                     3                   
CALCULO                                                     3                   
OPTIMIZACION                                                3                   
GESTION DE RIESGOS                                          3                   
ASTRONOMIA                                                  3                   
ENSENANZA DE LA MATEMATICA                                  3                   

A                                                          CT                   
-------------------------------------------------- ----------                   
ANALISIS COMPLEJO                                         4.5                   

12 rows selected.

SQL> SELECT * FROM ASIGNATURA WHERE CAS=11;

       CAS A                                                  T           CUR   
---------- -------------------------------------------------- ---- ----------   
       CAR         CT         CP         CL                                     
---------- ---------- ---------- ----------                                     
        11 ENSENANZA DE LA MATEMATICA                         GM            2   
         3          3        1.5        1.5                                     
                                                                                

SQL> UPDATE ASIGNATURA SET CAR=5, CT=6,CP=0,CL=0 WHERE CAS=11;

1 row updated.

SQL> SELECT A, CT FROM ASIGNATURA;

A                                                          CT                   
-------------------------------------------------- ----------                   
BASE DE DATOS                                               3                   
INTELIGENCIA ARTIFICIAL                                   1.5                   
ALMACENES DE DATOS                                        1.5                   
MINERIA DE DATOS                                          1.5                   
INFORMATICA BASICA                                          3                   
ALGEBRA                                                     3                   
CALCULO                                                     3                   
OPTIMIZACION                                                3                   
GESTION DE RIESGOS                                          3                   
ASTRONOMIA                                                  3                   
ENSENANZA DE LA MATEMATICA                                  6                   

A                                                          CT                   
-------------------------------------------------- ----------                   
ANALISIS COMPLEJO                                         4.5                   

12 rows selected.

SQL> SELECT SUM(CT) FROM ASIGNATURA;

   SUM(CT)                                                                      
----------                                                                      
        36                                                                      

SQL> SELECT SUM(CT,CT) FROM ASIGNATURA;
SELECT SUM(CT,CT) FROM ASIGNATURA
       *
ERROR at line 1:
ORA-00909: invalid number of arguments 


SQL> SELECT SUM(CP) FROM ASIGNATURA;

   SUM(CP)                                                                      
----------                                                                      
      16.5                                                                      

SQL> SELECT SUM(CL) FROM ASIGNATURA;

   SUM(CL)                                                                      
----------                                                                      
        15                                                                      

SQL> SELECT SUM(SUM(SUM(CL))) FROM ASIGNATURA;
SELECT SUM(SUM(SUM(CL))) FROM ASIGNATURA
               *
ERROR at line 1:
ORA-00935: group function is nested too deeply 


SQL> SELECT  FROM ASIGNATURA;
SELECT  FROM ASIGNATURA
        *
ERROR at line 1:
ORA-00936: missing expression 


SQL> SELECT SUM(CT)+SUM(CP) FROM ASIGNATURA;

SUM(CT)+SUM(CP)                                                                 
---------------                                                                 
           52.5                                                                 

SQL> SELECT SUM(CT)+SUM(CP)+SUM(CL) FROM ASIGNATURA;

SUM(CT)+SUM(CP)+SUM(CL)                                                         
-----------------------                                                         
                   67.5                                                         

SQL> SELECT SUM(CT)+SUM(CP)+SUM(CL),A FROM ASIGNATURA;
SELECT SUM(CT)+SUM(CP)+SUM(CL),A FROM ASIGNATURA
                               *
ERROR at line 1:
ORA-00937: not a single-group group function 


SQL> SELECT SUM(CT)+SUM(CP)+SUM(CL) AS [CREDITOS TOTALES] FROM ASIGNATURA;
SELECT SUM(CT)+SUM(CP)+SUM(CL) AS [CREDITOS TOTALES] FROM ASIGNATURA
                                  *
ERROR at line 1:
ORA-00923: FROM keyword not found where expected 


SQL> SELECT SUM(CT)+SUM(CP)+SUM(CL) AS TOTAL FROM ASIGNATURA;

     TOTAL                                                                      
----------                                                                      
      67.5                                                                      

SQL> SELECT SUM(CT)+SUM(CP)+SUM(CL) AS 'CREDITOS TOTALES' FROM ASIGNATURA;
SELECT SUM(CT)+SUM(CP)+SUM(CL) AS 'CREDITOS TOTALES' FROM ASIGNATURA
                                  *
ERROR at line 1:
ORA-00923: FROM keyword not found where expected 


SQL> SELECT SUM(CT)+SUM(CP)+SUM(CL) AS 'TOTALES' FROM ASIGNATURA;
SELECT SUM(CT)+SUM(CP)+SUM(CL) AS 'TOTALES' FROM ASIGNATURA
                                  *
ERROR at line 1:
ORA-00923: FROM keyword not found where expected 


SQL> SELECT SUM(CT)+SUM(CP)+SUM(CL) AS TOTALES FROM ASIGNATURA;

   TOTALES                                                                      
----------                                                                      
      67.5                                                                      

SQL> SELECT CT+CL+CP AS TOTALES FROM ASIGNATURA;

   TOTALES                                                                      
----------                                                                      
         6                                                                      
         6                                                                      
         3                                                                      
         3                                                                      
         6                                                                      
         6                                                                      
         6                                                                      
         6                                                                      
         6                                                                      
         6                                                                      
         6                                                                      

   TOTALES                                                                      
----------                                                                      
       7.5                                                                      

12 rows selected.

SQL> SELECT AMSUM(CT)+SUM(CP)+SUM(CL) AS TOTALES FROM ASIGNATURA;
SELECT AMSUM(CT)+SUM(CP)+SUM(CL) AS TOTALES FROM ASIGNATURA
       *
ERROR at line 1:
ORA-00904: "AMSUM": invalid identifier 


SQL> SELECT A,SUM(CT)+SUM(CP)+SUM(CL) AS TOTALES FROM ASIGNATURA;
SELECT A,SUM(CT)+SUM(CP)+SUM(CL) AS TOTALES FROM ASIGNATURA
       *
ERROR at line 1:
ORA-00937: not a single-group group function 


SQL> SELECT A,SUM(CT)+SUM(CP)+SUM(CL) FROM ASIGNATURA;
SELECT A,SUM(CT)+SUM(CP)+SUM(CL) FROM ASIGNATURA
       *
ERROR at line 1:
ORA-00937: not a single-group group function 


SQL> SELECT SUM(CT)+SUM(CP)+SUM(CL) FROM ASIGNATURA;

SUM(CT)+SUM(CP)+SUM(CL)                                                         
-----------------------                                                         
                   67.5                                                         

SQL> SELECT A,CT+CL+CP AS TOTALES FROM ASIGNATURA;

A                                                     TOTALES                   
-------------------------------------------------- ----------                   
BASE DE DATOS                                               6                   
INTELIGENCIA ARTIFICIAL                                     6                   
ALMACENES DE DATOS                                          3                   
MINERIA DE DATOS                                            3                   
INFORMATICA BASICA                                          6                   
ALGEBRA                                                     6                   
CALCULO                                                     6                   
OPTIMIZACION                                                6                   
GESTION DE RIESGOS                                          6                   
ASTRONOMIA                                                  6                   
ENSENANZA DE LA MATEMATICA                                  6                   

A                                                     TOTALES                   
-------------------------------------------------- ----------                   
ANALISIS COMPLEJO                                         7.5                   

12 rows selected.

SQL> SELECT A,SUM(CT) FROM ASIGNATURA;
SELECT A,SUM(CT) FROM ASIGNATURA
       *
ERROR at line 1:
ORA-00937: not a single-group group function 


SQL> SELECT A,CT+CL+CP AS TOTALES FROM ASIGNATURA;

A                                                     TOTALES                   
-------------------------------------------------- ----------                   
BASE DE DATOS                                               6                   
INTELIGENCIA ARTIFICIAL                                     6                   
ALMACENES DE DATOS                                          3                   
MINERIA DE DATOS                                            3                   
INFORMATICA BASICA                                          6                   
ALGEBRA                                                     6                   
CALCULO                                                     6                   
OPTIMIZACION                                                6                   
GESTION DE RIESGOS                                          6                   
ASTRONOMIA                                                  6                   
ENSENANZA DE LA MATEMATICA                                  6                   

A                                                     TOTALES                   
-------------------------------------------------- ----------                   
ANALISIS COMPLEJO                                         7.5                   

12 rows selected.

SQL> SELECT A,CT+CL+CP AS  FROM ASIGNATURA;

A                                                  CT+CL+CPAS                   
-------------------------------------------------- ----------                   
BASE DE DATOS                                               6                   
INTELIGENCIA ARTIFICIAL                                     6                   
ALMACENES DE DATOS                                          3                   
MINERIA DE DATOS                                            3                   
INFORMATICA BASICA                                          6                   
ALGEBRA                                                     6                   
CALCULO                                                     6                   
OPTIMIZACION                                                6                   
GESTION DE RIESGOS                                          6                   
ASTRONOMIA                                                  6                   
ENSENANZA DE LA MATEMATICA                                  6                   

A                                                  CT+CL+CPAS                   
-------------------------------------------------- ----------                   
ANALISIS COMPLEJO                                         7.5                   

12 rows selected.

SQL> SELECT asignatura.A,CT+CL+CP AS  FROM ASIGNATURA;

A                                                  CT+CL+CPAS                   
-------------------------------------------------- ----------                   
BASE DE DATOS                                               6                   
INTELIGENCIA ARTIFICIAL                                     6                   
ALMACENES DE DATOS                                          3                   
MINERIA DE DATOS                                            3                   
INFORMATICA BASICA                                          6                   
ALGEBRA                                                     6                   
CALCULO                                                     6                   
OPTIMIZACION                                                6                   
GESTION DE RIESGOS                                          6                   
ASTRONOMIA                                                  6                   
ENSENANZA DE LA MATEMATICA                                  6                   

A                                                  CT+CL+CPAS                   
-------------------------------------------------- ----------                   
ANALISIS COMPLEJO                                         7.5                   

12 rows selected.

SQL> SELECT asignatura.a,CT+CL+CP AS  FROM ASIGNATURA;

A                                                  CT+CL+CPAS                   
-------------------------------------------------- ----------                   
BASE DE DATOS                                               6                   
INTELIGENCIA ARTIFICIAL                                     6                   
ALMACENES DE DATOS                                          3                   
MINERIA DE DATOS                                            3                   
INFORMATICA BASICA                                          6                   
ALGEBRA                                                     6                   
CALCULO                                                     6                   
OPTIMIZACION                                                6                   
GESTION DE RIESGOS                                          6                   
ASTRONOMIA                                                  6                   
ENSENANZA DE LA MATEMATICA                                  6                   

A                                                  CT+CL+CPAS                   
-------------------------------------------------- ----------                   
ANALISIS COMPLEJO                                         7.5                   

12 rows selected.

SQL> clear
SQL> cls
SP2-0042: unknown command "cls" - rest of line ignored.
SQL> SELECT asignatura.a, CT+CL+CP AS  FROM asignatura;

A                                                  CT+CL+CPAS                   
-------------------------------------------------- ----------                   
BASE DE DATOS                                               6                   
INTELIGENCIA ARTIFICIAL                                     6                   
ALMACENES DE DATOS                                          3                   
MINERIA DE DATOS                                            3                   
INFORMATICA BASICA                                          6                   
ALGEBRA                                                     6                   
CALCULO                                                     6                   
OPTIMIZACION                                                6                   
GESTION DE RIESGOS                                          6                   
ASTRONOMIA                                                  6                   
ENSENANZA DE LA MATEMATICA                                  6                   

A                                                  CT+CL+CPAS                   
-------------------------------------------------- ----------                   
ANALISIS COMPLEJO                                         7.5                   

12 rows selected.

SQL> SELECT asignatura.a, CT+CL+CP.asignatura AS  FROM asignatura;
SELECT asignatura.a, CT+CL+CP.asignatura AS  FROM asignatura
                           *
ERROR at line 1:
ORA-00904: "CP"."ASIGNATURA": invalid identifier 


SQL> SELECT asignatura.a, (CT+CL+CP).asignatura AS  FROM asignatura;
SELECT asignatura.a, (CT+CL+CP).asignatura AS  FROM asignatura
                           *
ERROR at line 1:
ORA-22806: not an object or REF 


SQL> SELECT asignatura.a, CT.asignatura+CL.asignatura+CP.asignatura AS  FROM asignatura;
SELECT asignatura.a, CT.asignatura+CL.asignatura+CP.asignatura AS  FROM asignatura
                                                 *
ERROR at line 1:
ORA-00904: "CP"."ASIGNATURA": invalid identifier 


SQL> SELECT asignatura.a, asignatura.CT+CL.asignatura+CP AS  FROM asignatura;
SELECT asignatura.a, asignatura.CT+CL.asignatura+CP AS  FROM asignatura
                                   *
ERROR at line 1:
ORA-00904: "CL"."ASIGNATURA": invalid identifier 


SQL> SELECT asignatura.a, asignatura.CT+CL+CP AS  FROM asignatura;

A                                                  ASIGNATURA.CT+CL+CPAS        
-------------------------------------------------- ---------------------        
BASE DE DATOS                                                          6        
INTELIGENCIA ARTIFICIAL                                                6        
ALMACENES DE DATOS                                                     3        
MINERIA DE DATOS                                                       3        
INFORMATICA BASICA                                                     6        
ALGEBRA                                                                6        
CALCULO                                                                6        
OPTIMIZACION                                                           6        
GESTION DE RIESGOS                                                     6        
ASTRONOMIA                                                             6        
ENSENANZA DE LA MATEMATICA                                             6        

A                                                  ASIGNATURA.CT+CL+CPAS        
-------------------------------------------------- ---------------------        
ANALISIS COMPLEJO                                                    7.5        

12 rows selected.

SQL> SELECT asignatura.a, asignatura.CT+CL+CP AS  FROM asignatura AS asig;
SELECT asignatura.a, asignatura.CT+CL+CP AS  FROM asignatura AS asig
                                                             *
ERROR at line 1:
ORA-00933: SQL command not properly ended 


SQL> SELECT asignatura.a, CT+CL+CP AS  FROM asignatura AS asig;
SELECT asignatura.a, CT+CL+CP AS  FROM asignatura AS asig
                                                  *
ERROR at line 1:
ORA-00933: SQL command not properly ended 


SQL> SELECT asignatura.a, asig.CT AS  FROM asignatura AS asig;
SELECT asignatura.a, asig.CT AS  FROM asignatura AS asig
                                                 *
ERROR at line 1:
ORA-00933: SQL command not properly ended 


SQL> SELECT a, asig.CT AS  FROM asignatura AS asig;
SELECT a, asig.CT AS  FROM asignatura AS asig
                                      *
ERROR at line 1:
ORA-00933: SQL command not properly ended 


SQL> SELECT asig.a, asig.CT AS  FROM asignatura AS asig;
SELECT asig.a, asig.CT AS  FROM asignatura AS asig
                                           *
ERROR at line 1:
ORA-00933: SQL command not properly ended 


SQL> SELECT asignatura.a, asignatura.CT+CL+CP AS totales  FROM asignatura;

A                                                     TOTALES                   
-------------------------------------------------- ----------                   
BASE DE DATOS                                               6                   
INTELIGENCIA ARTIFICIAL                                     6                   
ALMACENES DE DATOS                                          3                   
MINERIA DE DATOS                                            3                   
INFORMATICA BASICA                                          6                   
ALGEBRA                                                     6                   
CALCULO                                                     6                   
OPTIMIZACION                                                6                   
GESTION DE RIESGOS                                          6                   
ASTRONOMIA                                                  6                   
ENSENANZA DE LA MATEMATICA                                  6                   

A                                                     TOTALES                   
-------------------------------------------------- ----------                   
ANALISIS COMPLEJO                                         7.5                   

12 rows selected.

SQL> SELECT asignatura.a, asignatura.CT+CL+CP AS TOTAL FROM asignatura;

A                                                       TOTAL                   
-------------------------------------------------- ----------                   
BASE DE DATOS                                               6                   
INTELIGENCIA ARTIFICIAL                                     6                   
ALMACENES DE DATOS                                          3                   
MINERIA DE DATOS                                            3                   
INFORMATICA BASICA                                          6                   
ALGEBRA                                                     6                   
CALCULO                                                     6                   
OPTIMIZACION                                                6                   
GESTION DE RIESGOS                                          6                   
ASTRONOMIA                                                  6                   
ENSENANZA DE LA MATEMATICA                                  6                   

A                                                       TOTAL                   
-------------------------------------------------- ----------                   
ANALISIS COMPLEJO                                         7.5                   

12 rows selected.

SQL> SELECT asignatura.a, asignatura.CT+CL+CP AS TOTAL FROM asignatura AS asig;
SELECT asignatura.a, asignatura.CT+CL+CP AS TOTAL FROM asignatura AS asig
                                                                  *
ERROR at line 1:
ORA-00933: SQL command not properly ended 


SQL> SELECT asignatura.a, CT AS TOTAL FROM asignatura AS asig;
SELECT asignatura.a, CT AS TOTAL FROM asignatura AS asig
                                                 *
ERROR at line 1:
ORA-00933: SQL command not properly ended 


SQL> SELECT a, CT AS TOTAL FROM asignatura AS asig;
SELECT a, CT AS TOTAL FROM asignatura AS asig
                                      *
ERROR at line 1:
ORA-00933: SQL command not properly ended 


SQL> SELECT asig.a, CT AS TOTAL FROM asignatura AS asig;
SELECT asig.a, CT AS TOTAL FROM asignatura AS asig
                                           *
ERROR at line 1:
ORA-00933: SQL command not properly ended 


SQL> SELECT asig.a, asig.CT AS TOTAL FROM asignatura AS asig;
SELECT asig.a, asig.CT AS TOTAL FROM asignatura AS asig
                                                *
ERROR at line 1:
ORA-00933: SQL command not properly ended 


SQL> SELECT asig.a, asig.CT AS TOTAL FROM asignatura AS asig;
SELECT asig.a, asig.CT AS TOTAL FROM asignatura AS asig
                                                *
ERROR at line 1:
ORA-00933: SQL command not properly ended 


SQL> SELECT asig.a TOTAL FROM asignatura AS asig;
SELECT asig.a TOTAL FROM asignatura AS asig
                                    *
ERROR at line 1:
ORA-00933: SQL command not properly ended 


SQL> SELECT asig.a  FROM asignatura AS asig;
SELECT asig.a  FROM asignatura AS asig
                               *
ERROR at line 1:
ORA-00933: SQL command not properly ended 


SQL> SELECT asig.a  FROM ASIGNATURA AS asig;
SELECT asig.a  FROM ASIGNATURA AS asig
                               *
ERROR at line 1:
ORA-00933: SQL command not properly ended 


SQL> SELECT asig.a  FROM ASIGNATURA AS AB;
SELECT asig.a  FROM ASIGNATURA AS AB
                               *
ERROR at line 1:
ORA-00933: SQL command not properly ended 


SQL> SELECT asig.a  FROM ASIGNATURA  AB;
SELECT asig.a  FROM ASIGNATURA  AB
       *
ERROR at line 1:
ORA-00904: "ASIG"."A": invalid identifier 


SQL> SELECT * FROM TABLES
  2  
SQL> SELECT * FROM TABLES;
SELECT * FROM TABLES
              *
ERROR at line 1:
ORA-00942: table or view does not exist 


SQL> SELECT * FROM INFORMATION_SCHEMA.TABLES;
SELECT * FROM INFORMATION_SCHEMA.TABLES
                                 *
ERROR at line 1:
ORA-00942: table or view does not exist 


SQL> SELECT * FROM INFORMATION_SCHEMA.TABLES;
SELECT * FROM INFORMATION_SCHEMA.TABLES
                                 *
ERROR at line 1:
ORA-00942: table or view does not exist 


SQL> SELECT * FROM TABS;

TABLE_NAME                                                                      
--------------------------------------------------------------------------------
TABLESPACE_NAME                                                                 
------------------------------                                                  
CLUSTER_NAME                                                                    
--------------------------------------------------------------------------------
IOT_NAME                                                                        
--------------------------------------------------------------------------------
STATUS     PCT_FREE   PCT_USED  INI_TRANS  MAX_TRANS INITIAL_EXTENT NEXT_EXTENT 
-------- ---------- ---------- ---------- ---------- -------------- ----------- 
MIN_EXTENTS MAX_EXTENTS PCT_INCREASE  FREELISTS FREELIST_GROUPS LOG B   NUM_ROWS
----------- ----------- ------------ ---------- --------------- --- - ----------
    BLOCKS EMPTY_BLOCKS  AVG_SPACE  CHAIN_CNT AVG_ROW_LEN                       
---------- ------------ ---------- ---------- -----------                       
AVG_SPACE_FREELIST_BLOCKS NUM_FREELIST_BLOCKS                                   
------------------------- -------------------                                   
DEGREE                                                                          
----------------------------------------                                        
INSTANCES                                CACHE                TABLE_LO          
---------------------------------------- -------------------- --------          
SAMPLE_SIZE LAST_ANAL PAR IOT_TYPE     T S NES BUFFER_ FLASH_C CELL_FL ROW_MOVE 
----------- --------- --- ------------ - - --- ------- ------- ------- -------- 
GLO USE DURATION        SKIP_COR MON                                            
--- --- --------------- -------- ---                                            
CLUSTER_OWNER                                                                   
--------------------------------------------------------------------------------
DEPENDEN COMPRESS COMPRESS_FOR                   DRO REA SEG RESULT_ CLU        
-------- -------- ------------------------------ --- --- --- ------- ---        
ACTIVITY_TRACKING       DML_TIMESTAMP             HAS CON INMEMORY INMEMORY     
----------------------- ------------------------- --- --- -------- --------     
INMEMORY_DISTRI INMEMORY_COMPRESS INMEMORY_DUPL                                 
--------------- ----------------- -------------                                 
DEFAULT_COLLATION                                                               
--------------------------------------------------------------------------------
D S EXT CELLMEMORY               CON CON EXT EXT INMEMORY_SER                   
- - --- ------------------------ --- --- --- --- ------------                   
INMEMORY_SERVICE_NAME                                                           
--------------------------------------------------------------------------------
CON                                                                             
---                                                                             
AREA                                                                            

TABLE_NAME                                                                      
--------------------------------------------------------------------------------
TABLESPACE_NAME                                                                 
------------------------------                                                  
CLUSTER_NAME                                                                    
--------------------------------------------------------------------------------
IOT_NAME                                                                        
--------------------------------------------------------------------------------
STATUS     PCT_FREE   PCT_USED  INI_TRANS  MAX_TRANS INITIAL_EXTENT NEXT_EXTENT 
-------- ---------- ---------- ---------- ---------- -------------- ----------- 
MIN_EXTENTS MAX_EXTENTS PCT_INCREASE  FREELISTS FREELIST_GROUPS LOG B   NUM_ROWS
----------- ----------- ------------ ---------- --------------- --- - ----------
    BLOCKS EMPTY_BLOCKS  AVG_SPACE  CHAIN_CNT AVG_ROW_LEN                       
---------- ------------ ---------- ---------- -----------                       
AVG_SPACE_FREELIST_BLOCKS NUM_FREELIST_BLOCKS                                   
------------------------- -------------------                                   
DEGREE                                                                          
----------------------------------------                                        
INSTANCES                                CACHE                TABLE_LO          
---------------------------------------- -------------------- --------          
SAMPLE_SIZE LAST_ANAL PAR IOT_TYPE     T S NES BUFFER_ FLASH_C CELL_FL ROW_MOVE 
----------- --------- --- ------------ - - --- ------- ------- ------- -------- 
GLO USE DURATION        SKIP_COR MON                                            
--- --- --------------- -------- ---                                            
CLUSTER_OWNER                                                                   
--------------------------------------------------------------------------------
DEPENDEN COMPRESS COMPRESS_FOR                   DRO REA SEG RESULT_ CLU        
-------- -------- ------------------------------ --- --- --- ------- ---        
ACTIVITY_TRACKING       DML_TIMESTAMP             HAS CON INMEMORY INMEMORY     
----------------------- ------------------------- --- --- -------- --------     
INMEMORY_DISTRI INMEMORY_COMPRESS INMEMORY_DUPL                                 
--------------- ----------------- -------------                                 
DEFAULT_COLLATION                                                               
--------------------------------------------------------------------------------
D S EXT CELLMEMORY               CON CON EXT EXT INMEMORY_SER                   
- - --- ------------------------ --- --- --- --- ------------                   
INMEMORY_SERVICE_NAME                                                           
--------------------------------------------------------------------------------
CON                                                                             
---                                                                             
USERS                                                                           

TABLE_NAME                                                                      
--------------------------------------------------------------------------------
TABLESPACE_NAME                                                                 
------------------------------                                                  
CLUSTER_NAME                                                                    
--------------------------------------------------------------------------------
IOT_NAME                                                                        
--------------------------------------------------------------------------------
STATUS     PCT_FREE   PCT_USED  INI_TRANS  MAX_TRANS INITIAL_EXTENT NEXT_EXTENT 
-------- ---------- ---------- ---------- ---------- -------------- ----------- 
MIN_EXTENTS MAX_EXTENTS PCT_INCREASE  FREELISTS FREELIST_GROUPS LOG B   NUM_ROWS
----------- ----------- ------------ ---------- --------------- --- - ----------
    BLOCKS EMPTY_BLOCKS  AVG_SPACE  CHAIN_CNT AVG_ROW_LEN                       
---------- ------------ ---------- ---------- -----------                       
AVG_SPACE_FREELIST_BLOCKS NUM_FREELIST_BLOCKS                                   
------------------------- -------------------                                   
DEGREE                                                                          
----------------------------------------                                        
INSTANCES                                CACHE                TABLE_LO          
---------------------------------------- -------------------- --------          
SAMPLE_SIZE LAST_ANAL PAR IOT_TYPE     T S NES BUFFER_ FLASH_C CELL_FL ROW_MOVE 
----------- --------- --- ------------ - - --- ------- ------- ------- -------- 
GLO USE DURATION        SKIP_COR MON                                            
--- --- --------------- -------- ---                                            
CLUSTER_OWNER                                                                   
--------------------------------------------------------------------------------
DEPENDEN COMPRESS COMPRESS_FOR                   DRO REA SEG RESULT_ CLU        
-------- -------- ------------------------------ --- --- --- ------- ---        
ACTIVITY_TRACKING       DML_TIMESTAMP             HAS CON INMEMORY INMEMORY     
----------------------- ------------------------- --- --- -------- --------     
INMEMORY_DISTRI INMEMORY_COMPRESS INMEMORY_DUPL                                 
--------------- ----------------- -------------                                 
DEFAULT_COLLATION                                                               
--------------------------------------------------------------------------------
D S EXT CELLMEMORY               CON CON EXT EXT INMEMORY_SER                   
- - --- ------------------------ --- --- --- --- ------------                   
INMEMORY_SERVICE_NAME                                                           
--------------------------------------------------------------------------------
CON                                                                             
---                                                                             
                                                                                

TABLE_NAME                                                                      
--------------------------------------------------------------------------------
TABLESPACE_NAME                                                                 
------------------------------                                                  
CLUSTER_NAME                                                                    
--------------------------------------------------------------------------------
IOT_NAME                                                                        
--------------------------------------------------------------------------------
STATUS     PCT_FREE   PCT_USED  INI_TRANS  MAX_TRANS INITIAL_EXTENT NEXT_EXTENT 
-------- ---------- ---------- ---------- ---------- -------------- ----------- 
MIN_EXTENTS MAX_EXTENTS PCT_INCREASE  FREELISTS FREELIST_GROUPS LOG B   NUM_ROWS
----------- ----------- ------------ ---------- --------------- --- - ----------
    BLOCKS EMPTY_BLOCKS  AVG_SPACE  CHAIN_CNT AVG_ROW_LEN                       
---------- ------------ ---------- ---------- -----------                       
AVG_SPACE_FREELIST_BLOCKS NUM_FREELIST_BLOCKS                                   
------------------------- -------------------                                   
DEGREE                                                                          
----------------------------------------                                        
INSTANCES                                CACHE                TABLE_LO          
---------------------------------------- -------------------- --------          
SAMPLE_SIZE LAST_ANAL PAR IOT_TYPE     T S NES BUFFER_ FLASH_C CELL_FL ROW_MOVE 
----------- --------- --- ------------ - - --- ------- ------- ------- -------- 
GLO USE DURATION        SKIP_COR MON                                            
--- --- --------------- -------- ---                                            
CLUSTER_OWNER                                                                   
--------------------------------------------------------------------------------
DEPENDEN COMPRESS COMPRESS_FOR                   DRO REA SEG RESULT_ CLU        
-------- -------- ------------------------------ --- --- --- ------- ---        
ACTIVITY_TRACKING       DML_TIMESTAMP             HAS CON INMEMORY INMEMORY     
----------------------- ------------------------- --- --- -------- --------     
INMEMORY_DISTRI INMEMORY_COMPRESS INMEMORY_DUPL                                 
--------------- ----------------- -------------                                 
DEFAULT_COLLATION                                                               
--------------------------------------------------------------------------------
D S EXT CELLMEMORY               CON CON EXT EXT INMEMORY_SER                   
- - --- ------------------------ --- --- --- --- ------------                   
INMEMORY_SERVICE_NAME                                                           
--------------------------------------------------------------------------------
CON                                                                             
---                                                                             
                                                                                

TABLE_NAME                                                                      
--------------------------------------------------------------------------------
TABLESPACE_NAME                                                                 
------------------------------                                                  
CLUSTER_NAME                                                                    
--------------------------------------------------------------------------------
IOT_NAME                                                                        
--------------------------------------------------------------------------------
STATUS     PCT_FREE   PCT_USED  INI_TRANS  MAX_TRANS INITIAL_EXTENT NEXT_EXTENT 
-------- ---------- ---------- ---------- ---------- -------------- ----------- 
MIN_EXTENTS MAX_EXTENTS PCT_INCREASE  FREELISTS FREELIST_GROUPS LOG B   NUM_ROWS
----------- ----------- ------------ ---------- --------------- --- - ----------
    BLOCKS EMPTY_BLOCKS  AVG_SPACE  CHAIN_CNT AVG_ROW_LEN                       
---------- ------------ ---------- ---------- -----------                       
AVG_SPACE_FREELIST_BLOCKS NUM_FREELIST_BLOCKS                                   
------------------------- -------------------                                   
DEGREE                                                                          
----------------------------------------                                        
INSTANCES                                CACHE                TABLE_LO          
---------------------------------------- -------------------- --------          
SAMPLE_SIZE LAST_ANAL PAR IOT_TYPE     T S NES BUFFER_ FLASH_C CELL_FL ROW_MOVE 
----------- --------- --- ------------ - - --- ------- ------- ------- -------- 
GLO USE DURATION        SKIP_COR MON                                            
--- --- --------------- -------- ---                                            
CLUSTER_OWNER                                                                   
--------------------------------------------------------------------------------
DEPENDEN COMPRESS COMPRESS_FOR                   DRO REA SEG RESULT_ CLU        
-------- -------- ------------------------------ --- --- --- ------- ---        
ACTIVITY_TRACKING       DML_TIMESTAMP             HAS CON INMEMORY INMEMORY     
----------------------- ------------------------- --- --- -------- --------     
INMEMORY_DISTRI INMEMORY_COMPRESS INMEMORY_DUPL                                 
--------------- ----------------- -------------                                 
DEFAULT_COLLATION                                                               
--------------------------------------------------------------------------------
D S EXT CELLMEMORY               CON CON EXT EXT INMEMORY_SER                   
- - --- ------------------------ --- --- --- --- ------------                   
INMEMORY_SERVICE_NAME                                                           
--------------------------------------------------------------------------------
CON                                                                             
---                                                                             
VALID            10                     1        255          65536     1048576 

TABLE_NAME                                                                      
--------------------------------------------------------------------------------
TABLESPACE_NAME                                                                 
------------------------------                                                  
CLUSTER_NAME                                                                    
--------------------------------------------------------------------------------
IOT_NAME                                                                        
--------------------------------------------------------------------------------
STATUS     PCT_FREE   PCT_USED  INI_TRANS  MAX_TRANS INITIAL_EXTENT NEXT_EXTENT 
-------- ---------- ---------- ---------- ---------- -------------- ----------- 
MIN_EXTENTS MAX_EXTENTS PCT_INCREASE  FREELISTS FREELIST_GROUPS LOG B   NUM_ROWS
----------- ----------- ------------ ---------- --------------- --- - ----------
    BLOCKS EMPTY_BLOCKS  AVG_SPACE  CHAIN_CNT AVG_ROW_LEN                       
---------- ------------ ---------- ---------- -----------                       
AVG_SPACE_FREELIST_BLOCKS NUM_FREELIST_BLOCKS                                   
------------------------- -------------------                                   
DEGREE                                                                          
----------------------------------------                                        
INSTANCES                                CACHE                TABLE_LO          
---------------------------------------- -------------------- --------          
SAMPLE_SIZE LAST_ANAL PAR IOT_TYPE     T S NES BUFFER_ FLASH_C CELL_FL ROW_MOVE 
----------- --------- --- ------------ - - --- ------- ------- ------- -------- 
GLO USE DURATION        SKIP_COR MON                                            
--- --- --------------- -------- ---                                            
CLUSTER_OWNER                                                                   
--------------------------------------------------------------------------------
DEPENDEN COMPRESS COMPRESS_FOR                   DRO REA SEG RESULT_ CLU        
-------- -------- ------------------------------ --- --- --- ------- ---        
ACTIVITY_TRACKING       DML_TIMESTAMP             HAS CON INMEMORY INMEMORY     
----------------------- ------------------------- --- --- -------- --------     
INMEMORY_DISTRI INMEMORY_COMPRESS INMEMORY_DUPL                                 
--------------- ----------------- -------------                                 
DEFAULT_COLLATION                                                               
--------------------------------------------------------------------------------
D S EXT CELLMEMORY               CON CON EXT EXT INMEMORY_SER                   
- - --- ------------------------ --- --- --- --- ------------                   
INMEMORY_SERVICE_NAME                                                           
--------------------------------------------------------------------------------
CON                                                                             
---                                                                             
          1  2147483645                                         YES N          8

TABLE_NAME                                                                      
--------------------------------------------------------------------------------
TABLESPACE_NAME                                                                 
------------------------------                                                  
CLUSTER_NAME                                                                    
--------------------------------------------------------------------------------
IOT_NAME                                                                        
--------------------------------------------------------------------------------
STATUS     PCT_FREE   PCT_USED  INI_TRANS  MAX_TRANS INITIAL_EXTENT NEXT_EXTENT 
-------- ---------- ---------- ---------- ---------- -------------- ----------- 
MIN_EXTENTS MAX_EXTENTS PCT_INCREASE  FREELISTS FREELIST_GROUPS LOG B   NUM_ROWS
----------- ----------- ------------ ---------- --------------- --- - ----------
    BLOCKS EMPTY_BLOCKS  AVG_SPACE  CHAIN_CNT AVG_ROW_LEN                       
---------- ------------ ---------- ---------- -----------                       
AVG_SPACE_FREELIST_BLOCKS NUM_FREELIST_BLOCKS                                   
------------------------- -------------------                                   
DEGREE                                                                          
----------------------------------------                                        
INSTANCES                                CACHE                TABLE_LO          
---------------------------------------- -------------------- --------          
SAMPLE_SIZE LAST_ANAL PAR IOT_TYPE     T S NES BUFFER_ FLASH_C CELL_FL ROW_MOVE 
----------- --------- --- ------------ - - --- ------- ------- ------- -------- 
GLO USE DURATION        SKIP_COR MON                                            
--- --- --------------- -------- ---                                            
CLUSTER_OWNER                                                                   
--------------------------------------------------------------------------------
DEPENDEN COMPRESS COMPRESS_FOR                   DRO REA SEG RESULT_ CLU        
-------- -------- ------------------------------ --- --- --- ------- ---        
ACTIVITY_TRACKING       DML_TIMESTAMP             HAS CON INMEMORY INMEMORY     
----------------------- ------------------------- --- --- -------- --------     
INMEMORY_DISTRI INMEMORY_COMPRESS INMEMORY_DUPL                                 
--------------- ----------------- -------------                                 
DEFAULT_COLLATION                                                               
--------------------------------------------------------------------------------
D S EXT CELLMEMORY               CON CON EXT EXT INMEMORY_SER                   
- - --- ------------------------ --- --- --- --- ------------                   
INMEMORY_SERVICE_NAME                                                           
--------------------------------------------------------------------------------
CON                                                                             
---                                                                             
         5            0          0          0          34                       

TABLE_NAME                                                                      
--------------------------------------------------------------------------------
TABLESPACE_NAME                                                                 
------------------------------                                                  
CLUSTER_NAME                                                                    
--------------------------------------------------------------------------------
IOT_NAME                                                                        
--------------------------------------------------------------------------------
STATUS     PCT_FREE   PCT_USED  INI_TRANS  MAX_TRANS INITIAL_EXTENT NEXT_EXTENT 
-------- ---------- ---------- ---------- ---------- -------------- ----------- 
MIN_EXTENTS MAX_EXTENTS PCT_INCREASE  FREELISTS FREELIST_GROUPS LOG B   NUM_ROWS
----------- ----------- ------------ ---------- --------------- --- - ----------
    BLOCKS EMPTY_BLOCKS  AVG_SPACE  CHAIN_CNT AVG_ROW_LEN                       
---------- ------------ ---------- ---------- -----------                       
AVG_SPACE_FREELIST_BLOCKS NUM_FREELIST_BLOCKS                                   
------------------------- -------------------                                   
DEGREE                                                                          
----------------------------------------                                        
INSTANCES                                CACHE                TABLE_LO          
---------------------------------------- -------------------- --------          
SAMPLE_SIZE LAST_ANAL PAR IOT_TYPE     T S NES BUFFER_ FLASH_C CELL_FL ROW_MOVE 
----------- --------- --- ------------ - - --- ------- ------- ------- -------- 
GLO USE DURATION        SKIP_COR MON                                            
--- --- --------------- -------- ---                                            
CLUSTER_OWNER                                                                   
--------------------------------------------------------------------------------
DEPENDEN COMPRESS COMPRESS_FOR                   DRO REA SEG RESULT_ CLU        
-------- -------- ------------------------------ --- --- --- ------- ---        
ACTIVITY_TRACKING       DML_TIMESTAMP             HAS CON INMEMORY INMEMORY     
----------------------- ------------------------- --- --- -------- --------     
INMEMORY_DISTRI INMEMORY_COMPRESS INMEMORY_DUPL                                 
--------------- ----------------- -------------                                 
DEFAULT_COLLATION                                                               
--------------------------------------------------------------------------------
D S EXT CELLMEMORY               CON CON EXT EXT INMEMORY_SER                   
- - --- ------------------------ --- --- --- --- ------------                   
INMEMORY_SERVICE_NAME                                                           
--------------------------------------------------------------------------------
CON                                                                             
---                                                                             
                        0                   0                                   

TABLE_NAME                                                                      
--------------------------------------------------------------------------------
TABLESPACE_NAME                                                                 
------------------------------                                                  
CLUSTER_NAME                                                                    
--------------------------------------------------------------------------------
IOT_NAME                                                                        
--------------------------------------------------------------------------------
STATUS     PCT_FREE   PCT_USED  INI_TRANS  MAX_TRANS INITIAL_EXTENT NEXT_EXTENT 
-------- ---------- ---------- ---------- ---------- -------------- ----------- 
MIN_EXTENTS MAX_EXTENTS PCT_INCREASE  FREELISTS FREELIST_GROUPS LOG B   NUM_ROWS
----------- ----------- ------------ ---------- --------------- --- - ----------
    BLOCKS EMPTY_BLOCKS  AVG_SPACE  CHAIN_CNT AVG_ROW_LEN                       
---------- ------------ ---------- ---------- -----------                       
AVG_SPACE_FREELIST_BLOCKS NUM_FREELIST_BLOCKS                                   
------------------------- -------------------                                   
DEGREE                                                                          
----------------------------------------                                        
INSTANCES                                CACHE                TABLE_LO          
---------------------------------------- -------------------- --------          
SAMPLE_SIZE LAST_ANAL PAR IOT_TYPE     T S NES BUFFER_ FLASH_C CELL_FL ROW_MOVE 
----------- --------- --- ------------ - - --- ------- ------- ------- -------- 
GLO USE DURATION        SKIP_COR MON                                            
--- --- --------------- -------- ---                                            
CLUSTER_OWNER                                                                   
--------------------------------------------------------------------------------
DEPENDEN COMPRESS COMPRESS_FOR                   DRO REA SEG RESULT_ CLU        
-------- -------- ------------------------------ --- --- --- ------- ---        
ACTIVITY_TRACKING       DML_TIMESTAMP             HAS CON INMEMORY INMEMORY     
----------------------- ------------------------- --- --- -------- --------     
INMEMORY_DISTRI INMEMORY_COMPRESS INMEMORY_DUPL                                 
--------------- ----------------- -------------                                 
DEFAULT_COLLATION                                                               
--------------------------------------------------------------------------------
D S EXT CELLMEMORY               CON CON EXT EXT INMEMORY_SER                   
- - --- ------------------------ --- --- --- --- ------------                   
INMEMORY_SERVICE_NAME                                                           
--------------------------------------------------------------------------------
CON                                                                             
---                                                                             
         1                                                                      

TABLE_NAME                                                                      
--------------------------------------------------------------------------------
TABLESPACE_NAME                                                                 
------------------------------                                                  
CLUSTER_NAME                                                                    
--------------------------------------------------------------------------------
IOT_NAME                                                                        
--------------------------------------------------------------------------------
STATUS     PCT_FREE   PCT_USED  INI_TRANS  MAX_TRANS INITIAL_EXTENT NEXT_EXTENT 
-------- ---------- ---------- ---------- ---------- -------------- ----------- 
MIN_EXTENTS MAX_EXTENTS PCT_INCREASE  FREELISTS FREELIST_GROUPS LOG B   NUM_ROWS
----------- ----------- ------------ ---------- --------------- --- - ----------
    BLOCKS EMPTY_BLOCKS  AVG_SPACE  CHAIN_CNT AVG_ROW_LEN                       
---------- ------------ ---------- ---------- -----------                       
AVG_SPACE_FREELIST_BLOCKS NUM_FREELIST_BLOCKS                                   
------------------------- -------------------                                   
DEGREE                                                                          
----------------------------------------                                        
INSTANCES                                CACHE                TABLE_LO          
---------------------------------------- -------------------- --------          
SAMPLE_SIZE LAST_ANAL PAR IOT_TYPE     T S NES BUFFER_ FLASH_C CELL_FL ROW_MOVE 
----------- --------- --- ------------ - - --- ------- ------- ------- -------- 
GLO USE DURATION        SKIP_COR MON                                            
--- --- --------------- -------- ---                                            
CLUSTER_OWNER                                                                   
--------------------------------------------------------------------------------
DEPENDEN COMPRESS COMPRESS_FOR                   DRO REA SEG RESULT_ CLU        
-------- -------- ------------------------------ --- --- --- ------- ---        
ACTIVITY_TRACKING       DML_TIMESTAMP             HAS CON INMEMORY INMEMORY     
----------------------- ------------------------- --- --- -------- --------     
INMEMORY_DISTRI INMEMORY_COMPRESS INMEMORY_DUPL                                 
--------------- ----------------- -------------                                 
DEFAULT_COLLATION                                                               
--------------------------------------------------------------------------------
D S EXT CELLMEMORY               CON CON EXT EXT INMEMORY_SER                   
- - --- ------------------------ --- --- --- --- ------------                   
INMEMORY_SERVICE_NAME                                                           
--------------------------------------------------------------------------------
CON                                                                             
---                                                                             
         1                                   N                ENABLED           

TABLE_NAME                                                                      
--------------------------------------------------------------------------------
TABLESPACE_NAME                                                                 
------------------------------                                                  
CLUSTER_NAME                                                                    
--------------------------------------------------------------------------------
IOT_NAME                                                                        
--------------------------------------------------------------------------------
STATUS     PCT_FREE   PCT_USED  INI_TRANS  MAX_TRANS INITIAL_EXTENT NEXT_EXTENT 
-------- ---------- ---------- ---------- ---------- -------------- ----------- 
MIN_EXTENTS MAX_EXTENTS PCT_INCREASE  FREELISTS FREELIST_GROUPS LOG B   NUM_ROWS
----------- ----------- ------------ ---------- --------------- --- - ----------
    BLOCKS EMPTY_BLOCKS  AVG_SPACE  CHAIN_CNT AVG_ROW_LEN                       
---------- ------------ ---------- ---------- -----------                       
AVG_SPACE_FREELIST_BLOCKS NUM_FREELIST_BLOCKS                                   
------------------------- -------------------                                   
DEGREE                                                                          
----------------------------------------                                        
INSTANCES                                CACHE                TABLE_LO          
---------------------------------------- -------------------- --------          
SAMPLE_SIZE LAST_ANAL PAR IOT_TYPE     T S NES BUFFER_ FLASH_C CELL_FL ROW_MOVE 
----------- --------- --- ------------ - - --- ------- ------- ------- -------- 
GLO USE DURATION        SKIP_COR MON                                            
--- --- --------------- -------- ---                                            
CLUSTER_OWNER                                                                   
--------------------------------------------------------------------------------
DEPENDEN COMPRESS COMPRESS_FOR                   DRO REA SEG RESULT_ CLU        
-------- -------- ------------------------------ --- --- --- ------- ---        
ACTIVITY_TRACKING       DML_TIMESTAMP             HAS CON INMEMORY INMEMORY     
----------------------- ------------------------- --- --- -------- --------     
INMEMORY_DISTRI INMEMORY_COMPRESS INMEMORY_DUPL                                 
--------------- ----------------- -------------                                 
DEFAULT_COLLATION                                                               
--------------------------------------------------------------------------------
D S EXT CELLMEMORY               CON CON EXT EXT INMEMORY_SER                   
- - --- ------------------------ --- --- --- --- ------------                   
INMEMORY_SERVICE_NAME                                                           
--------------------------------------------------------------------------------
CON                                                                             
---                                                                             
          8 19-NOV-19 NO               N N NO  DEFAULT DEFAULT DEFAULT DISABLED 

TABLE_NAME                                                                      
--------------------------------------------------------------------------------
TABLESPACE_NAME                                                                 
------------------------------                                                  
CLUSTER_NAME                                                                    
--------------------------------------------------------------------------------
IOT_NAME                                                                        
--------------------------------------------------------------------------------
STATUS     PCT_FREE   PCT_USED  INI_TRANS  MAX_TRANS INITIAL_EXTENT NEXT_EXTENT 
-------- ---------- ---------- ---------- ---------- -------------- ----------- 
MIN_EXTENTS MAX_EXTENTS PCT_INCREASE  FREELISTS FREELIST_GROUPS LOG B   NUM_ROWS
----------- ----------- ------------ ---------- --------------- --- - ----------
    BLOCKS EMPTY_BLOCKS  AVG_SPACE  CHAIN_CNT AVG_ROW_LEN                       
---------- ------------ ---------- ---------- -----------                       
AVG_SPACE_FREELIST_BLOCKS NUM_FREELIST_BLOCKS                                   
------------------------- -------------------                                   
DEGREE                                                                          
----------------------------------------                                        
INSTANCES                                CACHE                TABLE_LO          
---------------------------------------- -------------------- --------          
SAMPLE_SIZE LAST_ANAL PAR IOT_TYPE     T S NES BUFFER_ FLASH_C CELL_FL ROW_MOVE 
----------- --------- --- ------------ - - --- ------- ------- ------- -------- 
GLO USE DURATION        SKIP_COR MON                                            
--- --- --------------- -------- ---                                            
CLUSTER_OWNER                                                                   
--------------------------------------------------------------------------------
DEPENDEN COMPRESS COMPRESS_FOR                   DRO REA SEG RESULT_ CLU        
-------- -------- ------------------------------ --- --- --- ------- ---        
ACTIVITY_TRACKING       DML_TIMESTAMP             HAS CON INMEMORY INMEMORY     
----------------------- ------------------------- --- --- -------- --------     
INMEMORY_DISTRI INMEMORY_COMPRESS INMEMORY_DUPL                                 
--------------- ----------------- -------------                                 
DEFAULT_COLLATION                                                               
--------------------------------------------------------------------------------
D S EXT CELLMEMORY               CON CON EXT EXT INMEMORY_SER                   
- - --- ------------------------ --- --- --- --- ------------                   
INMEMORY_SERVICE_NAME                                                           
--------------------------------------------------------------------------------
CON                                                                             
---                                                                             
YES NO                  DISABLED YES                                            

TABLE_NAME                                                                      
--------------------------------------------------------------------------------
TABLESPACE_NAME                                                                 
------------------------------                                                  
CLUSTER_NAME                                                                    
--------------------------------------------------------------------------------
IOT_NAME                                                                        
--------------------------------------------------------------------------------
STATUS     PCT_FREE   PCT_USED  INI_TRANS  MAX_TRANS INITIAL_EXTENT NEXT_EXTENT 
-------- ---------- ---------- ---------- ---------- -------------- ----------- 
MIN_EXTENTS MAX_EXTENTS PCT_INCREASE  FREELISTS FREELIST_GROUPS LOG B   NUM_ROWS
----------- ----------- ------------ ---------- --------------- --- - ----------
    BLOCKS EMPTY_BLOCKS  AVG_SPACE  CHAIN_CNT AVG_ROW_LEN                       
---------- ------------ ---------- ---------- -----------                       
AVG_SPACE_FREELIST_BLOCKS NUM_FREELIST_BLOCKS                                   
------------------------- -------------------                                   
DEGREE                                                                          
----------------------------------------                                        
INSTANCES                                CACHE                TABLE_LO          
---------------------------------------- -------------------- --------          
SAMPLE_SIZE LAST_ANAL PAR IOT_TYPE     T S NES BUFFER_ FLASH_C CELL_FL ROW_MOVE 
----------- --------- --- ------------ - - --- ------- ------- ------- -------- 
GLO USE DURATION        SKIP_COR MON                                            
--- --- --------------- -------- ---                                            
CLUSTER_OWNER                                                                   
--------------------------------------------------------------------------------
DEPENDEN COMPRESS COMPRESS_FOR                   DRO REA SEG RESULT_ CLU        
-------- -------- ------------------------------ --- --- --- ------- ---        
ACTIVITY_TRACKING       DML_TIMESTAMP             HAS CON INMEMORY INMEMORY     
----------------------- ------------------------- --- --- -------- --------     
INMEMORY_DISTRI INMEMORY_COMPRESS INMEMORY_DUPL                                 
--------------- ----------------- -------------                                 
DEFAULT_COLLATION                                                               
--------------------------------------------------------------------------------
D S EXT CELLMEMORY               CON CON EXT EXT INMEMORY_SER                   
- - --- ------------------------ --- --- --- --- ------------                   
INMEMORY_SERVICE_NAME                                                           
--------------------------------------------------------------------------------
CON                                                                             
---                                                                             
                                                                                

TABLE_NAME                                                                      
--------------------------------------------------------------------------------
TABLESPACE_NAME                                                                 
------------------------------                                                  
CLUSTER_NAME                                                                    
--------------------------------------------------------------------------------
IOT_NAME                                                                        
--------------------------------------------------------------------------------
STATUS     PCT_FREE   PCT_USED  INI_TRANS  MAX_TRANS INITIAL_EXTENT NEXT_EXTENT 
-------- ---------- ---------- ---------- ---------- -------------- ----------- 
MIN_EXTENTS MAX_EXTENTS PCT_INCREASE  FREELISTS FREELIST_GROUPS LOG B   NUM_ROWS
----------- ----------- ------------ ---------- --------------- --- - ----------
    BLOCKS EMPTY_BLOCKS  AVG_SPACE  CHAIN_CNT AVG_ROW_LEN                       
---------- ------------ ---------- ---------- -----------                       
AVG_SPACE_FREELIST_BLOCKS NUM_FREELIST_BLOCKS                                   
------------------------- -------------------                                   
DEGREE                                                                          
----------------------------------------                                        
INSTANCES                                CACHE                TABLE_LO          
---------------------------------------- -------------------- --------          
SAMPLE_SIZE LAST_ANAL PAR IOT_TYPE     T S NES BUFFER_ FLASH_C CELL_FL ROW_MOVE 
----------- --------- --- ------------ - - --- ------- ------- ------- -------- 
GLO USE DURATION        SKIP_COR MON                                            
--- --- --------------- -------- ---                                            
CLUSTER_OWNER                                                                   
--------------------------------------------------------------------------------
DEPENDEN COMPRESS COMPRESS_FOR                   DRO REA SEG RESULT_ CLU        
-------- -------- ------------------------------ --- --- --- ------- ---        
ACTIVITY_TRACKING       DML_TIMESTAMP             HAS CON INMEMORY INMEMORY     
----------------------- ------------------------- --- --- -------- --------     
INMEMORY_DISTRI INMEMORY_COMPRESS INMEMORY_DUPL                                 
--------------- ----------------- -------------                                 
DEFAULT_COLLATION                                                               
--------------------------------------------------------------------------------
D S EXT CELLMEMORY               CON CON EXT EXT INMEMORY_SER                   
- - --- ------------------------ --- --- --- --- ------------                   
INMEMORY_SERVICE_NAME                                                           
--------------------------------------------------------------------------------
CON                                                                             
---                                                                             
DISABLED DISABLED                                NO  NO  YES DEFAULT NO         

TABLE_NAME                                                                      
--------------------------------------------------------------------------------
TABLESPACE_NAME                                                                 
------------------------------                                                  
CLUSTER_NAME                                                                    
--------------------------------------------------------------------------------
IOT_NAME                                                                        
--------------------------------------------------------------------------------
STATUS     PCT_FREE   PCT_USED  INI_TRANS  MAX_TRANS INITIAL_EXTENT NEXT_EXTENT 
-------- ---------- ---------- ---------- ---------- -------------- ----------- 
MIN_EXTENTS MAX_EXTENTS PCT_INCREASE  FREELISTS FREELIST_GROUPS LOG B   NUM_ROWS
----------- ----------- ------------ ---------- --------------- --- - ----------
    BLOCKS EMPTY_BLOCKS  AVG_SPACE  CHAIN_CNT AVG_ROW_LEN                       
---------- ------------ ---------- ---------- -----------                       
AVG_SPACE_FREELIST_BLOCKS NUM_FREELIST_BLOCKS                                   
------------------------- -------------------                                   
DEGREE                                                                          
----------------------------------------                                        
INSTANCES                                CACHE                TABLE_LO          
---------------------------------------- -------------------- --------          
SAMPLE_SIZE LAST_ANAL PAR IOT_TYPE     T S NES BUFFER_ FLASH_C CELL_FL ROW_MOVE 
----------- --------- --- ------------ - - --- ------- ------- ------- -------- 
GLO USE DURATION        SKIP_COR MON                                            
--- --- --------------- -------- ---                                            
CLUSTER_OWNER                                                                   
--------------------------------------------------------------------------------
DEPENDEN COMPRESS COMPRESS_FOR                   DRO REA SEG RESULT_ CLU        
-------- -------- ------------------------------ --- --- --- ------- ---        
ACTIVITY_TRACKING       DML_TIMESTAMP             HAS CON INMEMORY INMEMORY     
----------------------- ------------------------- --- --- -------- --------     
INMEMORY_DISTRI INMEMORY_COMPRESS INMEMORY_DUPL                                 
--------------- ----------------- -------------                                 
DEFAULT_COLLATION                                                               
--------------------------------------------------------------------------------
D S EXT CELLMEMORY               CON CON EXT EXT INMEMORY_SER                   
- - --- ------------------------ --- --- --- --- ------------                   
INMEMORY_SERVICE_NAME                                                           
--------------------------------------------------------------------------------
CON                                                                             
---                                                                             
                                                  NO  NO  DISABLED              

TABLE_NAME                                                                      
--------------------------------------------------------------------------------
TABLESPACE_NAME                                                                 
------------------------------                                                  
CLUSTER_NAME                                                                    
--------------------------------------------------------------------------------
IOT_NAME                                                                        
--------------------------------------------------------------------------------
STATUS     PCT_FREE   PCT_USED  INI_TRANS  MAX_TRANS INITIAL_EXTENT NEXT_EXTENT 
-------- ---------- ---------- ---------- ---------- -------------- ----------- 
MIN_EXTENTS MAX_EXTENTS PCT_INCREASE  FREELISTS FREELIST_GROUPS LOG B   NUM_ROWS
----------- ----------- ------------ ---------- --------------- --- - ----------
    BLOCKS EMPTY_BLOCKS  AVG_SPACE  CHAIN_CNT AVG_ROW_LEN                       
---------- ------------ ---------- ---------- -----------                       
AVG_SPACE_FREELIST_BLOCKS NUM_FREELIST_BLOCKS                                   
------------------------- -------------------                                   
DEGREE                                                                          
----------------------------------------                                        
INSTANCES                                CACHE                TABLE_LO          
---------------------------------------- -------------------- --------          
SAMPLE_SIZE LAST_ANAL PAR IOT_TYPE     T S NES BUFFER_ FLASH_C CELL_FL ROW_MOVE 
----------- --------- --- ------------ - - --- ------- ------- ------- -------- 
GLO USE DURATION        SKIP_COR MON                                            
--- --- --------------- -------- ---                                            
CLUSTER_OWNER                                                                   
--------------------------------------------------------------------------------
DEPENDEN COMPRESS COMPRESS_FOR                   DRO REA SEG RESULT_ CLU        
-------- -------- ------------------------------ --- --- --- ------- ---        
ACTIVITY_TRACKING       DML_TIMESTAMP             HAS CON INMEMORY INMEMORY     
----------------------- ------------------------- --- --- -------- --------     
INMEMORY_DISTRI INMEMORY_COMPRESS INMEMORY_DUPL                                 
--------------- ----------------- -------------                                 
DEFAULT_COLLATION                                                               
--------------------------------------------------------------------------------
D S EXT CELLMEMORY               CON CON EXT EXT INMEMORY_SER                   
- - --- ------------------------ --- --- --- --- ------------                   
INMEMORY_SERVICE_NAME                                                           
--------------------------------------------------------------------------------
CON                                                                             
---                                                                             
                                                                                

TABLE_NAME                                                                      
--------------------------------------------------------------------------------
TABLESPACE_NAME                                                                 
------------------------------                                                  
CLUSTER_NAME                                                                    
--------------------------------------------------------------------------------
IOT_NAME                                                                        
--------------------------------------------------------------------------------
STATUS     PCT_FREE   PCT_USED  INI_TRANS  MAX_TRANS INITIAL_EXTENT NEXT_EXTENT 
-------- ---------- ---------- ---------- ---------- -------------- ----------- 
MIN_EXTENTS MAX_EXTENTS PCT_INCREASE  FREELISTS FREELIST_GROUPS LOG B   NUM_ROWS
----------- ----------- ------------ ---------- --------------- --- - ----------
    BLOCKS EMPTY_BLOCKS  AVG_SPACE  CHAIN_CNT AVG_ROW_LEN                       
---------- ------------ ---------- ---------- -----------                       
AVG_SPACE_FREELIST_BLOCKS NUM_FREELIST_BLOCKS                                   
------------------------- -------------------                                   
DEGREE                                                                          
----------------------------------------                                        
INSTANCES                                CACHE                TABLE_LO          
---------------------------------------- -------------------- --------          
SAMPLE_SIZE LAST_ANAL PAR IOT_TYPE     T S NES BUFFER_ FLASH_C CELL_FL ROW_MOVE 
----------- --------- --- ------------ - - --- ------- ------- ------- -------- 
GLO USE DURATION        SKIP_COR MON                                            
--- --- --------------- -------- ---                                            
CLUSTER_OWNER                                                                   
--------------------------------------------------------------------------------
DEPENDEN COMPRESS COMPRESS_FOR                   DRO REA SEG RESULT_ CLU        
-------- -------- ------------------------------ --- --- --- ------- ---        
ACTIVITY_TRACKING       DML_TIMESTAMP             HAS CON INMEMORY INMEMORY     
----------------------- ------------------------- --- --- -------- --------     
INMEMORY_DISTRI INMEMORY_COMPRESS INMEMORY_DUPL                                 
--------------- ----------------- -------------                                 
DEFAULT_COLLATION                                                               
--------------------------------------------------------------------------------
D S EXT CELLMEMORY               CON CON EXT EXT INMEMORY_SER                   
- - --- ------------------------ --- --- --- --- ------------                   
INMEMORY_SERVICE_NAME                                                           
--------------------------------------------------------------------------------
CON                                                                             
---                                                                             
USING_NLS_COMP                                                                  

TABLE_NAME                                                                      
--------------------------------------------------------------------------------
TABLESPACE_NAME                                                                 
------------------------------                                                  
CLUSTER_NAME                                                                    
--------------------------------------------------------------------------------
IOT_NAME                                                                        
--------------------------------------------------------------------------------
STATUS     PCT_FREE   PCT_USED  INI_TRANS  MAX_TRANS INITIAL_EXTENT NEXT_EXTENT 
-------- ---------- ---------- ---------- ---------- -------------- ----------- 
MIN_EXTENTS MAX_EXTENTS PCT_INCREASE  FREELISTS FREELIST_GROUPS LOG B   NUM_ROWS
----------- ----------- ------------ ---------- --------------- --- - ----------
    BLOCKS EMPTY_BLOCKS  AVG_SPACE  CHAIN_CNT AVG_ROW_LEN                       
---------- ------------ ---------- ---------- -----------                       
AVG_SPACE_FREELIST_BLOCKS NUM_FREELIST_BLOCKS                                   
------------------------- -------------------                                   
DEGREE                                                                          
----------------------------------------                                        
INSTANCES                                CACHE                TABLE_LO          
---------------------------------------- -------------------- --------          
SAMPLE_SIZE LAST_ANAL PAR IOT_TYPE     T S NES BUFFER_ FLASH_C CELL_FL ROW_MOVE 
----------- --------- --- ------------ - - --- ------- ------- ------- -------- 
GLO USE DURATION        SKIP_COR MON                                            
--- --- --------------- -------- ---                                            
CLUSTER_OWNER                                                                   
--------------------------------------------------------------------------------
DEPENDEN COMPRESS COMPRESS_FOR                   DRO REA SEG RESULT_ CLU        
-------- -------- ------------------------------ --- --- --- ------- ---        
ACTIVITY_TRACKING       DML_TIMESTAMP             HAS CON INMEMORY INMEMORY     
----------------------- ------------------------- --- --- -------- --------     
INMEMORY_DISTRI INMEMORY_COMPRESS INMEMORY_DUPL                                 
--------------- ----------------- -------------                                 
DEFAULT_COLLATION                                                               
--------------------------------------------------------------------------------
D S EXT CELLMEMORY               CON CON EXT EXT INMEMORY_SER                   
- - --- ------------------------ --- --- --- --- ------------                   
INMEMORY_SERVICE_NAME                                                           
--------------------------------------------------------------------------------
CON                                                                             
---                                                                             
N N NO                           NO  NO  NO  NO                                 

TABLE_NAME                                                                      
--------------------------------------------------------------------------------
TABLESPACE_NAME                                                                 
------------------------------                                                  
CLUSTER_NAME                                                                    
--------------------------------------------------------------------------------
IOT_NAME                                                                        
--------------------------------------------------------------------------------
STATUS     PCT_FREE   PCT_USED  INI_TRANS  MAX_TRANS INITIAL_EXTENT NEXT_EXTENT 
-------- ---------- ---------- ---------- ---------- -------------- ----------- 
MIN_EXTENTS MAX_EXTENTS PCT_INCREASE  FREELISTS FREELIST_GROUPS LOG B   NUM_ROWS
----------- ----------- ------------ ---------- --------------- --- - ----------
    BLOCKS EMPTY_BLOCKS  AVG_SPACE  CHAIN_CNT AVG_ROW_LEN                       
---------- ------------ ---------- ---------- -----------                       
AVG_SPACE_FREELIST_BLOCKS NUM_FREELIST_BLOCKS                                   
------------------------- -------------------                                   
DEGREE                                                                          
----------------------------------------                                        
INSTANCES                                CACHE                TABLE_LO          
---------------------------------------- -------------------- --------          
SAMPLE_SIZE LAST_ANAL PAR IOT_TYPE     T S NES BUFFER_ FLASH_C CELL_FL ROW_MOVE 
----------- --------- --- ------------ - - --- ------- ------- ------- -------- 
GLO USE DURATION        SKIP_COR MON                                            
--- --- --------------- -------- ---                                            
CLUSTER_OWNER                                                                   
--------------------------------------------------------------------------------
DEPENDEN COMPRESS COMPRESS_FOR                   DRO REA SEG RESULT_ CLU        
-------- -------- ------------------------------ --- --- --- ------- ---        
ACTIVITY_TRACKING       DML_TIMESTAMP             HAS CON INMEMORY INMEMORY     
----------------------- ------------------------- --- --- -------- --------     
INMEMORY_DISTRI INMEMORY_COMPRESS INMEMORY_DUPL                                 
--------------- ----------------- -------------                                 
DEFAULT_COLLATION                                                               
--------------------------------------------------------------------------------
D S EXT CELLMEMORY               CON CON EXT EXT INMEMORY_SER                   
- - --- ------------------------ --- --- --- --- ------------                   
INMEMORY_SERVICE_NAME                                                           
--------------------------------------------------------------------------------
CON                                                                             
---                                                                             
                                                                                

TABLE_NAME                                                                      
--------------------------------------------------------------------------------
TABLESPACE_NAME                                                                 
------------------------------                                                  
CLUSTER_NAME                                                                    
--------------------------------------------------------------------------------
IOT_NAME                                                                        
--------------------------------------------------------------------------------
STATUS     PCT_FREE   PCT_USED  INI_TRANS  MAX_TRANS INITIAL_EXTENT NEXT_EXTENT 
-------- ---------- ---------- ---------- ---------- -------------- ----------- 
MIN_EXTENTS MAX_EXTENTS PCT_INCREASE  FREELISTS FREELIST_GROUPS LOG B   NUM_ROWS
----------- ----------- ------------ ---------- --------------- --- - ----------
    BLOCKS EMPTY_BLOCKS  AVG_SPACE  CHAIN_CNT AVG_ROW_LEN                       
---------- ------------ ---------- ---------- -----------                       
AVG_SPACE_FREELIST_BLOCKS NUM_FREELIST_BLOCKS                                   
------------------------- -------------------                                   
DEGREE                                                                          
----------------------------------------                                        
INSTANCES                                CACHE                TABLE_LO          
---------------------------------------- -------------------- --------          
SAMPLE_SIZE LAST_ANAL PAR IOT_TYPE     T S NES BUFFER_ FLASH_C CELL_FL ROW_MOVE 
----------- --------- --- ------------ - - --- ------- ------- ------- -------- 
GLO USE DURATION        SKIP_COR MON                                            
--- --- --------------- -------- ---                                            
CLUSTER_OWNER                                                                   
--------------------------------------------------------------------------------
DEPENDEN COMPRESS COMPRESS_FOR                   DRO REA SEG RESULT_ CLU        
-------- -------- ------------------------------ --- --- --- ------- ---        
ACTIVITY_TRACKING       DML_TIMESTAMP             HAS CON INMEMORY INMEMORY     
----------------------- ------------------------- --- --- -------- --------     
INMEMORY_DISTRI INMEMORY_COMPRESS INMEMORY_DUPL                                 
--------------- ----------------- -------------                                 
DEFAULT_COLLATION                                                               
--------------------------------------------------------------------------------
D S EXT CELLMEMORY               CON CON EXT EXT INMEMORY_SER                   
- - --- ------------------------ --- --- --- --- ------------                   
INMEMORY_SERVICE_NAME                                                           
--------------------------------------------------------------------------------
CON                                                                             
---                                                                             
NO                                                                              

TABLE_NAME                                                                      
--------------------------------------------------------------------------------
TABLESPACE_NAME                                                                 
------------------------------                                                  
CLUSTER_NAME                                                                    
--------------------------------------------------------------------------------
IOT_NAME                                                                        
--------------------------------------------------------------------------------
STATUS     PCT_FREE   PCT_USED  INI_TRANS  MAX_TRANS INITIAL_EXTENT NEXT_EXTENT 
-------- ---------- ---------- ---------- ---------- -------------- ----------- 
MIN_EXTENTS MAX_EXTENTS PCT_INCREASE  FREELISTS FREELIST_GROUPS LOG B   NUM_ROWS
----------- ----------- ------------ ---------- --------------- --- - ----------
    BLOCKS EMPTY_BLOCKS  AVG_SPACE  CHAIN_CNT AVG_ROW_LEN                       
---------- ------------ ---------- ---------- -----------                       
AVG_SPACE_FREELIST_BLOCKS NUM_FREELIST_BLOCKS                                   
------------------------- -------------------                                   
DEGREE                                                                          
----------------------------------------                                        
INSTANCES                                CACHE                TABLE_LO          
---------------------------------------- -------------------- --------          
SAMPLE_SIZE LAST_ANAL PAR IOT_TYPE     T S NES BUFFER_ FLASH_C CELL_FL ROW_MOVE 
----------- --------- --- ------------ - - --- ------- ------- ------- -------- 
GLO USE DURATION        SKIP_COR MON                                            
--- --- --------------- -------- ---                                            
CLUSTER_OWNER                                                                   
--------------------------------------------------------------------------------
DEPENDEN COMPRESS COMPRESS_FOR                   DRO REA SEG RESULT_ CLU        
-------- -------- ------------------------------ --- --- --- ------- ---        
ACTIVITY_TRACKING       DML_TIMESTAMP             HAS CON INMEMORY INMEMORY     
----------------------- ------------------------- --- --- -------- --------     
INMEMORY_DISTRI INMEMORY_COMPRESS INMEMORY_DUPL                                 
--------------- ----------------- -------------                                 
DEFAULT_COLLATION                                                               
--------------------------------------------------------------------------------
D S EXT CELLMEMORY               CON CON EXT EXT INMEMORY_SER                   
- - --- ------------------------ --- --- --- --- ------------                   
INMEMORY_SERVICE_NAME                                                           
--------------------------------------------------------------------------------
CON                                                                             
---                                                                             
                                                                                

TABLE_NAME                                                                      
--------------------------------------------------------------------------------
TABLESPACE_NAME                                                                 
------------------------------                                                  
CLUSTER_NAME                                                                    
--------------------------------------------------------------------------------
IOT_NAME                                                                        
--------------------------------------------------------------------------------
STATUS     PCT_FREE   PCT_USED  INI_TRANS  MAX_TRANS INITIAL_EXTENT NEXT_EXTENT 
-------- ---------- ---------- ---------- ---------- -------------- ----------- 
MIN_EXTENTS MAX_EXTENTS PCT_INCREASE  FREELISTS FREELIST_GROUPS LOG B   NUM_ROWS
----------- ----------- ------------ ---------- --------------- --- - ----------
    BLOCKS EMPTY_BLOCKS  AVG_SPACE  CHAIN_CNT AVG_ROW_LEN                       
---------- ------------ ---------- ---------- -----------                       
AVG_SPACE_FREELIST_BLOCKS NUM_FREELIST_BLOCKS                                   
------------------------- -------------------                                   
DEGREE                                                                          
----------------------------------------                                        
INSTANCES                                CACHE                TABLE_LO          
---------------------------------------- -------------------- --------          
SAMPLE_SIZE LAST_ANAL PAR IOT_TYPE     T S NES BUFFER_ FLASH_C CELL_FL ROW_MOVE 
----------- --------- --- ------------ - - --- ------- ------- ------- -------- 
GLO USE DURATION        SKIP_COR MON                                            
--- --- --------------- -------- ---                                            
CLUSTER_OWNER                                                                   
--------------------------------------------------------------------------------
DEPENDEN COMPRESS COMPRESS_FOR                   DRO REA SEG RESULT_ CLU        
-------- -------- ------------------------------ --- --- --- ------- ---        
ACTIVITY_TRACKING       DML_TIMESTAMP             HAS CON INMEMORY INMEMORY     
----------------------- ------------------------- --- --- -------- --------     
INMEMORY_DISTRI INMEMORY_COMPRESS INMEMORY_DUPL                                 
--------------- ----------------- -------------                                 
DEFAULT_COLLATION                                                               
--------------------------------------------------------------------------------
D S EXT CELLMEMORY               CON CON EXT EXT INMEMORY_SER                   
- - --- ------------------------ --- --- --- --- ------------                   
INMEMORY_SERVICE_NAME                                                           
--------------------------------------------------------------------------------
CON                                                                             
---                                                                             
ASIGNATURA                                                                      

TABLE_NAME                                                                      
--------------------------------------------------------------------------------
TABLESPACE_NAME                                                                 
------------------------------                                                  
CLUSTER_NAME                                                                    
--------------------------------------------------------------------------------
IOT_NAME                                                                        
--------------------------------------------------------------------------------
STATUS     PCT_FREE   PCT_USED  INI_TRANS  MAX_TRANS INITIAL_EXTENT NEXT_EXTENT 
-------- ---------- ---------- ---------- ---------- -------------- ----------- 
MIN_EXTENTS MAX_EXTENTS PCT_INCREASE  FREELISTS FREELIST_GROUPS LOG B   NUM_ROWS
----------- ----------- ------------ ---------- --------------- --- - ----------
    BLOCKS EMPTY_BLOCKS  AVG_SPACE  CHAIN_CNT AVG_ROW_LEN                       
---------- ------------ ---------- ---------- -----------                       
AVG_SPACE_FREELIST_BLOCKS NUM_FREELIST_BLOCKS                                   
------------------------- -------------------                                   
DEGREE                                                                          
----------------------------------------                                        
INSTANCES                                CACHE                TABLE_LO          
---------------------------------------- -------------------- --------          
SAMPLE_SIZE LAST_ANAL PAR IOT_TYPE     T S NES BUFFER_ FLASH_C CELL_FL ROW_MOVE 
----------- --------- --- ------------ - - --- ------- ------- ------- -------- 
GLO USE DURATION        SKIP_COR MON                                            
--- --- --------------- -------- ---                                            
CLUSTER_OWNER                                                                   
--------------------------------------------------------------------------------
DEPENDEN COMPRESS COMPRESS_FOR                   DRO REA SEG RESULT_ CLU        
-------- -------- ------------------------------ --- --- --- ------- ---        
ACTIVITY_TRACKING       DML_TIMESTAMP             HAS CON INMEMORY INMEMORY     
----------------------- ------------------------- --- --- -------- --------     
INMEMORY_DISTRI INMEMORY_COMPRESS INMEMORY_DUPL                                 
--------------- ----------------- -------------                                 
DEFAULT_COLLATION                                                               
--------------------------------------------------------------------------------
D S EXT CELLMEMORY               CON CON EXT EXT INMEMORY_SER                   
- - --- ------------------------ --- --- --- --- ------------                   
INMEMORY_SERVICE_NAME                                                           
--------------------------------------------------------------------------------
CON                                                                             
---                                                                             
USERS                                                                           

TABLE_NAME                                                                      
--------------------------------------------------------------------------------
TABLESPACE_NAME                                                                 
------------------------------                                                  
CLUSTER_NAME                                                                    
--------------------------------------------------------------------------------
IOT_NAME                                                                        
--------------------------------------------------------------------------------
STATUS     PCT_FREE   PCT_USED  INI_TRANS  MAX_TRANS INITIAL_EXTENT NEXT_EXTENT 
-------- ---------- ---------- ---------- ---------- -------------- ----------- 
MIN_EXTENTS MAX_EXTENTS PCT_INCREASE  FREELISTS FREELIST_GROUPS LOG B   NUM_ROWS
----------- ----------- ------------ ---------- --------------- --- - ----------
    BLOCKS EMPTY_BLOCKS  AVG_SPACE  CHAIN_CNT AVG_ROW_LEN                       
---------- ------------ ---------- ---------- -----------                       
AVG_SPACE_FREELIST_BLOCKS NUM_FREELIST_BLOCKS                                   
------------------------- -------------------                                   
DEGREE                                                                          
----------------------------------------                                        
INSTANCES                                CACHE                TABLE_LO          
---------------------------------------- -------------------- --------          
SAMPLE_SIZE LAST_ANAL PAR IOT_TYPE     T S NES BUFFER_ FLASH_C CELL_FL ROW_MOVE 
----------- --------- --- ------------ - - --- ------- ------- ------- -------- 
GLO USE DURATION        SKIP_COR MON                                            
--- --- --------------- -------- ---                                            
CLUSTER_OWNER                                                                   
--------------------------------------------------------------------------------
DEPENDEN COMPRESS COMPRESS_FOR                   DRO REA SEG RESULT_ CLU        
-------- -------- ------------------------------ --- --- --- ------- ---        
ACTIVITY_TRACKING       DML_TIMESTAMP             HAS CON INMEMORY INMEMORY     
----------------------- ------------------------- --- --- -------- --------     
INMEMORY_DISTRI INMEMORY_COMPRESS INMEMORY_DUPL                                 
--------------- ----------------- -------------                                 
DEFAULT_COLLATION                                                               
--------------------------------------------------------------------------------
D S EXT CELLMEMORY               CON CON EXT EXT INMEMORY_SER                   
- - --- ------------------------ --- --- --- --- ------------                   
INMEMORY_SERVICE_NAME                                                           
--------------------------------------------------------------------------------
CON                                                                             
---                                                                             
                                                                                

TABLE_NAME                                                                      
--------------------------------------------------------------------------------
TABLESPACE_NAME                                                                 
------------------------------                                                  
CLUSTER_NAME                                                                    
--------------------------------------------------------------------------------
IOT_NAME                                                                        
--------------------------------------------------------------------------------
STATUS     PCT_FREE   PCT_USED  INI_TRANS  MAX_TRANS INITIAL_EXTENT NEXT_EXTENT 
-------- ---------- ---------- ---------- ---------- -------------- ----------- 
MIN_EXTENTS MAX_EXTENTS PCT_INCREASE  FREELISTS FREELIST_GROUPS LOG B   NUM_ROWS
----------- ----------- ------------ ---------- --------------- --- - ----------
    BLOCKS EMPTY_BLOCKS  AVG_SPACE  CHAIN_CNT AVG_ROW_LEN                       
---------- ------------ ---------- ---------- -----------                       
AVG_SPACE_FREELIST_BLOCKS NUM_FREELIST_BLOCKS                                   
------------------------- -------------------                                   
DEGREE                                                                          
----------------------------------------                                        
INSTANCES                                CACHE                TABLE_LO          
---------------------------------------- -------------------- --------          
SAMPLE_SIZE LAST_ANAL PAR IOT_TYPE     T S NES BUFFER_ FLASH_C CELL_FL ROW_MOVE 
----------- --------- --- ------------ - - --- ------- ------- ------- -------- 
GLO USE DURATION        SKIP_COR MON                                            
--- --- --------------- -------- ---                                            
CLUSTER_OWNER                                                                   
--------------------------------------------------------------------------------
DEPENDEN COMPRESS COMPRESS_FOR                   DRO REA SEG RESULT_ CLU        
-------- -------- ------------------------------ --- --- --- ------- ---        
ACTIVITY_TRACKING       DML_TIMESTAMP             HAS CON INMEMORY INMEMORY     
----------------------- ------------------------- --- --- -------- --------     
INMEMORY_DISTRI INMEMORY_COMPRESS INMEMORY_DUPL                                 
--------------- ----------------- -------------                                 
DEFAULT_COLLATION                                                               
--------------------------------------------------------------------------------
D S EXT CELLMEMORY               CON CON EXT EXT INMEMORY_SER                   
- - --- ------------------------ --- --- --- --- ------------                   
INMEMORY_SERVICE_NAME                                                           
--------------------------------------------------------------------------------
CON                                                                             
---                                                                             
                                                                                

TABLE_NAME                                                                      
--------------------------------------------------------------------------------
TABLESPACE_NAME                                                                 
------------------------------                                                  
CLUSTER_NAME                                                                    
--------------------------------------------------------------------------------
IOT_NAME                                                                        
--------------------------------------------------------------------------------
STATUS     PCT_FREE   PCT_USED  INI_TRANS  MAX_TRANS INITIAL_EXTENT NEXT_EXTENT 
-------- ---------- ---------- ---------- ---------- -------------- ----------- 
MIN_EXTENTS MAX_EXTENTS PCT_INCREASE  FREELISTS FREELIST_GROUPS LOG B   NUM_ROWS
----------- ----------- ------------ ---------- --------------- --- - ----------
    BLOCKS EMPTY_BLOCKS  AVG_SPACE  CHAIN_CNT AVG_ROW_LEN                       
---------- ------------ ---------- ---------- -----------                       
AVG_SPACE_FREELIST_BLOCKS NUM_FREELIST_BLOCKS                                   
------------------------- -------------------                                   
DEGREE                                                                          
----------------------------------------                                        
INSTANCES                                CACHE                TABLE_LO          
---------------------------------------- -------------------- --------          
SAMPLE_SIZE LAST_ANAL PAR IOT_TYPE     T S NES BUFFER_ FLASH_C CELL_FL ROW_MOVE 
----------- --------- --- ------------ - - --- ------- ------- ------- -------- 
GLO USE DURATION        SKIP_COR MON                                            
--- --- --------------- -------- ---                                            
CLUSTER_OWNER                                                                   
--------------------------------------------------------------------------------
DEPENDEN COMPRESS COMPRESS_FOR                   DRO REA SEG RESULT_ CLU        
-------- -------- ------------------------------ --- --- --- ------- ---        
ACTIVITY_TRACKING       DML_TIMESTAMP             HAS CON INMEMORY INMEMORY     
----------------------- ------------------------- --- --- -------- --------     
INMEMORY_DISTRI INMEMORY_COMPRESS INMEMORY_DUPL                                 
--------------- ----------------- -------------                                 
DEFAULT_COLLATION                                                               
--------------------------------------------------------------------------------
D S EXT CELLMEMORY               CON CON EXT EXT INMEMORY_SER                   
- - --- ------------------------ --- --- --- --- ------------                   
INMEMORY_SERVICE_NAME                                                           
--------------------------------------------------------------------------------
CON                                                                             
---                                                                             
VALID            10                     1        255          65536     1048576 

TABLE_NAME                                                                      
--------------------------------------------------------------------------------
TABLESPACE_NAME                                                                 
------------------------------                                                  
CLUSTER_NAME                                                                    
--------------------------------------------------------------------------------
IOT_NAME                                                                        
--------------------------------------------------------------------------------
STATUS     PCT_FREE   PCT_USED  INI_TRANS  MAX_TRANS INITIAL_EXTENT NEXT_EXTENT 
-------- ---------- ---------- ---------- ---------- -------------- ----------- 
MIN_EXTENTS MAX_EXTENTS PCT_INCREASE  FREELISTS FREELIST_GROUPS LOG B   NUM_ROWS
----------- ----------- ------------ ---------- --------------- --- - ----------
    BLOCKS EMPTY_BLOCKS  AVG_SPACE  CHAIN_CNT AVG_ROW_LEN                       
---------- ------------ ---------- ---------- -----------                       
AVG_SPACE_FREELIST_BLOCKS NUM_FREELIST_BLOCKS                                   
------------------------- -------------------                                   
DEGREE                                                                          
----------------------------------------                                        
INSTANCES                                CACHE                TABLE_LO          
---------------------------------------- -------------------- --------          
SAMPLE_SIZE LAST_ANAL PAR IOT_TYPE     T S NES BUFFER_ FLASH_C CELL_FL ROW_MOVE 
----------- --------- --- ------------ - - --- ------- ------- ------- -------- 
GLO USE DURATION        SKIP_COR MON                                            
--- --- --------------- -------- ---                                            
CLUSTER_OWNER                                                                   
--------------------------------------------------------------------------------
DEPENDEN COMPRESS COMPRESS_FOR                   DRO REA SEG RESULT_ CLU        
-------- -------- ------------------------------ --- --- --- ------- ---        
ACTIVITY_TRACKING       DML_TIMESTAMP             HAS CON INMEMORY INMEMORY     
----------------------- ------------------------- --- --- -------- --------     
INMEMORY_DISTRI INMEMORY_COMPRESS INMEMORY_DUPL                                 
--------------- ----------------- -------------                                 
DEFAULT_COLLATION                                                               
--------------------------------------------------------------------------------
D S EXT CELLMEMORY               CON CON EXT EXT INMEMORY_SER                   
- - --- ------------------------ --- --- --- --- ------------                   
INMEMORY_SERVICE_NAME                                                           
--------------------------------------------------------------------------------
CON                                                                             
---                                                                             
          1  2147483645                                         YES N         12

TABLE_NAME                                                                      
--------------------------------------------------------------------------------
TABLESPACE_NAME                                                                 
------------------------------                                                  
CLUSTER_NAME                                                                    
--------------------------------------------------------------------------------
IOT_NAME                                                                        
--------------------------------------------------------------------------------
STATUS     PCT_FREE   PCT_USED  INI_TRANS  MAX_TRANS INITIAL_EXTENT NEXT_EXTENT 
-------- ---------- ---------- ---------- ---------- -------------- ----------- 
MIN_EXTENTS MAX_EXTENTS PCT_INCREASE  FREELISTS FREELIST_GROUPS LOG B   NUM_ROWS
----------- ----------- ------------ ---------- --------------- --- - ----------
    BLOCKS EMPTY_BLOCKS  AVG_SPACE  CHAIN_CNT AVG_ROW_LEN                       
---------- ------------ ---------- ---------- -----------                       
AVG_SPACE_FREELIST_BLOCKS NUM_FREELIST_BLOCKS                                   
------------------------- -------------------                                   
DEGREE                                                                          
----------------------------------------                                        
INSTANCES                                CACHE                TABLE_LO          
---------------------------------------- -------------------- --------          
SAMPLE_SIZE LAST_ANAL PAR IOT_TYPE     T S NES BUFFER_ FLASH_C CELL_FL ROW_MOVE 
----------- --------- --- ------------ - - --- ------- ------- ------- -------- 
GLO USE DURATION        SKIP_COR MON                                            
--- --- --------------- -------- ---                                            
CLUSTER_OWNER                                                                   
--------------------------------------------------------------------------------
DEPENDEN COMPRESS COMPRESS_FOR                   DRO REA SEG RESULT_ CLU        
-------- -------- ------------------------------ --- --- --- ------- ---        
ACTIVITY_TRACKING       DML_TIMESTAMP             HAS CON INMEMORY INMEMORY     
----------------------- ------------------------- --- --- -------- --------     
INMEMORY_DISTRI INMEMORY_COMPRESS INMEMORY_DUPL                                 
--------------- ----------------- -------------                                 
DEFAULT_COLLATION                                                               
--------------------------------------------------------------------------------
D S EXT CELLMEMORY               CON CON EXT EXT INMEMORY_SER                   
- - --- ------------------------ --- --- --- --- ------------                   
INMEMORY_SERVICE_NAME                                                           
--------------------------------------------------------------------------------
CON                                                                             
---                                                                             
         5            0          0          0          39                       

TABLE_NAME                                                                      
--------------------------------------------------------------------------------
TABLESPACE_NAME                                                                 
------------------------------                                                  
CLUSTER_NAME                                                                    
--------------------------------------------------------------------------------
IOT_NAME                                                                        
--------------------------------------------------------------------------------
STATUS     PCT_FREE   PCT_USED  INI_TRANS  MAX_TRANS INITIAL_EXTENT NEXT_EXTENT 
-------- ---------- ---------- ---------- ---------- -------------- ----------- 
MIN_EXTENTS MAX_EXTENTS PCT_INCREASE  FREELISTS FREELIST_GROUPS LOG B   NUM_ROWS
----------- ----------- ------------ ---------- --------------- --- - ----------
    BLOCKS EMPTY_BLOCKS  AVG_SPACE  CHAIN_CNT AVG_ROW_LEN                       
---------- ------------ ---------- ---------- -----------                       
AVG_SPACE_FREELIST_BLOCKS NUM_FREELIST_BLOCKS                                   
------------------------- -------------------                                   
DEGREE                                                                          
----------------------------------------                                        
INSTANCES                                CACHE                TABLE_LO          
---------------------------------------- -------------------- --------          
SAMPLE_SIZE LAST_ANAL PAR IOT_TYPE     T S NES BUFFER_ FLASH_C CELL_FL ROW_MOVE 
----------- --------- --- ------------ - - --- ------- ------- ------- -------- 
GLO USE DURATION        SKIP_COR MON                                            
--- --- --------------- -------- ---                                            
CLUSTER_OWNER                                                                   
--------------------------------------------------------------------------------
DEPENDEN COMPRESS COMPRESS_FOR                   DRO REA SEG RESULT_ CLU        
-------- -------- ------------------------------ --- --- --- ------- ---        
ACTIVITY_TRACKING       DML_TIMESTAMP             HAS CON INMEMORY INMEMORY     
----------------------- ------------------------- --- --- -------- --------     
INMEMORY_DISTRI INMEMORY_COMPRESS INMEMORY_DUPL                                 
--------------- ----------------- -------------                                 
DEFAULT_COLLATION                                                               
--------------------------------------------------------------------------------
D S EXT CELLMEMORY               CON CON EXT EXT INMEMORY_SER                   
- - --- ------------------------ --- --- --- --- ------------                   
INMEMORY_SERVICE_NAME                                                           
--------------------------------------------------------------------------------
CON                                                                             
---                                                                             
                        0                   0                                   

TABLE_NAME                                                                      
--------------------------------------------------------------------------------
TABLESPACE_NAME                                                                 
------------------------------                                                  
CLUSTER_NAME                                                                    
--------------------------------------------------------------------------------
IOT_NAME                                                                        
--------------------------------------------------------------------------------
STATUS     PCT_FREE   PCT_USED  INI_TRANS  MAX_TRANS INITIAL_EXTENT NEXT_EXTENT 
-------- ---------- ---------- ---------- ---------- -------------- ----------- 
MIN_EXTENTS MAX_EXTENTS PCT_INCREASE  FREELISTS FREELIST_GROUPS LOG B   NUM_ROWS
----------- ----------- ------------ ---------- --------------- --- - ----------
    BLOCKS EMPTY_BLOCKS  AVG_SPACE  CHAIN_CNT AVG_ROW_LEN                       
---------- ------------ ---------- ---------- -----------                       
AVG_SPACE_FREELIST_BLOCKS NUM_FREELIST_BLOCKS                                   
------------------------- -------------------                                   
DEGREE                                                                          
----------------------------------------                                        
INSTANCES                                CACHE                TABLE_LO          
---------------------------------------- -------------------- --------          
SAMPLE_SIZE LAST_ANAL PAR IOT_TYPE     T S NES BUFFER_ FLASH_C CELL_FL ROW_MOVE 
----------- --------- --- ------------ - - --- ------- ------- ------- -------- 
GLO USE DURATION        SKIP_COR MON                                            
--- --- --------------- -------- ---                                            
CLUSTER_OWNER                                                                   
--------------------------------------------------------------------------------
DEPENDEN COMPRESS COMPRESS_FOR                   DRO REA SEG RESULT_ CLU        
-------- -------- ------------------------------ --- --- --- ------- ---        
ACTIVITY_TRACKING       DML_TIMESTAMP             HAS CON INMEMORY INMEMORY     
----------------------- ------------------------- --- --- -------- --------     
INMEMORY_DISTRI INMEMORY_COMPRESS INMEMORY_DUPL                                 
--------------- ----------------- -------------                                 
DEFAULT_COLLATION                                                               
--------------------------------------------------------------------------------
D S EXT CELLMEMORY               CON CON EXT EXT INMEMORY_SER                   
- - --- ------------------------ --- --- --- --- ------------                   
INMEMORY_SERVICE_NAME                                                           
--------------------------------------------------------------------------------
CON                                                                             
---                                                                             
         1                                                                      

TABLE_NAME                                                                      
--------------------------------------------------------------------------------
TABLESPACE_NAME                                                                 
------------------------------                                                  
CLUSTER_NAME                                                                    
--------------------------------------------------------------------------------
IOT_NAME                                                                        
--------------------------------------------------------------------------------
STATUS     PCT_FREE   PCT_USED  INI_TRANS  MAX_TRANS INITIAL_EXTENT NEXT_EXTENT 
-------- ---------- ---------- ---------- ---------- -------------- ----------- 
MIN_EXTENTS MAX_EXTENTS PCT_INCREASE  FREELISTS FREELIST_GROUPS LOG B   NUM_ROWS
----------- ----------- ------------ ---------- --------------- --- - ----------
    BLOCKS EMPTY_BLOCKS  AVG_SPACE  CHAIN_CNT AVG_ROW_LEN                       
---------- ------------ ---------- ---------- -----------                       
AVG_SPACE_FREELIST_BLOCKS NUM_FREELIST_BLOCKS                                   
------------------------- -------------------                                   
DEGREE                                                                          
----------------------------------------                                        
INSTANCES                                CACHE                TABLE_LO          
---------------------------------------- -------------------- --------          
SAMPLE_SIZE LAST_ANAL PAR IOT_TYPE     T S NES BUFFER_ FLASH_C CELL_FL ROW_MOVE 
----------- --------- --- ------------ - - --- ------- ------- ------- -------- 
GLO USE DURATION        SKIP_COR MON                                            
--- --- --------------- -------- ---                                            
CLUSTER_OWNER                                                                   
--------------------------------------------------------------------------------
DEPENDEN COMPRESS COMPRESS_FOR                   DRO REA SEG RESULT_ CLU        
-------- -------- ------------------------------ --- --- --- ------- ---        
ACTIVITY_TRACKING       DML_TIMESTAMP             HAS CON INMEMORY INMEMORY     
----------------------- ------------------------- --- --- -------- --------     
INMEMORY_DISTRI INMEMORY_COMPRESS INMEMORY_DUPL                                 
--------------- ----------------- -------------                                 
DEFAULT_COLLATION                                                               
--------------------------------------------------------------------------------
D S EXT CELLMEMORY               CON CON EXT EXT INMEMORY_SER                   
- - --- ------------------------ --- --- --- --- ------------                   
INMEMORY_SERVICE_NAME                                                           
--------------------------------------------------------------------------------
CON                                                                             
---                                                                             
         1                                   N                ENABLED           

TABLE_NAME                                                                      
--------------------------------------------------------------------------------
TABLESPACE_NAME                                                                 
------------------------------                                                  
CLUSTER_NAME                                                                    
--------------------------------------------------------------------------------
IOT_NAME                                                                        
--------------------------------------------------------------------------------
STATUS     PCT_FREE   PCT_USED  INI_TRANS  MAX_TRANS INITIAL_EXTENT NEXT_EXTENT 
-------- ---------- ---------- ---------- ---------- -------------- ----------- 
MIN_EXTENTS MAX_EXTENTS PCT_INCREASE  FREELISTS FREELIST_GROUPS LOG B   NUM_ROWS
----------- ----------- ------------ ---------- --------------- --- - ----------
    BLOCKS EMPTY_BLOCKS  AVG_SPACE  CHAIN_CNT AVG_ROW_LEN                       
---------- ------------ ---------- ---------- -----------                       
AVG_SPACE_FREELIST_BLOCKS NUM_FREELIST_BLOCKS                                   
------------------------- -------------------                                   
DEGREE                                                                          
----------------------------------------                                        
INSTANCES                                CACHE                TABLE_LO          
---------------------------------------- -------------------- --------          
SAMPLE_SIZE LAST_ANAL PAR IOT_TYPE     T S NES BUFFER_ FLASH_C CELL_FL ROW_MOVE 
----------- --------- --- ------------ - - --- ------- ------- ------- -------- 
GLO USE DURATION        SKIP_COR MON                                            
--- --- --------------- -------- ---                                            
CLUSTER_OWNER                                                                   
--------------------------------------------------------------------------------
DEPENDEN COMPRESS COMPRESS_FOR                   DRO REA SEG RESULT_ CLU        
-------- -------- ------------------------------ --- --- --- ------- ---        
ACTIVITY_TRACKING       DML_TIMESTAMP             HAS CON INMEMORY INMEMORY     
----------------------- ------------------------- --- --- -------- --------     
INMEMORY_DISTRI INMEMORY_COMPRESS INMEMORY_DUPL                                 
--------------- ----------------- -------------                                 
DEFAULT_COLLATION                                                               
--------------------------------------------------------------------------------
D S EXT CELLMEMORY               CON CON EXT EXT INMEMORY_SER                   
- - --- ------------------------ --- --- --- --- ------------                   
INMEMORY_SERVICE_NAME                                                           
--------------------------------------------------------------------------------
CON                                                                             
---                                                                             
         12 19-NOV-19 NO               N N NO  DEFAULT DEFAULT DEFAULT DISABLED 

TABLE_NAME                                                                      
--------------------------------------------------------------------------------
TABLESPACE_NAME                                                                 
------------------------------                                                  
CLUSTER_NAME                                                                    
--------------------------------------------------------------------------------
IOT_NAME                                                                        
--------------------------------------------------------------------------------
STATUS     PCT_FREE   PCT_USED  INI_TRANS  MAX_TRANS INITIAL_EXTENT NEXT_EXTENT 
-------- ---------- ---------- ---------- ---------- -------------- ----------- 
MIN_EXTENTS MAX_EXTENTS PCT_INCREASE  FREELISTS FREELIST_GROUPS LOG B   NUM_ROWS
----------- ----------- ------------ ---------- --------------- --- - ----------
    BLOCKS EMPTY_BLOCKS  AVG_SPACE  CHAIN_CNT AVG_ROW_LEN                       
---------- ------------ ---------- ---------- -----------                       
AVG_SPACE_FREELIST_BLOCKS NUM_FREELIST_BLOCKS                                   
------------------------- -------------------                                   
DEGREE                                                                          
----------------------------------------                                        
INSTANCES                                CACHE                TABLE_LO          
---------------------------------------- -------------------- --------          
SAMPLE_SIZE LAST_ANAL PAR IOT_TYPE     T S NES BUFFER_ FLASH_C CELL_FL ROW_MOVE 
----------- --------- --- ------------ - - --- ------- ------- ------- -------- 
GLO USE DURATION        SKIP_COR MON                                            
--- --- --------------- -------- ---                                            
CLUSTER_OWNER                                                                   
--------------------------------------------------------------------------------
DEPENDEN COMPRESS COMPRESS_FOR                   DRO REA SEG RESULT_ CLU        
-------- -------- ------------------------------ --- --- --- ------- ---        
ACTIVITY_TRACKING       DML_TIMESTAMP             HAS CON INMEMORY INMEMORY     
----------------------- ------------------------- --- --- -------- --------     
INMEMORY_DISTRI INMEMORY_COMPRESS INMEMORY_DUPL                                 
--------------- ----------------- -------------                                 
DEFAULT_COLLATION                                                               
--------------------------------------------------------------------------------
D S EXT CELLMEMORY               CON CON EXT EXT INMEMORY_SER                   
- - --- ------------------------ --- --- --- --- ------------                   
INMEMORY_SERVICE_NAME                                                           
--------------------------------------------------------------------------------
CON                                                                             
---                                                                             
YES NO                  DISABLED YES                                            

TABLE_NAME                                                                      
--------------------------------------------------------------------------------
TABLESPACE_NAME                                                                 
------------------------------                                                  
CLUSTER_NAME                                                                    
--------------------------------------------------------------------------------
IOT_NAME                                                                        
--------------------------------------------------------------------------------
STATUS     PCT_FREE   PCT_USED  INI_TRANS  MAX_TRANS INITIAL_EXTENT NEXT_EXTENT 
-------- ---------- ---------- ---------- ---------- -------------- ----------- 
MIN_EXTENTS MAX_EXTENTS PCT_INCREASE  FREELISTS FREELIST_GROUPS LOG B   NUM_ROWS
----------- ----------- ------------ ---------- --------------- --- - ----------
    BLOCKS EMPTY_BLOCKS  AVG_SPACE  CHAIN_CNT AVG_ROW_LEN                       
---------- ------------ ---------- ---------- -----------                       
AVG_SPACE_FREELIST_BLOCKS NUM_FREELIST_BLOCKS                                   
------------------------- -------------------                                   
DEGREE                                                                          
----------------------------------------                                        
INSTANCES                                CACHE                TABLE_LO          
---------------------------------------- -------------------- --------          
SAMPLE_SIZE LAST_ANAL PAR IOT_TYPE     T S NES BUFFER_ FLASH_C CELL_FL ROW_MOVE 
----------- --------- --- ------------ - - --- ------- ------- ------- -------- 
GLO USE DURATION        SKIP_COR MON                                            
--- --- --------------- -------- ---                                            
CLUSTER_OWNER                                                                   
--------------------------------------------------------------------------------
DEPENDEN COMPRESS COMPRESS_FOR                   DRO REA SEG RESULT_ CLU        
-------- -------- ------------------------------ --- --- --- ------- ---        
ACTIVITY_TRACKING       DML_TIMESTAMP             HAS CON INMEMORY INMEMORY     
----------------------- ------------------------- --- --- -------- --------     
INMEMORY_DISTRI INMEMORY_COMPRESS INMEMORY_DUPL                                 
--------------- ----------------- -------------                                 
DEFAULT_COLLATION                                                               
--------------------------------------------------------------------------------
D S EXT CELLMEMORY               CON CON EXT EXT INMEMORY_SER                   
- - --- ------------------------ --- --- --- --- ------------                   
INMEMORY_SERVICE_NAME                                                           
--------------------------------------------------------------------------------
CON                                                                             
---                                                                             
                                                                                

TABLE_NAME                                                                      
--------------------------------------------------------------------------------
TABLESPACE_NAME                                                                 
------------------------------                                                  
CLUSTER_NAME                                                                    
--------------------------------------------------------------------------------
IOT_NAME                                                                        
--------------------------------------------------------------------------------
STATUS     PCT_FREE   PCT_USED  INI_TRANS  MAX_TRANS INITIAL_EXTENT NEXT_EXTENT 
-------- ---------- ---------- ---------- ---------- -------------- ----------- 
MIN_EXTENTS MAX_EXTENTS PCT_INCREASE  FREELISTS FREELIST_GROUPS LOG B   NUM_ROWS
----------- ----------- ------------ ---------- --------------- --- - ----------
    BLOCKS EMPTY_BLOCKS  AVG_SPACE  CHAIN_CNT AVG_ROW_LEN                       
---------- ------------ ---------- ---------- -----------                       
AVG_SPACE_FREELIST_BLOCKS NUM_FREELIST_BLOCKS                                   
------------------------- -------------------                                   
DEGREE                                                                          
----------------------------------------                                        
INSTANCES                                CACHE                TABLE_LO          
---------------------------------------- -------------------- --------          
SAMPLE_SIZE LAST_ANAL PAR IOT_TYPE     T S NES BUFFER_ FLASH_C CELL_FL ROW_MOVE 
----------- --------- --- ------------ - - --- ------- ------- ------- -------- 
GLO USE DURATION        SKIP_COR MON                                            
--- --- --------------- -------- ---                                            
CLUSTER_OWNER                                                                   
--------------------------------------------------------------------------------
DEPENDEN COMPRESS COMPRESS_FOR                   DRO REA SEG RESULT_ CLU        
-------- -------- ------------------------------ --- --- --- ------- ---        
ACTIVITY_TRACKING       DML_TIMESTAMP             HAS CON INMEMORY INMEMORY     
----------------------- ------------------------- --- --- -------- --------     
INMEMORY_DISTRI INMEMORY_COMPRESS INMEMORY_DUPL                                 
--------------- ----------------- -------------                                 
DEFAULT_COLLATION                                                               
--------------------------------------------------------------------------------
D S EXT CELLMEMORY               CON CON EXT EXT INMEMORY_SER                   
- - --- ------------------------ --- --- --- --- ------------                   
INMEMORY_SERVICE_NAME                                                           
--------------------------------------------------------------------------------
CON                                                                             
---                                                                             
DISABLED DISABLED                                NO  NO  YES DEFAULT NO         

TABLE_NAME                                                                      
--------------------------------------------------------------------------------
TABLESPACE_NAME                                                                 
------------------------------                                                  
CLUSTER_NAME                                                                    
--------------------------------------------------------------------------------
IOT_NAME                                                                        
--------------------------------------------------------------------------------
STATUS     PCT_FREE   PCT_USED  INI_TRANS  MAX_TRANS INITIAL_EXTENT NEXT_EXTENT 
-------- ---------- ---------- ---------- ---------- -------------- ----------- 
MIN_EXTENTS MAX_EXTENTS PCT_INCREASE  FREELISTS FREELIST_GROUPS LOG B   NUM_ROWS
----------- ----------- ------------ ---------- --------------- --- - ----------
    BLOCKS EMPTY_BLOCKS  AVG_SPACE  CHAIN_CNT AVG_ROW_LEN                       
---------- ------------ ---------- ---------- -----------                       
AVG_SPACE_FREELIST_BLOCKS NUM_FREELIST_BLOCKS                                   
------------------------- -------------------                                   
DEGREE                                                                          
----------------------------------------                                        
INSTANCES                                CACHE                TABLE_LO          
---------------------------------------- -------------------- --------          
SAMPLE_SIZE LAST_ANAL PAR IOT_TYPE     T S NES BUFFER_ FLASH_C CELL_FL ROW_MOVE 
----------- --------- --- ------------ - - --- ------- ------- ------- -------- 
GLO USE DURATION        SKIP_COR MON                                            
--- --- --------------- -------- ---                                            
CLUSTER_OWNER                                                                   
--------------------------------------------------------------------------------
DEPENDEN COMPRESS COMPRESS_FOR                   DRO REA SEG RESULT_ CLU        
-------- -------- ------------------------------ --- --- --- ------- ---        
ACTIVITY_TRACKING       DML_TIMESTAMP             HAS CON INMEMORY INMEMORY     
----------------------- ------------------------- --- --- -------- --------     
INMEMORY_DISTRI INMEMORY_COMPRESS INMEMORY_DUPL                                 
--------------- ----------------- -------------                                 
DEFAULT_COLLATION                                                               
--------------------------------------------------------------------------------
D S EXT CELLMEMORY               CON CON EXT EXT INMEMORY_SER                   
- - --- ------------------------ --- --- --- --- ------------                   
INMEMORY_SERVICE_NAME                                                           
--------------------------------------------------------------------------------
CON                                                                             
---                                                                             
                                                  NO  NO  DISABLED              

TABLE_NAME                                                                      
--------------------------------------------------------------------------------
TABLESPACE_NAME                                                                 
------------------------------                                                  
CLUSTER_NAME                                                                    
--------------------------------------------------------------------------------
IOT_NAME                                                                        
--------------------------------------------------------------------------------
STATUS     PCT_FREE   PCT_USED  INI_TRANS  MAX_TRANS INITIAL_EXTENT NEXT_EXTENT 
-------- ---------- ---------- ---------- ---------- -------------- ----------- 
MIN_EXTENTS MAX_EXTENTS PCT_INCREASE  FREELISTS FREELIST_GROUPS LOG B   NUM_ROWS
----------- ----------- ------------ ---------- --------------- --- - ----------
    BLOCKS EMPTY_BLOCKS  AVG_SPACE  CHAIN_CNT AVG_ROW_LEN                       
---------- ------------ ---------- ---------- -----------                       
AVG_SPACE_FREELIST_BLOCKS NUM_FREELIST_BLOCKS                                   
------------------------- -------------------                                   
DEGREE                                                                          
----------------------------------------                                        
INSTANCES                                CACHE                TABLE_LO          
---------------------------------------- -------------------- --------          
SAMPLE_SIZE LAST_ANAL PAR IOT_TYPE     T S NES BUFFER_ FLASH_C CELL_FL ROW_MOVE 
----------- --------- --- ------------ - - --- ------- ------- ------- -------- 
GLO USE DURATION        SKIP_COR MON                                            
--- --- --------------- -------- ---                                            
CLUSTER_OWNER                                                                   
--------------------------------------------------------------------------------
DEPENDEN COMPRESS COMPRESS_FOR                   DRO REA SEG RESULT_ CLU        
-------- -------- ------------------------------ --- --- --- ------- ---        
ACTIVITY_TRACKING       DML_TIMESTAMP             HAS CON INMEMORY INMEMORY     
----------------------- ------------------------- --- --- -------- --------     
INMEMORY_DISTRI INMEMORY_COMPRESS INMEMORY_DUPL                                 
--------------- ----------------- -------------                                 
DEFAULT_COLLATION                                                               
--------------------------------------------------------------------------------
D S EXT CELLMEMORY               CON CON EXT EXT INMEMORY_SER                   
- - --- ------------------------ --- --- --- --- ------------                   
INMEMORY_SERVICE_NAME                                                           
--------------------------------------------------------------------------------
CON                                                                             
---                                                                             
                                                                                

TABLE_NAME                                                                      
--------------------------------------------------------------------------------
TABLESPACE_NAME                                                                 
------------------------------                                                  
CLUSTER_NAME                                                                    
--------------------------------------------------------------------------------
IOT_NAME                                                                        
--------------------------------------------------------------------------------
STATUS     PCT_FREE   PCT_USED  INI_TRANS  MAX_TRANS INITIAL_EXTENT NEXT_EXTENT 
-------- ---------- ---------- ---------- ---------- -------------- ----------- 
MIN_EXTENTS MAX_EXTENTS PCT_INCREASE  FREELISTS FREELIST_GROUPS LOG B   NUM_ROWS
----------- ----------- ------------ ---------- --------------- --- - ----------
    BLOCKS EMPTY_BLOCKS  AVG_SPACE  CHAIN_CNT AVG_ROW_LEN                       
---------- ------------ ---------- ---------- -----------                       
AVG_SPACE_FREELIST_BLOCKS NUM_FREELIST_BLOCKS                                   
------------------------- -------------------                                   
DEGREE                                                                          
----------------------------------------                                        
INSTANCES                                CACHE                TABLE_LO          
---------------------------------------- -------------------- --------          
SAMPLE_SIZE LAST_ANAL PAR IOT_TYPE     T S NES BUFFER_ FLASH_C CELL_FL ROW_MOVE 
----------- --------- --- ------------ - - --- ------- ------- ------- -------- 
GLO USE DURATION        SKIP_COR MON                                            
--- --- --------------- -------- ---                                            
CLUSTER_OWNER                                                                   
--------------------------------------------------------------------------------
DEPENDEN COMPRESS COMPRESS_FOR                   DRO REA SEG RESULT_ CLU        
-------- -------- ------------------------------ --- --- --- ------- ---        
ACTIVITY_TRACKING       DML_TIMESTAMP             HAS CON INMEMORY INMEMORY     
----------------------- ------------------------- --- --- -------- --------     
INMEMORY_DISTRI INMEMORY_COMPRESS INMEMORY_DUPL                                 
--------------- ----------------- -------------                                 
DEFAULT_COLLATION                                                               
--------------------------------------------------------------------------------
D S EXT CELLMEMORY               CON CON EXT EXT INMEMORY_SER                   
- - --- ------------------------ --- --- --- --- ------------                   
INMEMORY_SERVICE_NAME                                                           
--------------------------------------------------------------------------------
CON                                                                             
---                                                                             
USING_NLS_COMP                                                                  

TABLE_NAME                                                                      
--------------------------------------------------------------------------------
TABLESPACE_NAME                                                                 
------------------------------                                                  
CLUSTER_NAME                                                                    
--------------------------------------------------------------------------------
IOT_NAME                                                                        
--------------------------------------------------------------------------------
STATUS     PCT_FREE   PCT_USED  INI_TRANS  MAX_TRANS INITIAL_EXTENT NEXT_EXTENT 
-------- ---------- ---------- ---------- ---------- -------------- ----------- 
MIN_EXTENTS MAX_EXTENTS PCT_INCREASE  FREELISTS FREELIST_GROUPS LOG B   NUM_ROWS
----------- ----------- ------------ ---------- --------------- --- - ----------
    BLOCKS EMPTY_BLOCKS  AVG_SPACE  CHAIN_CNT AVG_ROW_LEN                       
---------- ------------ ---------- ---------- -----------                       
AVG_SPACE_FREELIST_BLOCKS NUM_FREELIST_BLOCKS                                   
------------------------- -------------------                                   
DEGREE                                                                          
----------------------------------------                                        
INSTANCES                                CACHE                TABLE_LO          
---------------------------------------- -------------------- --------          
SAMPLE_SIZE LAST_ANAL PAR IOT_TYPE     T S NES BUFFER_ FLASH_C CELL_FL ROW_MOVE 
----------- --------- --- ------------ - - --- ------- ------- ------- -------- 
GLO USE DURATION        SKIP_COR MON                                            
--- --- --------------- -------- ---                                            
CLUSTER_OWNER                                                                   
--------------------------------------------------------------------------------
DEPENDEN COMPRESS COMPRESS_FOR                   DRO REA SEG RESULT_ CLU        
-------- -------- ------------------------------ --- --- --- ------- ---        
ACTIVITY_TRACKING       DML_TIMESTAMP             HAS CON INMEMORY INMEMORY     
----------------------- ------------------------- --- --- -------- --------     
INMEMORY_DISTRI INMEMORY_COMPRESS INMEMORY_DUPL                                 
--------------- ----------------- -------------                                 
DEFAULT_COLLATION                                                               
--------------------------------------------------------------------------------
D S EXT CELLMEMORY               CON CON EXT EXT INMEMORY_SER                   
- - --- ------------------------ --- --- --- --- ------------                   
INMEMORY_SERVICE_NAME                                                           
--------------------------------------------------------------------------------
CON                                                                             
---                                                                             
N N NO                           NO  NO  NO  NO                                 

TABLE_NAME                                                                      
--------------------------------------------------------------------------------
TABLESPACE_NAME                                                                 
------------------------------                                                  
CLUSTER_NAME                                                                    
--------------------------------------------------------------------------------
IOT_NAME                                                                        
--------------------------------------------------------------------------------
STATUS     PCT_FREE   PCT_USED  INI_TRANS  MAX_TRANS INITIAL_EXTENT NEXT_EXTENT 
-------- ---------- ---------- ---------- ---------- -------------- ----------- 
MIN_EXTENTS MAX_EXTENTS PCT_INCREASE  FREELISTS FREELIST_GROUPS LOG B   NUM_ROWS
----------- ----------- ------------ ---------- --------------- --- - ----------
    BLOCKS EMPTY_BLOCKS  AVG_SPACE  CHAIN_CNT AVG_ROW_LEN                       
---------- ------------ ---------- ---------- -----------                       
AVG_SPACE_FREELIST_BLOCKS NUM_FREELIST_BLOCKS                                   
------------------------- -------------------                                   
DEGREE                                                                          
----------------------------------------                                        
INSTANCES                                CACHE                TABLE_LO          
---------------------------------------- -------------------- --------          
SAMPLE_SIZE LAST_ANAL PAR IOT_TYPE     T S NES BUFFER_ FLASH_C CELL_FL ROW_MOVE 
----------- --------- --- ------------ - - --- ------- ------- ------- -------- 
GLO USE DURATION        SKIP_COR MON                                            
--- --- --------------- -------- ---                                            
CLUSTER_OWNER                                                                   
--------------------------------------------------------------------------------
DEPENDEN COMPRESS COMPRESS_FOR                   DRO REA SEG RESULT_ CLU        
-------- -------- ------------------------------ --- --- --- ------- ---        
ACTIVITY_TRACKING       DML_TIMESTAMP             HAS CON INMEMORY INMEMORY     
----------------------- ------------------------- --- --- -------- --------     
INMEMORY_DISTRI INMEMORY_COMPRESS INMEMORY_DUPL                                 
--------------- ----------------- -------------                                 
DEFAULT_COLLATION                                                               
--------------------------------------------------------------------------------
D S EXT CELLMEMORY               CON CON EXT EXT INMEMORY_SER                   
- - --- ------------------------ --- --- --- --- ------------                   
INMEMORY_SERVICE_NAME                                                           
--------------------------------------------------------------------------------
CON                                                                             
---                                                                             
                                                                                

TABLE_NAME                                                                      
--------------------------------------------------------------------------------
TABLESPACE_NAME                                                                 
------------------------------                                                  
CLUSTER_NAME                                                                    
--------------------------------------------------------------------------------
IOT_NAME                                                                        
--------------------------------------------------------------------------------
STATUS     PCT_FREE   PCT_USED  INI_TRANS  MAX_TRANS INITIAL_EXTENT NEXT_EXTENT 
-------- ---------- ---------- ---------- ---------- -------------- ----------- 
MIN_EXTENTS MAX_EXTENTS PCT_INCREASE  FREELISTS FREELIST_GROUPS LOG B   NUM_ROWS
----------- ----------- ------------ ---------- --------------- --- - ----------
    BLOCKS EMPTY_BLOCKS  AVG_SPACE  CHAIN_CNT AVG_ROW_LEN                       
---------- ------------ ---------- ---------- -----------                       
AVG_SPACE_FREELIST_BLOCKS NUM_FREELIST_BLOCKS                                   
------------------------- -------------------                                   
DEGREE                                                                          
----------------------------------------                                        
INSTANCES                                CACHE                TABLE_LO          
---------------------------------------- -------------------- --------          
SAMPLE_SIZE LAST_ANAL PAR IOT_TYPE     T S NES BUFFER_ FLASH_C CELL_FL ROW_MOVE 
----------- --------- --- ------------ - - --- ------- ------- ------- -------- 
GLO USE DURATION        SKIP_COR MON                                            
--- --- --------------- -------- ---                                            
CLUSTER_OWNER                                                                   
--------------------------------------------------------------------------------
DEPENDEN COMPRESS COMPRESS_FOR                   DRO REA SEG RESULT_ CLU        
-------- -------- ------------------------------ --- --- --- ------- ---        
ACTIVITY_TRACKING       DML_TIMESTAMP             HAS CON INMEMORY INMEMORY     
----------------------- ------------------------- --- --- -------- --------     
INMEMORY_DISTRI INMEMORY_COMPRESS INMEMORY_DUPL                                 
--------------- ----------------- -------------                                 
DEFAULT_COLLATION                                                               
--------------------------------------------------------------------------------
D S EXT CELLMEMORY               CON CON EXT EXT INMEMORY_SER                   
- - --- ------------------------ --- --- --- --- ------------                   
INMEMORY_SERVICE_NAME                                                           
--------------------------------------------------------------------------------
CON                                                                             
---                                                                             
NO                                                                              

TABLE_NAME                                                                      
--------------------------------------------------------------------------------
TABLESPACE_NAME                                                                 
------------------------------                                                  
CLUSTER_NAME                                                                    
--------------------------------------------------------------------------------
IOT_NAME                                                                        
--------------------------------------------------------------------------------
STATUS     PCT_FREE   PCT_USED  INI_TRANS  MAX_TRANS INITIAL_EXTENT NEXT_EXTENT 
-------- ---------- ---------- ---------- ---------- -------------- ----------- 
MIN_EXTENTS MAX_EXTENTS PCT_INCREASE  FREELISTS FREELIST_GROUPS LOG B   NUM_ROWS
----------- ----------- ------------ ---------- --------------- --- - ----------
    BLOCKS EMPTY_BLOCKS  AVG_SPACE  CHAIN_CNT AVG_ROW_LEN                       
---------- ------------ ---------- ---------- -----------                       
AVG_SPACE_FREELIST_BLOCKS NUM_FREELIST_BLOCKS                                   
------------------------- -------------------                                   
DEGREE                                                                          
----------------------------------------                                        
INSTANCES                                CACHE                TABLE_LO          
---------------------------------------- -------------------- --------          
SAMPLE_SIZE LAST_ANAL PAR IOT_TYPE     T S NES BUFFER_ FLASH_C CELL_FL ROW_MOVE 
----------- --------- --- ------------ - - --- ------- ------- ------- -------- 
GLO USE DURATION        SKIP_COR MON                                            
--- --- --------------- -------- ---                                            
CLUSTER_OWNER                                                                   
--------------------------------------------------------------------------------
DEPENDEN COMPRESS COMPRESS_FOR                   DRO REA SEG RESULT_ CLU        
-------- -------- ------------------------------ --- --- --- ------- ---        
ACTIVITY_TRACKING       DML_TIMESTAMP             HAS CON INMEMORY INMEMORY     
----------------------- ------------------------- --- --- -------- --------     
INMEMORY_DISTRI INMEMORY_COMPRESS INMEMORY_DUPL                                 
--------------- ----------------- -------------                                 
DEFAULT_COLLATION                                                               
--------------------------------------------------------------------------------
D S EXT CELLMEMORY               CON CON EXT EXT INMEMORY_SER                   
- - --- ------------------------ --- --- --- --- ------------                   
INMEMORY_SERVICE_NAME                                                           
--------------------------------------------------------------------------------
CON                                                                             
---                                                                             
                                                                                

TABLE_NAME                                                                      
--------------------------------------------------------------------------------
TABLESPACE_NAME                                                                 
------------------------------                                                  
CLUSTER_NAME                                                                    
--------------------------------------------------------------------------------
IOT_NAME                                                                        
--------------------------------------------------------------------------------
STATUS     PCT_FREE   PCT_USED  INI_TRANS  MAX_TRANS INITIAL_EXTENT NEXT_EXTENT 
-------- ---------- ---------- ---------- ---------- -------------- ----------- 
MIN_EXTENTS MAX_EXTENTS PCT_INCREASE  FREELISTS FREELIST_GROUPS LOG B   NUM_ROWS
----------- ----------- ------------ ---------- --------------- --- - ----------
    BLOCKS EMPTY_BLOCKS  AVG_SPACE  CHAIN_CNT AVG_ROW_LEN                       
---------- ------------ ---------- ---------- -----------                       
AVG_SPACE_FREELIST_BLOCKS NUM_FREELIST_BLOCKS                                   
------------------------- -------------------                                   
DEGREE                                                                          
----------------------------------------                                        
INSTANCES                                CACHE                TABLE_LO          
---------------------------------------- -------------------- --------          
SAMPLE_SIZE LAST_ANAL PAR IOT_TYPE     T S NES BUFFER_ FLASH_C CELL_FL ROW_MOVE 
----------- --------- --- ------------ - - --- ------- ------- ------- -------- 
GLO USE DURATION        SKIP_COR MON                                            
--- --- --------------- -------- ---                                            
CLUSTER_OWNER                                                                   
--------------------------------------------------------------------------------
DEPENDEN COMPRESS COMPRESS_FOR                   DRO REA SEG RESULT_ CLU        
-------- -------- ------------------------------ --- --- --- ------- ---        
ACTIVITY_TRACKING       DML_TIMESTAMP             HAS CON INMEMORY INMEMORY     
----------------------- ------------------------- --- --- -------- --------     
INMEMORY_DISTRI INMEMORY_COMPRESS INMEMORY_DUPL                                 
--------------- ----------------- -------------                                 
DEFAULT_COLLATION                                                               
--------------------------------------------------------------------------------
D S EXT CELLMEMORY               CON CON EXT EXT INMEMORY_SER                   
- - --- ------------------------ --- --- --- --- ------------                   
INMEMORY_SERVICE_NAME                                                           
--------------------------------------------------------------------------------
CON                                                                             
---                                                                             
DEPARTAMENTO                                                                    

TABLE_NAME                                                                      
--------------------------------------------------------------------------------
TABLESPACE_NAME                                                                 
------------------------------                                                  
CLUSTER_NAME                                                                    
--------------------------------------------------------------------------------
IOT_NAME                                                                        
--------------------------------------------------------------------------------
STATUS     PCT_FREE   PCT_USED  INI_TRANS  MAX_TRANS INITIAL_EXTENT NEXT_EXTENT 
-------- ---------- ---------- ---------- ---------- -------------- ----------- 
MIN_EXTENTS MAX_EXTENTS PCT_INCREASE  FREELISTS FREELIST_GROUPS LOG B   NUM_ROWS
----------- ----------- ------------ ---------- --------------- --- - ----------
    BLOCKS EMPTY_BLOCKS  AVG_SPACE  CHAIN_CNT AVG_ROW_LEN                       
---------- ------------ ---------- ---------- -----------                       
AVG_SPACE_FREELIST_BLOCKS NUM_FREELIST_BLOCKS                                   
------------------------- -------------------                                   
DEGREE                                                                          
----------------------------------------                                        
INSTANCES                                CACHE                TABLE_LO          
---------------------------------------- -------------------- --------          
SAMPLE_SIZE LAST_ANAL PAR IOT_TYPE     T S NES BUFFER_ FLASH_C CELL_FL ROW_MOVE 
----------- --------- --- ------------ - - --- ------- ------- ------- -------- 
GLO USE DURATION        SKIP_COR MON                                            
--- --- --------------- -------- ---                                            
CLUSTER_OWNER                                                                   
--------------------------------------------------------------------------------
DEPENDEN COMPRESS COMPRESS_FOR                   DRO REA SEG RESULT_ CLU        
-------- -------- ------------------------------ --- --- --- ------- ---        
ACTIVITY_TRACKING       DML_TIMESTAMP             HAS CON INMEMORY INMEMORY     
----------------------- ------------------------- --- --- -------- --------     
INMEMORY_DISTRI INMEMORY_COMPRESS INMEMORY_DUPL                                 
--------------- ----------------- -------------                                 
DEFAULT_COLLATION                                                               
--------------------------------------------------------------------------------
D S EXT CELLMEMORY               CON CON EXT EXT INMEMORY_SER                   
- - --- ------------------------ --- --- --- --- ------------                   
INMEMORY_SERVICE_NAME                                                           
--------------------------------------------------------------------------------
CON                                                                             
---                                                                             
USERS                                                                           

TABLE_NAME                                                                      
--------------------------------------------------------------------------------
TABLESPACE_NAME                                                                 
------------------------------                                                  
CLUSTER_NAME                                                                    
--------------------------------------------------------------------------------
IOT_NAME                                                                        
--------------------------------------------------------------------------------
STATUS     PCT_FREE   PCT_USED  INI_TRANS  MAX_TRANS INITIAL_EXTENT NEXT_EXTENT 
-------- ---------- ---------- ---------- ---------- -------------- ----------- 
MIN_EXTENTS MAX_EXTENTS PCT_INCREASE  FREELISTS FREELIST_GROUPS LOG B   NUM_ROWS
----------- ----------- ------------ ---------- --------------- --- - ----------
    BLOCKS EMPTY_BLOCKS  AVG_SPACE  CHAIN_CNT AVG_ROW_LEN                       
---------- ------------ ---------- ---------- -----------                       
AVG_SPACE_FREELIST_BLOCKS NUM_FREELIST_BLOCKS                                   
------------------------- -------------------                                   
DEGREE                                                                          
----------------------------------------                                        
INSTANCES                                CACHE                TABLE_LO          
---------------------------------------- -------------------- --------          
SAMPLE_SIZE LAST_ANAL PAR IOT_TYPE     T S NES BUFFER_ FLASH_C CELL_FL ROW_MOVE 
----------- --------- --- ------------ - - --- ------- ------- ------- -------- 
GLO USE DURATION        SKIP_COR MON                                            
--- --- --------------- -------- ---                                            
CLUSTER_OWNER                                                                   
--------------------------------------------------------------------------------
DEPENDEN COMPRESS COMPRESS_FOR                   DRO REA SEG RESULT_ CLU        
-------- -------- ------------------------------ --- --- --- ------- ---        
ACTIVITY_TRACKING       DML_TIMESTAMP             HAS CON INMEMORY INMEMORY     
----------------------- ------------------------- --- --- -------- --------     
INMEMORY_DISTRI INMEMORY_COMPRESS INMEMORY_DUPL                                 
--------------- ----------------- -------------                                 
DEFAULT_COLLATION                                                               
--------------------------------------------------------------------------------
D S EXT CELLMEMORY               CON CON EXT EXT INMEMORY_SER                   
- - --- ------------------------ --- --- --- --- ------------                   
INMEMORY_SERVICE_NAME                                                           
--------------------------------------------------------------------------------
CON                                                                             
---                                                                             
                                                                                

TABLE_NAME                                                                      
--------------------------------------------------------------------------------
TABLESPACE_NAME                                                                 
------------------------------                                                  
CLUSTER_NAME                                                                    
--------------------------------------------------------------------------------
IOT_NAME                                                                        
--------------------------------------------------------------------------------
STATUS     PCT_FREE   PCT_USED  INI_TRANS  MAX_TRANS INITIAL_EXTENT NEXT_EXTENT 
-------- ---------- ---------- ---------- ---------- -------------- ----------- 
MIN_EXTENTS MAX_EXTENTS PCT_INCREASE  FREELISTS FREELIST_GROUPS LOG B   NUM_ROWS
----------- ----------- ------------ ---------- --------------- --- - ----------
    BLOCKS EMPTY_BLOCKS  AVG_SPACE  CHAIN_CNT AVG_ROW_LEN                       
---------- ------------ ---------- ---------- -----------                       
AVG_SPACE_FREELIST_BLOCKS NUM_FREELIST_BLOCKS                                   
------------------------- -------------------                                   
DEGREE                                                                          
----------------------------------------                                        
INSTANCES                                CACHE                TABLE_LO          
---------------------------------------- -------------------- --------          
SAMPLE_SIZE LAST_ANAL PAR IOT_TYPE     T S NES BUFFER_ FLASH_C CELL_FL ROW_MOVE 
----------- --------- --- ------------ - - --- ------- ------- ------- -------- 
GLO USE DURATION        SKIP_COR MON                                            
--- --- --------------- -------- ---                                            
CLUSTER_OWNER                                                                   
--------------------------------------------------------------------------------
DEPENDEN COMPRESS COMPRESS_FOR                   DRO REA SEG RESULT_ CLU        
-------- -------- ------------------------------ --- --- --- ------- ---        
ACTIVITY_TRACKING       DML_TIMESTAMP             HAS CON INMEMORY INMEMORY     
----------------------- ------------------------- --- --- -------- --------     
INMEMORY_DISTRI INMEMORY_COMPRESS INMEMORY_DUPL                                 
--------------- ----------------- -------------                                 
DEFAULT_COLLATION                                                               
--------------------------------------------------------------------------------
D S EXT CELLMEMORY               CON CON EXT EXT INMEMORY_SER                   
- - --- ------------------------ --- --- --- --- ------------                   
INMEMORY_SERVICE_NAME                                                           
--------------------------------------------------------------------------------
CON                                                                             
---                                                                             
                                                                                

TABLE_NAME                                                                      
--------------------------------------------------------------------------------
TABLESPACE_NAME                                                                 
------------------------------                                                  
CLUSTER_NAME                                                                    
--------------------------------------------------------------------------------
IOT_NAME                                                                        
--------------------------------------------------------------------------------
STATUS     PCT_FREE   PCT_USED  INI_TRANS  MAX_TRANS INITIAL_EXTENT NEXT_EXTENT 
-------- ---------- ---------- ---------- ---------- -------------- ----------- 
MIN_EXTENTS MAX_EXTENTS PCT_INCREASE  FREELISTS FREELIST_GROUPS LOG B   NUM_ROWS
----------- ----------- ------------ ---------- --------------- --- - ----------
    BLOCKS EMPTY_BLOCKS  AVG_SPACE  CHAIN_CNT AVG_ROW_LEN                       
---------- ------------ ---------- ---------- -----------                       
AVG_SPACE_FREELIST_BLOCKS NUM_FREELIST_BLOCKS                                   
------------------------- -------------------                                   
DEGREE                                                                          
----------------------------------------                                        
INSTANCES                                CACHE                TABLE_LO          
---------------------------------------- -------------------- --------          
SAMPLE_SIZE LAST_ANAL PAR IOT_TYPE     T S NES BUFFER_ FLASH_C CELL_FL ROW_MOVE 
----------- --------- --- ------------ - - --- ------- ------- ------- -------- 
GLO USE DURATION        SKIP_COR MON                                            
--- --- --------------- -------- ---                                            
CLUSTER_OWNER                                                                   
--------------------------------------------------------------------------------
DEPENDEN COMPRESS COMPRESS_FOR                   DRO REA SEG RESULT_ CLU        
-------- -------- ------------------------------ --- --- --- ------- ---        
ACTIVITY_TRACKING       DML_TIMESTAMP             HAS CON INMEMORY INMEMORY     
----------------------- ------------------------- --- --- -------- --------     
INMEMORY_DISTRI INMEMORY_COMPRESS INMEMORY_DUPL                                 
--------------- ----------------- -------------                                 
DEFAULT_COLLATION                                                               
--------------------------------------------------------------------------------
D S EXT CELLMEMORY               CON CON EXT EXT INMEMORY_SER                   
- - --- ------------------------ --- --- --- --- ------------                   
INMEMORY_SERVICE_NAME                                                           
--------------------------------------------------------------------------------
CON                                                                             
---                                                                             
VALID            10                     1        255          65536     1048576 

TABLE_NAME                                                                      
--------------------------------------------------------------------------------
TABLESPACE_NAME                                                                 
------------------------------                                                  
CLUSTER_NAME                                                                    
--------------------------------------------------------------------------------
IOT_NAME                                                                        
--------------------------------------------------------------------------------
STATUS     PCT_FREE   PCT_USED  INI_TRANS  MAX_TRANS INITIAL_EXTENT NEXT_EXTENT 
-------- ---------- ---------- ---------- ---------- -------------- ----------- 
MIN_EXTENTS MAX_EXTENTS PCT_INCREASE  FREELISTS FREELIST_GROUPS LOG B   NUM_ROWS
----------- ----------- ------------ ---------- --------------- --- - ----------
    BLOCKS EMPTY_BLOCKS  AVG_SPACE  CHAIN_CNT AVG_ROW_LEN                       
---------- ------------ ---------- ---------- -----------                       
AVG_SPACE_FREELIST_BLOCKS NUM_FREELIST_BLOCKS                                   
------------------------- -------------------                                   
DEGREE                                                                          
----------------------------------------                                        
INSTANCES                                CACHE                TABLE_LO          
---------------------------------------- -------------------- --------          
SAMPLE_SIZE LAST_ANAL PAR IOT_TYPE     T S NES BUFFER_ FLASH_C CELL_FL ROW_MOVE 
----------- --------- --- ------------ - - --- ------- ------- ------- -------- 
GLO USE DURATION        SKIP_COR MON                                            
--- --- --------------- -------- ---                                            
CLUSTER_OWNER                                                                   
--------------------------------------------------------------------------------
DEPENDEN COMPRESS COMPRESS_FOR                   DRO REA SEG RESULT_ CLU        
-------- -------- ------------------------------ --- --- --- ------- ---        
ACTIVITY_TRACKING       DML_TIMESTAMP             HAS CON INMEMORY INMEMORY     
----------------------- ------------------------- --- --- -------- --------     
INMEMORY_DISTRI INMEMORY_COMPRESS INMEMORY_DUPL                                 
--------------- ----------------- -------------                                 
DEFAULT_COLLATION                                                               
--------------------------------------------------------------------------------
D S EXT CELLMEMORY               CON CON EXT EXT INMEMORY_SER                   
- - --- ------------------------ --- --- --- --- ------------                   
INMEMORY_SERVICE_NAME                                                           
--------------------------------------------------------------------------------
CON                                                                             
---                                                                             
          1  2147483645                                         YES N          4

TABLE_NAME                                                                      
--------------------------------------------------------------------------------
TABLESPACE_NAME                                                                 
------------------------------                                                  
CLUSTER_NAME                                                                    
--------------------------------------------------------------------------------
IOT_NAME                                                                        
--------------------------------------------------------------------------------
STATUS     PCT_FREE   PCT_USED  INI_TRANS  MAX_TRANS INITIAL_EXTENT NEXT_EXTENT 
-------- ---------- ---------- ---------- ---------- -------------- ----------- 
MIN_EXTENTS MAX_EXTENTS PCT_INCREASE  FREELISTS FREELIST_GROUPS LOG B   NUM_ROWS
----------- ----------- ------------ ---------- --------------- --- - ----------
    BLOCKS EMPTY_BLOCKS  AVG_SPACE  CHAIN_CNT AVG_ROW_LEN                       
---------- ------------ ---------- ---------- -----------                       
AVG_SPACE_FREELIST_BLOCKS NUM_FREELIST_BLOCKS                                   
------------------------- -------------------                                   
DEGREE                                                                          
----------------------------------------                                        
INSTANCES                                CACHE                TABLE_LO          
---------------------------------------- -------------------- --------          
SAMPLE_SIZE LAST_ANAL PAR IOT_TYPE     T S NES BUFFER_ FLASH_C CELL_FL ROW_MOVE 
----------- --------- --- ------------ - - --- ------- ------- ------- -------- 
GLO USE DURATION        SKIP_COR MON                                            
--- --- --------------- -------- ---                                            
CLUSTER_OWNER                                                                   
--------------------------------------------------------------------------------
DEPENDEN COMPRESS COMPRESS_FOR                   DRO REA SEG RESULT_ CLU        
-------- -------- ------------------------------ --- --- --- ------- ---        
ACTIVITY_TRACKING       DML_TIMESTAMP             HAS CON INMEMORY INMEMORY     
----------------------- ------------------------- --- --- -------- --------     
INMEMORY_DISTRI INMEMORY_COMPRESS INMEMORY_DUPL                                 
--------------- ----------------- -------------                                 
DEFAULT_COLLATION                                                               
--------------------------------------------------------------------------------
D S EXT CELLMEMORY               CON CON EXT EXT INMEMORY_SER                   
- - --- ------------------------ --- --- --- --- ------------                   
INMEMORY_SERVICE_NAME                                                           
--------------------------------------------------------------------------------
CON                                                                             
---                                                                             
         5            0          0          0          30                       

TABLE_NAME                                                                      
--------------------------------------------------------------------------------
TABLESPACE_NAME                                                                 
------------------------------                                                  
CLUSTER_NAME                                                                    
--------------------------------------------------------------------------------
IOT_NAME                                                                        
--------------------------------------------------------------------------------
STATUS     PCT_FREE   PCT_USED  INI_TRANS  MAX_TRANS INITIAL_EXTENT NEXT_EXTENT 
-------- ---------- ---------- ---------- ---------- -------------- ----------- 
MIN_EXTENTS MAX_EXTENTS PCT_INCREASE  FREELISTS FREELIST_GROUPS LOG B   NUM_ROWS
----------- ----------- ------------ ---------- --------------- --- - ----------
    BLOCKS EMPTY_BLOCKS  AVG_SPACE  CHAIN_CNT AVG_ROW_LEN                       
---------- ------------ ---------- ---------- -----------                       
AVG_SPACE_FREELIST_BLOCKS NUM_FREELIST_BLOCKS                                   
------------------------- -------------------                                   
DEGREE                                                                          
----------------------------------------                                        
INSTANCES                                CACHE                TABLE_LO          
---------------------------------------- -------------------- --------          
SAMPLE_SIZE LAST_ANAL PAR IOT_TYPE     T S NES BUFFER_ FLASH_C CELL_FL ROW_MOVE 
----------- --------- --- ------------ - - --- ------- ------- ------- -------- 
GLO USE DURATION        SKIP_COR MON                                            
--- --- --------------- -------- ---                                            
CLUSTER_OWNER                                                                   
--------------------------------------------------------------------------------
DEPENDEN COMPRESS COMPRESS_FOR                   DRO REA SEG RESULT_ CLU        
-------- -------- ------------------------------ --- --- --- ------- ---        
ACTIVITY_TRACKING       DML_TIMESTAMP             HAS CON INMEMORY INMEMORY     
----------------------- ------------------------- --- --- -------- --------     
INMEMORY_DISTRI INMEMORY_COMPRESS INMEMORY_DUPL                                 
--------------- ----------------- -------------                                 
DEFAULT_COLLATION                                                               
--------------------------------------------------------------------------------
D S EXT CELLMEMORY               CON CON EXT EXT INMEMORY_SER                   
- - --- ------------------------ --- --- --- --- ------------                   
INMEMORY_SERVICE_NAME                                                           
--------------------------------------------------------------------------------
CON                                                                             
---                                                                             
                        0                   0                                   

TABLE_NAME                                                                      
--------------------------------------------------------------------------------
TABLESPACE_NAME                                                                 
------------------------------                                                  
CLUSTER_NAME                                                                    
--------------------------------------------------------------------------------
IOT_NAME                                                                        
--------------------------------------------------------------------------------
STATUS     PCT_FREE   PCT_USED  INI_TRANS  MAX_TRANS INITIAL_EXTENT NEXT_EXTENT 
-------- ---------- ---------- ---------- ---------- -------------- ----------- 
MIN_EXTENTS MAX_EXTENTS PCT_INCREASE  FREELISTS FREELIST_GROUPS LOG B   NUM_ROWS
----------- ----------- ------------ ---------- --------------- --- - ----------
    BLOCKS EMPTY_BLOCKS  AVG_SPACE  CHAIN_CNT AVG_ROW_LEN                       
---------- ------------ ---------- ---------- -----------                       
AVG_SPACE_FREELIST_BLOCKS NUM_FREELIST_BLOCKS                                   
------------------------- -------------------                                   
DEGREE                                                                          
----------------------------------------                                        
INSTANCES                                CACHE                TABLE_LO          
---------------------------------------- -------------------- --------          
SAMPLE_SIZE LAST_ANAL PAR IOT_TYPE     T S NES BUFFER_ FLASH_C CELL_FL ROW_MOVE 
----------- --------- --- ------------ - - --- ------- ------- ------- -------- 
GLO USE DURATION        SKIP_COR MON                                            
--- --- --------------- -------- ---                                            
CLUSTER_OWNER                                                                   
--------------------------------------------------------------------------------
DEPENDEN COMPRESS COMPRESS_FOR                   DRO REA SEG RESULT_ CLU        
-------- -------- ------------------------------ --- --- --- ------- ---        
ACTIVITY_TRACKING       DML_TIMESTAMP             HAS CON INMEMORY INMEMORY     
----------------------- ------------------------- --- --- -------- --------     
INMEMORY_DISTRI INMEMORY_COMPRESS INMEMORY_DUPL                                 
--------------- ----------------- -------------                                 
DEFAULT_COLLATION                                                               
--------------------------------------------------------------------------------
D S EXT CELLMEMORY               CON CON EXT EXT INMEMORY_SER                   
- - --- ------------------------ --- --- --- --- ------------                   
INMEMORY_SERVICE_NAME                                                           
--------------------------------------------------------------------------------
CON                                                                             
---                                                                             
         1                                                                      

TABLE_NAME                                                                      
--------------------------------------------------------------------------------
TABLESPACE_NAME                                                                 
------------------------------                                                  
CLUSTER_NAME                                                                    
--------------------------------------------------------------------------------
IOT_NAME                                                                        
--------------------------------------------------------------------------------
STATUS     PCT_FREE   PCT_USED  INI_TRANS  MAX_TRANS INITIAL_EXTENT NEXT_EXTENT 
-------- ---------- ---------- ---------- ---------- -------------- ----------- 
MIN_EXTENTS MAX_EXTENTS PCT_INCREASE  FREELISTS FREELIST_GROUPS LOG B   NUM_ROWS
----------- ----------- ------------ ---------- --------------- --- - ----------
    BLOCKS EMPTY_BLOCKS  AVG_SPACE  CHAIN_CNT AVG_ROW_LEN                       
---------- ------------ ---------- ---------- -----------                       
AVG_SPACE_FREELIST_BLOCKS NUM_FREELIST_BLOCKS                                   
------------------------- -------------------                                   
DEGREE                                                                          
----------------------------------------                                        
INSTANCES                                CACHE                TABLE_LO          
---------------------------------------- -------------------- --------          
SAMPLE_SIZE LAST_ANAL PAR IOT_TYPE     T S NES BUFFER_ FLASH_C CELL_FL ROW_MOVE 
----------- --------- --- ------------ - - --- ------- ------- ------- -------- 
GLO USE DURATION        SKIP_COR MON                                            
--- --- --------------- -------- ---                                            
CLUSTER_OWNER                                                                   
--------------------------------------------------------------------------------
DEPENDEN COMPRESS COMPRESS_FOR                   DRO REA SEG RESULT_ CLU        
-------- -------- ------------------------------ --- --- --- ------- ---        
ACTIVITY_TRACKING       DML_TIMESTAMP             HAS CON INMEMORY INMEMORY     
----------------------- ------------------------- --- --- -------- --------     
INMEMORY_DISTRI INMEMORY_COMPRESS INMEMORY_DUPL                                 
--------------- ----------------- -------------                                 
DEFAULT_COLLATION                                                               
--------------------------------------------------------------------------------
D S EXT CELLMEMORY               CON CON EXT EXT INMEMORY_SER                   
- - --- ------------------------ --- --- --- --- ------------                   
INMEMORY_SERVICE_NAME                                                           
--------------------------------------------------------------------------------
CON                                                                             
---                                                                             
         1                                   N                ENABLED           

TABLE_NAME                                                                      
--------------------------------------------------------------------------------
TABLESPACE_NAME                                                                 
------------------------------                                                  
CLUSTER_NAME                                                                    
--------------------------------------------------------------------------------
IOT_NAME                                                                        
--------------------------------------------------------------------------------
STATUS     PCT_FREE   PCT_USED  INI_TRANS  MAX_TRANS INITIAL_EXTENT NEXT_EXTENT 
-------- ---------- ---------- ---------- ---------- -------------- ----------- 
MIN_EXTENTS MAX_EXTENTS PCT_INCREASE  FREELISTS FREELIST_GROUPS LOG B   NUM_ROWS
----------- ----------- ------------ ---------- --------------- --- - ----------
    BLOCKS EMPTY_BLOCKS  AVG_SPACE  CHAIN_CNT AVG_ROW_LEN                       
---------- ------------ ---------- ---------- -----------                       
AVG_SPACE_FREELIST_BLOCKS NUM_FREELIST_BLOCKS                                   
------------------------- -------------------                                   
DEGREE                                                                          
----------------------------------------                                        
INSTANCES                                CACHE                TABLE_LO          
---------------------------------------- -------------------- --------          
SAMPLE_SIZE LAST_ANAL PAR IOT_TYPE     T S NES BUFFER_ FLASH_C CELL_FL ROW_MOVE 
----------- --------- --- ------------ - - --- ------- ------- ------- -------- 
GLO USE DURATION        SKIP_COR MON                                            
--- --- --------------- -------- ---                                            
CLUSTER_OWNER                                                                   
--------------------------------------------------------------------------------
DEPENDEN COMPRESS COMPRESS_FOR                   DRO REA SEG RESULT_ CLU        
-------- -------- ------------------------------ --- --- --- ------- ---        
ACTIVITY_TRACKING       DML_TIMESTAMP             HAS CON INMEMORY INMEMORY     
----------------------- ------------------------- --- --- -------- --------     
INMEMORY_DISTRI INMEMORY_COMPRESS INMEMORY_DUPL                                 
--------------- ----------------- -------------                                 
DEFAULT_COLLATION                                                               
--------------------------------------------------------------------------------
D S EXT CELLMEMORY               CON CON EXT EXT INMEMORY_SER                   
- - --- ------------------------ --- --- --- --- ------------                   
INMEMORY_SERVICE_NAME                                                           
--------------------------------------------------------------------------------
CON                                                                             
---                                                                             
          4 19-NOV-19 NO               N N NO  DEFAULT DEFAULT DEFAULT DISABLED 

TABLE_NAME                                                                      
--------------------------------------------------------------------------------
TABLESPACE_NAME                                                                 
------------------------------                                                  
CLUSTER_NAME                                                                    
--------------------------------------------------------------------------------
IOT_NAME                                                                        
--------------------------------------------------------------------------------
STATUS     PCT_FREE   PCT_USED  INI_TRANS  MAX_TRANS INITIAL_EXTENT NEXT_EXTENT 
-------- ---------- ---------- ---------- ---------- -------------- ----------- 
MIN_EXTENTS MAX_EXTENTS PCT_INCREASE  FREELISTS FREELIST_GROUPS LOG B   NUM_ROWS
----------- ----------- ------------ ---------- --------------- --- - ----------
    BLOCKS EMPTY_BLOCKS  AVG_SPACE  CHAIN_CNT AVG_ROW_LEN                       
---------- ------------ ---------- ---------- -----------                       
AVG_SPACE_FREELIST_BLOCKS NUM_FREELIST_BLOCKS                                   
------------------------- -------------------                                   
DEGREE                                                                          
----------------------------------------                                        
INSTANCES                                CACHE                TABLE_LO          
---------------------------------------- -------------------- --------          
SAMPLE_SIZE LAST_ANAL PAR IOT_TYPE     T S NES BUFFER_ FLASH_C CELL_FL ROW_MOVE 
----------- --------- --- ------------ - - --- ------- ------- ------- -------- 
GLO USE DURATION        SKIP_COR MON                                            
--- --- --------------- -------- ---                                            
CLUSTER_OWNER                                                                   
--------------------------------------------------------------------------------
DEPENDEN COMPRESS COMPRESS_FOR                   DRO REA SEG RESULT_ CLU        
-------- -------- ------------------------------ --- --- --- ------- ---        
ACTIVITY_TRACKING       DML_TIMESTAMP             HAS CON INMEMORY INMEMORY     
----------------------- ------------------------- --- --- -------- --------     
INMEMORY_DISTRI INMEMORY_COMPRESS INMEMORY_DUPL                                 
--------------- ----------------- -------------                                 
DEFAULT_COLLATION                                                               
--------------------------------------------------------------------------------
D S EXT CELLMEMORY               CON CON EXT EXT INMEMORY_SER                   
- - --- ------------------------ --- --- --- --- ------------                   
INMEMORY_SERVICE_NAME                                                           
--------------------------------------------------------------------------------
CON                                                                             
---                                                                             
YES NO                  DISABLED YES                                            

TABLE_NAME                                                                      
--------------------------------------------------------------------------------
TABLESPACE_NAME                                                                 
------------------------------                                                  
CLUSTER_NAME                                                                    
--------------------------------------------------------------------------------
IOT_NAME                                                                        
--------------------------------------------------------------------------------
STATUS     PCT_FREE   PCT_USED  INI_TRANS  MAX_TRANS INITIAL_EXTENT NEXT_EXTENT 
-------- ---------- ---------- ---------- ---------- -------------- ----------- 
MIN_EXTENTS MAX_EXTENTS PCT_INCREASE  FREELISTS FREELIST_GROUPS LOG B   NUM_ROWS
----------- ----------- ------------ ---------- --------------- --- - ----------
    BLOCKS EMPTY_BLOCKS  AVG_SPACE  CHAIN_CNT AVG_ROW_LEN                       
---------- ------------ ---------- ---------- -----------                       
AVG_SPACE_FREELIST_BLOCKS NUM_FREELIST_BLOCKS                                   
------------------------- -------------------                                   
DEGREE                                                                          
----------------------------------------                                        
INSTANCES                                CACHE                TABLE_LO          
---------------------------------------- -------------------- --------          
SAMPLE_SIZE LAST_ANAL PAR IOT_TYPE     T S NES BUFFER_ FLASH_C CELL_FL ROW_MOVE 
----------- --------- --- ------------ - - --- ------- ------- ------- -------- 
GLO USE DURATION        SKIP_COR MON                                            
--- --- --------------- -------- ---                                            
CLUSTER_OWNER                                                                   
--------------------------------------------------------------------------------
DEPENDEN COMPRESS COMPRESS_FOR                   DRO REA SEG RESULT_ CLU        
-------- -------- ------------------------------ --- --- --- ------- ---        
ACTIVITY_TRACKING       DML_TIMESTAMP             HAS CON INMEMORY INMEMORY     
----------------------- ------------------------- --- --- -------- --------     
INMEMORY_DISTRI INMEMORY_COMPRESS INMEMORY_DUPL                                 
--------------- ----------------- -------------                                 
DEFAULT_COLLATION                                                               
--------------------------------------------------------------------------------
D S EXT CELLMEMORY               CON CON EXT EXT INMEMORY_SER                   
- - --- ------------------------ --- --- --- --- ------------                   
INMEMORY_SERVICE_NAME                                                           
--------------------------------------------------------------------------------
CON                                                                             
---                                                                             
                                                                                

TABLE_NAME                                                                      
--------------------------------------------------------------------------------
TABLESPACE_NAME                                                                 
------------------------------                                                  
CLUSTER_NAME                                                                    
--------------------------------------------------------------------------------
IOT_NAME                                                                        
--------------------------------------------------------------------------------
STATUS     PCT_FREE   PCT_USED  INI_TRANS  MAX_TRANS INITIAL_EXTENT NEXT_EXTENT 
-------- ---------- ---------- ---------- ---------- -------------- ----------- 
MIN_EXTENTS MAX_EXTENTS PCT_INCREASE  FREELISTS FREELIST_GROUPS LOG B   NUM_ROWS
----------- ----------- ------------ ---------- --------------- --- - ----------
    BLOCKS EMPTY_BLOCKS  AVG_SPACE  CHAIN_CNT AVG_ROW_LEN                       
---------- ------------ ---------- ---------- -----------                       
AVG_SPACE_FREELIST_BLOCKS NUM_FREELIST_BLOCKS                                   
------------------------- -------------------                                   
DEGREE                                                                          
----------------------------------------                                        
INSTANCES                                CACHE                TABLE_LO          
---------------------------------------- -------------------- --------          
SAMPLE_SIZE LAST_ANAL PAR IOT_TYPE     T S NES BUFFER_ FLASH_C CELL_FL ROW_MOVE 
----------- --------- --- ------------ - - --- ------- ------- ------- -------- 
GLO USE DURATION        SKIP_COR MON                                            
--- --- --------------- -------- ---                                            
CLUSTER_OWNER                                                                   
--------------------------------------------------------------------------------
DEPENDEN COMPRESS COMPRESS_FOR                   DRO REA SEG RESULT_ CLU        
-------- -------- ------------------------------ --- --- --- ------- ---        
ACTIVITY_TRACKING       DML_TIMESTAMP             HAS CON INMEMORY INMEMORY     
----------------------- ------------------------- --- --- -------- --------     
INMEMORY_DISTRI INMEMORY_COMPRESS INMEMORY_DUPL                                 
--------------- ----------------- -------------                                 
DEFAULT_COLLATION                                                               
--------------------------------------------------------------------------------
D S EXT CELLMEMORY               CON CON EXT EXT INMEMORY_SER                   
- - --- ------------------------ --- --- --- --- ------------                   
INMEMORY_SERVICE_NAME                                                           
--------------------------------------------------------------------------------
CON                                                                             
---                                                                             
DISABLED DISABLED                                NO  NO  YES DEFAULT NO         

TABLE_NAME                                                                      
--------------------------------------------------------------------------------
TABLESPACE_NAME                                                                 
------------------------------                                                  
CLUSTER_NAME                                                                    
--------------------------------------------------------------------------------
IOT_NAME                                                                        
--------------------------------------------------------------------------------
STATUS     PCT_FREE   PCT_USED  INI_TRANS  MAX_TRANS INITIAL_EXTENT NEXT_EXTENT 
-------- ---------- ---------- ---------- ---------- -------------- ----------- 
MIN_EXTENTS MAX_EXTENTS PCT_INCREASE  FREELISTS FREELIST_GROUPS LOG B   NUM_ROWS
----------- ----------- ------------ ---------- --------------- --- - ----------
    BLOCKS EMPTY_BLOCKS  AVG_SPACE  CHAIN_CNT AVG_ROW_LEN                       
---------- ------------ ---------- ---------- -----------                       
AVG_SPACE_FREELIST_BLOCKS NUM_FREELIST_BLOCKS                                   
------------------------- -------------------                                   
DEGREE                                                                          
----------------------------------------                                        
INSTANCES                                CACHE                TABLE_LO          
---------------------------------------- -------------------- --------          
SAMPLE_SIZE LAST_ANAL PAR IOT_TYPE     T S NES BUFFER_ FLASH_C CELL_FL ROW_MOVE 
----------- --------- --- ------------ - - --- ------- ------- ------- -------- 
GLO USE DURATION        SKIP_COR MON                                            
--- --- --------------- -------- ---                                            
CLUSTER_OWNER                                                                   
--------------------------------------------------------------------------------
DEPENDEN COMPRESS COMPRESS_FOR                   DRO REA SEG RESULT_ CLU        
-------- -------- ------------------------------ --- --- --- ------- ---        
ACTIVITY_TRACKING       DML_TIMESTAMP             HAS CON INMEMORY INMEMORY     
----------------------- ------------------------- --- --- -------- --------     
INMEMORY_DISTRI INMEMORY_COMPRESS INMEMORY_DUPL                                 
--------------- ----------------- -------------                                 
DEFAULT_COLLATION                                                               
--------------------------------------------------------------------------------
D S EXT CELLMEMORY               CON CON EXT EXT INMEMORY_SER                   
- - --- ------------------------ --- --- --- --- ------------                   
INMEMORY_SERVICE_NAME                                                           
--------------------------------------------------------------------------------
CON                                                                             
---                                                                             
                                                  NO  NO  DISABLED              

TABLE_NAME                                                                      
--------------------------------------------------------------------------------
TABLESPACE_NAME                                                                 
------------------------------                                                  
CLUSTER_NAME                                                                    
--------------------------------------------------------------------------------
IOT_NAME                                                                        
--------------------------------------------------------------------------------
STATUS     PCT_FREE   PCT_USED  INI_TRANS  MAX_TRANS INITIAL_EXTENT NEXT_EXTENT 
-------- ---------- ---------- ---------- ---------- -------------- ----------- 
MIN_EXTENTS MAX_EXTENTS PCT_INCREASE  FREELISTS FREELIST_GROUPS LOG B   NUM_ROWS
----------- ----------- ------------ ---------- --------------- --- - ----------
    BLOCKS EMPTY_BLOCKS  AVG_SPACE  CHAIN_CNT AVG_ROW_LEN                       
---------- ------------ ---------- ---------- -----------                       
AVG_SPACE_FREELIST_BLOCKS NUM_FREELIST_BLOCKS                                   
------------------------- -------------------                                   
DEGREE                                                                          
----------------------------------------                                        
INSTANCES                                CACHE                TABLE_LO          
---------------------------------------- -------------------- --------          
SAMPLE_SIZE LAST_ANAL PAR IOT_TYPE     T S NES BUFFER_ FLASH_C CELL_FL ROW_MOVE 
----------- --------- --- ------------ - - --- ------- ------- ------- -------- 
GLO USE DURATION        SKIP_COR MON                                            
--- --- --------------- -------- ---                                            
CLUSTER_OWNER                                                                   
--------------------------------------------------------------------------------
DEPENDEN COMPRESS COMPRESS_FOR                   DRO REA SEG RESULT_ CLU        
-------- -------- ------------------------------ --- --- --- ------- ---        
ACTIVITY_TRACKING       DML_TIMESTAMP             HAS CON INMEMORY INMEMORY     
----------------------- ------------------------- --- --- -------- --------     
INMEMORY_DISTRI INMEMORY_COMPRESS INMEMORY_DUPL                                 
--------------- ----------------- -------------                                 
DEFAULT_COLLATION                                                               
--------------------------------------------------------------------------------
D S EXT CELLMEMORY               CON CON EXT EXT INMEMORY_SER                   
- - --- ------------------------ --- --- --- --- ------------                   
INMEMORY_SERVICE_NAME                                                           
--------------------------------------------------------------------------------
CON                                                                             
---                                                                             
                                                                                

TABLE_NAME                                                                      
--------------------------------------------------------------------------------
TABLESPACE_NAME                                                                 
------------------------------                                                  
CLUSTER_NAME                                                                    
--------------------------------------------------------------------------------
IOT_NAME                                                                        
--------------------------------------------------------------------------------
STATUS     PCT_FREE   PCT_USED  INI_TRANS  MAX_TRANS INITIAL_EXTENT NEXT_EXTENT 
-------- ---------- ---------- ---------- ---------- -------------- ----------- 
MIN_EXTENTS MAX_EXTENTS PCT_INCREASE  FREELISTS FREELIST_GROUPS LOG B   NUM_ROWS
----------- ----------- ------------ ---------- --------------- --- - ----------
    BLOCKS EMPTY_BLOCKS  AVG_SPACE  CHAIN_CNT AVG_ROW_LEN                       
---------- ------------ ---------- ---------- -----------                       
AVG_SPACE_FREELIST_BLOCKS NUM_FREELIST_BLOCKS                                   
------------------------- -------------------                                   
DEGREE                                                                          
----------------------------------------                                        
INSTANCES                                CACHE                TABLE_LO          
---------------------------------------- -------------------- --------          
SAMPLE_SIZE LAST_ANAL PAR IOT_TYPE     T S NES BUFFER_ FLASH_C CELL_FL ROW_MOVE 
----------- --------- --- ------------ - - --- ------- ------- ------- -------- 
GLO USE DURATION        SKIP_COR MON                                            
--- --- --------------- -------- ---                                            
CLUSTER_OWNER                                                                   
--------------------------------------------------------------------------------
DEPENDEN COMPRESS COMPRESS_FOR                   DRO REA SEG RESULT_ CLU        
-------- -------- ------------------------------ --- --- --- ------- ---        
ACTIVITY_TRACKING       DML_TIMESTAMP             HAS CON INMEMORY INMEMORY     
----------------------- ------------------------- --- --- -------- --------     
INMEMORY_DISTRI INMEMORY_COMPRESS INMEMORY_DUPL                                 
--------------- ----------------- -------------                                 
DEFAULT_COLLATION                                                               
--------------------------------------------------------------------------------
D S EXT CELLMEMORY               CON CON EXT EXT INMEMORY_SER                   
- - --- ------------------------ --- --- --- --- ------------                   
INMEMORY_SERVICE_NAME                                                           
--------------------------------------------------------------------------------
CON                                                                             
---                                                                             
USING_NLS_COMP                                                                  

TABLE_NAME                                                                      
--------------------------------------------------------------------------------
TABLESPACE_NAME                                                                 
------------------------------                                                  
CLUSTER_NAME                                                                    
--------------------------------------------------------------------------------
IOT_NAME                                                                        
--------------------------------------------------------------------------------
STATUS     PCT_FREE   PCT_USED  INI_TRANS  MAX_TRANS INITIAL_EXTENT NEXT_EXTENT 
-------- ---------- ---------- ---------- ---------- -------------- ----------- 
MIN_EXTENTS MAX_EXTENTS PCT_INCREASE  FREELISTS FREELIST_GROUPS LOG B   NUM_ROWS
----------- ----------- ------------ ---------- --------------- --- - ----------
    BLOCKS EMPTY_BLOCKS  AVG_SPACE  CHAIN_CNT AVG_ROW_LEN                       
---------- ------------ ---------- ---------- -----------                       
AVG_SPACE_FREELIST_BLOCKS NUM_FREELIST_BLOCKS                                   
------------------------- -------------------                                   
DEGREE                                                                          
----------------------------------------                                        
INSTANCES                                CACHE                TABLE_LO          
---------------------------------------- -------------------- --------          
SAMPLE_SIZE LAST_ANAL PAR IOT_TYPE     T S NES BUFFER_ FLASH_C CELL_FL ROW_MOVE 
----------- --------- --- ------------ - - --- ------- ------- ------- -------- 
GLO USE DURATION        SKIP_COR MON                                            
--- --- --------------- -------- ---                                            
CLUSTER_OWNER                                                                   
--------------------------------------------------------------------------------
DEPENDEN COMPRESS COMPRESS_FOR                   DRO REA SEG RESULT_ CLU        
-------- -------- ------------------------------ --- --- --- ------- ---        
ACTIVITY_TRACKING       DML_TIMESTAMP             HAS CON INMEMORY INMEMORY     
----------------------- ------------------------- --- --- -------- --------     
INMEMORY_DISTRI INMEMORY_COMPRESS INMEMORY_DUPL                                 
--------------- ----------------- -------------                                 
DEFAULT_COLLATION                                                               
--------------------------------------------------------------------------------
D S EXT CELLMEMORY               CON CON EXT EXT INMEMORY_SER                   
- - --- ------------------------ --- --- --- --- ------------                   
INMEMORY_SERVICE_NAME                                                           
--------------------------------------------------------------------------------
CON                                                                             
---                                                                             
N N NO                           NO  NO  NO  NO                                 

TABLE_NAME                                                                      
--------------------------------------------------------------------------------
TABLESPACE_NAME                                                                 
------------------------------                                                  
CLUSTER_NAME                                                                    
--------------------------------------------------------------------------------
IOT_NAME                                                                        
--------------------------------------------------------------------------------
STATUS     PCT_FREE   PCT_USED  INI_TRANS  MAX_TRANS INITIAL_EXTENT NEXT_EXTENT 
-------- ---------- ---------- ---------- ---------- -------------- ----------- 
MIN_EXTENTS MAX_EXTENTS PCT_INCREASE  FREELISTS FREELIST_GROUPS LOG B   NUM_ROWS
----------- ----------- ------------ ---------- --------------- --- - ----------
    BLOCKS EMPTY_BLOCKS  AVG_SPACE  CHAIN_CNT AVG_ROW_LEN                       
---------- ------------ ---------- ---------- -----------                       
AVG_SPACE_FREELIST_BLOCKS NUM_FREELIST_BLOCKS                                   
------------------------- -------------------                                   
DEGREE                                                                          
----------------------------------------                                        
INSTANCES                                CACHE                TABLE_LO          
---------------------------------------- -------------------- --------          
SAMPLE_SIZE LAST_ANAL PAR IOT_TYPE     T S NES BUFFER_ FLASH_C CELL_FL ROW_MOVE 
----------- --------- --- ------------ - - --- ------- ------- ------- -------- 
GLO USE DURATION        SKIP_COR MON                                            
--- --- --------------- -------- ---                                            
CLUSTER_OWNER                                                                   
--------------------------------------------------------------------------------
DEPENDEN COMPRESS COMPRESS_FOR                   DRO REA SEG RESULT_ CLU        
-------- -------- ------------------------------ --- --- --- ------- ---        
ACTIVITY_TRACKING       DML_TIMESTAMP             HAS CON INMEMORY INMEMORY     
----------------------- ------------------------- --- --- -------- --------     
INMEMORY_DISTRI INMEMORY_COMPRESS INMEMORY_DUPL                                 
--------------- ----------------- -------------                                 
DEFAULT_COLLATION                                                               
--------------------------------------------------------------------------------
D S EXT CELLMEMORY               CON CON EXT EXT INMEMORY_SER                   
- - --- ------------------------ --- --- --- --- ------------                   
INMEMORY_SERVICE_NAME                                                           
--------------------------------------------------------------------------------
CON                                                                             
---                                                                             
                                                                                

TABLE_NAME                                                                      
--------------------------------------------------------------------------------
TABLESPACE_NAME                                                                 
------------------------------                                                  
CLUSTER_NAME                                                                    
--------------------------------------------------------------------------------
IOT_NAME                                                                        
--------------------------------------------------------------------------------
STATUS     PCT_FREE   PCT_USED  INI_TRANS  MAX_TRANS INITIAL_EXTENT NEXT_EXTENT 
-------- ---------- ---------- ---------- ---------- -------------- ----------- 
MIN_EXTENTS MAX_EXTENTS PCT_INCREASE  FREELISTS FREELIST_GROUPS LOG B   NUM_ROWS
----------- ----------- ------------ ---------- --------------- --- - ----------
    BLOCKS EMPTY_BLOCKS  AVG_SPACE  CHAIN_CNT AVG_ROW_LEN                       
---------- ------------ ---------- ---------- -----------                       
AVG_SPACE_FREELIST_BLOCKS NUM_FREELIST_BLOCKS                                   
------------------------- -------------------                                   
DEGREE                                                                          
----------------------------------------                                        
INSTANCES                                CACHE                TABLE_LO          
---------------------------------------- -------------------- --------          
SAMPLE_SIZE LAST_ANAL PAR IOT_TYPE     T S NES BUFFER_ FLASH_C CELL_FL ROW_MOVE 
----------- --------- --- ------------ - - --- ------- ------- ------- -------- 
GLO USE DURATION        SKIP_COR MON                                            
--- --- --------------- -------- ---                                            
CLUSTER_OWNER                                                                   
--------------------------------------------------------------------------------
DEPENDEN COMPRESS COMPRESS_FOR                   DRO REA SEG RESULT_ CLU        
-------- -------- ------------------------------ --- --- --- ------- ---        
ACTIVITY_TRACKING       DML_TIMESTAMP             HAS CON INMEMORY INMEMORY     
----------------------- ------------------------- --- --- -------- --------     
INMEMORY_DISTRI INMEMORY_COMPRESS INMEMORY_DUPL                                 
--------------- ----------------- -------------                                 
DEFAULT_COLLATION                                                               
--------------------------------------------------------------------------------
D S EXT CELLMEMORY               CON CON EXT EXT INMEMORY_SER                   
- - --- ------------------------ --- --- --- --- ------------                   
INMEMORY_SERVICE_NAME                                                           
--------------------------------------------------------------------------------
CON                                                                             
---                                                                             
NO                                                                              

TABLE_NAME                                                                      
--------------------------------------------------------------------------------
TABLESPACE_NAME                                                                 
------------------------------                                                  
CLUSTER_NAME                                                                    
--------------------------------------------------------------------------------
IOT_NAME                                                                        
--------------------------------------------------------------------------------
STATUS     PCT_FREE   PCT_USED  INI_TRANS  MAX_TRANS INITIAL_EXTENT NEXT_EXTENT 
-------- ---------- ---------- ---------- ---------- -------------- ----------- 
MIN_EXTENTS MAX_EXTENTS PCT_INCREASE  FREELISTS FREELIST_GROUPS LOG B   NUM_ROWS
----------- ----------- ------------ ---------- --------------- --- - ----------
    BLOCKS EMPTY_BLOCKS  AVG_SPACE  CHAIN_CNT AVG_ROW_LEN                       
---------- ------------ ---------- ---------- -----------                       
AVG_SPACE_FREELIST_BLOCKS NUM_FREELIST_BLOCKS                                   
------------------------- -------------------                                   
DEGREE                                                                          
----------------------------------------                                        
INSTANCES                                CACHE                TABLE_LO          
---------------------------------------- -------------------- --------          
SAMPLE_SIZE LAST_ANAL PAR IOT_TYPE     T S NES BUFFER_ FLASH_C CELL_FL ROW_MOVE 
----------- --------- --- ------------ - - --- ------- ------- ------- -------- 
GLO USE DURATION        SKIP_COR MON                                            
--- --- --------------- -------- ---                                            
CLUSTER_OWNER                                                                   
--------------------------------------------------------------------------------
DEPENDEN COMPRESS COMPRESS_FOR                   DRO REA SEG RESULT_ CLU        
-------- -------- ------------------------------ --- --- --- ------- ---        
ACTIVITY_TRACKING       DML_TIMESTAMP             HAS CON INMEMORY INMEMORY     
----------------------- ------------------------- --- --- -------- --------     
INMEMORY_DISTRI INMEMORY_COMPRESS INMEMORY_DUPL                                 
--------------- ----------------- -------------                                 
DEFAULT_COLLATION                                                               
--------------------------------------------------------------------------------
D S EXT CELLMEMORY               CON CON EXT EXT INMEMORY_SER                   
- - --- ------------------------ --- --- --- --- ------------                   
INMEMORY_SERVICE_NAME                                                           
--------------------------------------------------------------------------------
CON                                                                             
---                                                                             
                                                                                

TABLE_NAME                                                                      
--------------------------------------------------------------------------------
TABLESPACE_NAME                                                                 
------------------------------                                                  
CLUSTER_NAME                                                                    
--------------------------------------------------------------------------------
IOT_NAME                                                                        
--------------------------------------------------------------------------------
STATUS     PCT_FREE   PCT_USED  INI_TRANS  MAX_TRANS INITIAL_EXTENT NEXT_EXTENT 
-------- ---------- ---------- ---------- ---------- -------------- ----------- 
MIN_EXTENTS MAX_EXTENTS PCT_INCREASE  FREELISTS FREELIST_GROUPS LOG B   NUM_ROWS
----------- ----------- ------------ ---------- --------------- --- - ----------
    BLOCKS EMPTY_BLOCKS  AVG_SPACE  CHAIN_CNT AVG_ROW_LEN                       
---------- ------------ ---------- ---------- -----------                       
AVG_SPACE_FREELIST_BLOCKS NUM_FREELIST_BLOCKS                                   
------------------------- -------------------                                   
DEGREE                                                                          
----------------------------------------                                        
INSTANCES                                CACHE                TABLE_LO          
---------------------------------------- -------------------- --------          
SAMPLE_SIZE LAST_ANAL PAR IOT_TYPE     T S NES BUFFER_ FLASH_C CELL_FL ROW_MOVE 
----------- --------- --- ------------ - - --- ------- ------- ------- -------- 
GLO USE DURATION        SKIP_COR MON                                            
--- --- --------------- -------- ---                                            
CLUSTER_OWNER                                                                   
--------------------------------------------------------------------------------
DEPENDEN COMPRESS COMPRESS_FOR                   DRO REA SEG RESULT_ CLU        
-------- -------- ------------------------------ --- --- --- ------- ---        
ACTIVITY_TRACKING       DML_TIMESTAMP             HAS CON INMEMORY INMEMORY     
----------------------- ------------------------- --- --- -------- --------     
INMEMORY_DISTRI INMEMORY_COMPRESS INMEMORY_DUPL                                 
--------------- ----------------- -------------                                 
DEFAULT_COLLATION                                                               
--------------------------------------------------------------------------------
D S EXT CELLMEMORY               CON CON EXT EXT INMEMORY_SER                   
- - --- ------------------------ --- --- --- --- ------------                   
INMEMORY_SERVICE_NAME                                                           
--------------------------------------------------------------------------------
CON                                                                             
---                                                                             
PLAN_DOCENTE                                                                    

TABLE_NAME                                                                      
--------------------------------------------------------------------------------
TABLESPACE_NAME                                                                 
------------------------------                                                  
CLUSTER_NAME                                                                    
--------------------------------------------------------------------------------
IOT_NAME                                                                        
--------------------------------------------------------------------------------
STATUS     PCT_FREE   PCT_USED  INI_TRANS  MAX_TRANS INITIAL_EXTENT NEXT_EXTENT 
-------- ---------- ---------- ---------- ---------- -------------- ----------- 
MIN_EXTENTS MAX_EXTENTS PCT_INCREASE  FREELISTS FREELIST_GROUPS LOG B   NUM_ROWS
----------- ----------- ------------ ---------- --------------- --- - ----------
    BLOCKS EMPTY_BLOCKS  AVG_SPACE  CHAIN_CNT AVG_ROW_LEN                       
---------- ------------ ---------- ---------- -----------                       
AVG_SPACE_FREELIST_BLOCKS NUM_FREELIST_BLOCKS                                   
------------------------- -------------------                                   
DEGREE                                                                          
----------------------------------------                                        
INSTANCES                                CACHE                TABLE_LO          
---------------------------------------- -------------------- --------          
SAMPLE_SIZE LAST_ANAL PAR IOT_TYPE     T S NES BUFFER_ FLASH_C CELL_FL ROW_MOVE 
----------- --------- --- ------------ - - --- ------- ------- ------- -------- 
GLO USE DURATION        SKIP_COR MON                                            
--- --- --------------- -------- ---                                            
CLUSTER_OWNER                                                                   
--------------------------------------------------------------------------------
DEPENDEN COMPRESS COMPRESS_FOR                   DRO REA SEG RESULT_ CLU        
-------- -------- ------------------------------ --- --- --- ------- ---        
ACTIVITY_TRACKING       DML_TIMESTAMP             HAS CON INMEMORY INMEMORY     
----------------------- ------------------------- --- --- -------- --------     
INMEMORY_DISTRI INMEMORY_COMPRESS INMEMORY_DUPL                                 
--------------- ----------------- -------------                                 
DEFAULT_COLLATION                                                               
--------------------------------------------------------------------------------
D S EXT CELLMEMORY               CON CON EXT EXT INMEMORY_SER                   
- - --- ------------------------ --- --- --- --- ------------                   
INMEMORY_SERVICE_NAME                                                           
--------------------------------------------------------------------------------
CON                                                                             
---                                                                             
USERS                                                                           

TABLE_NAME                                                                      
--------------------------------------------------------------------------------
TABLESPACE_NAME                                                                 
------------------------------                                                  
CLUSTER_NAME                                                                    
--------------------------------------------------------------------------------
IOT_NAME                                                                        
--------------------------------------------------------------------------------
STATUS     PCT_FREE   PCT_USED  INI_TRANS  MAX_TRANS INITIAL_EXTENT NEXT_EXTENT 
-------- ---------- ---------- ---------- ---------- -------------- ----------- 
MIN_EXTENTS MAX_EXTENTS PCT_INCREASE  FREELISTS FREELIST_GROUPS LOG B   NUM_ROWS
----------- ----------- ------------ ---------- --------------- --- - ----------
    BLOCKS EMPTY_BLOCKS  AVG_SPACE  CHAIN_CNT AVG_ROW_LEN                       
---------- ------------ ---------- ---------- -----------                       
AVG_SPACE_FREELIST_BLOCKS NUM_FREELIST_BLOCKS                                   
------------------------- -------------------                                   
DEGREE                                                                          
----------------------------------------                                        
INSTANCES                                CACHE                TABLE_LO          
---------------------------------------- -------------------- --------          
SAMPLE_SIZE LAST_ANAL PAR IOT_TYPE     T S NES BUFFER_ FLASH_C CELL_FL ROW_MOVE 
----------- --------- --- ------------ - - --- ------- ------- ------- -------- 
GLO USE DURATION        SKIP_COR MON                                            
--- --- --------------- -------- ---                                            
CLUSTER_OWNER                                                                   
--------------------------------------------------------------------------------
DEPENDEN COMPRESS COMPRESS_FOR                   DRO REA SEG RESULT_ CLU        
-------- -------- ------------------------------ --- --- --- ------- ---        
ACTIVITY_TRACKING       DML_TIMESTAMP             HAS CON INMEMORY INMEMORY     
----------------------- ------------------------- --- --- -------- --------     
INMEMORY_DISTRI INMEMORY_COMPRESS INMEMORY_DUPL                                 
--------------- ----------------- -------------                                 
DEFAULT_COLLATION                                                               
--------------------------------------------------------------------------------
D S EXT CELLMEMORY               CON CON EXT EXT INMEMORY_SER                   
- - --- ------------------------ --- --- --- --- ------------                   
INMEMORY_SERVICE_NAME                                                           
--------------------------------------------------------------------------------
CON                                                                             
---                                                                             
                                                                                

TABLE_NAME                                                                      
--------------------------------------------------------------------------------
TABLESPACE_NAME                                                                 
------------------------------                                                  
CLUSTER_NAME                                                                    
--------------------------------------------------------------------------------
IOT_NAME                                                                        
--------------------------------------------------------------------------------
STATUS     PCT_FREE   PCT_USED  INI_TRANS  MAX_TRANS INITIAL_EXTENT NEXT_EXTENT 
-------- ---------- ---------- ---------- ---------- -------------- ----------- 
MIN_EXTENTS MAX_EXTENTS PCT_INCREASE  FREELISTS FREELIST_GROUPS LOG B   NUM_ROWS
----------- ----------- ------------ ---------- --------------- --- - ----------
    BLOCKS EMPTY_BLOCKS  AVG_SPACE  CHAIN_CNT AVG_ROW_LEN                       
---------- ------------ ---------- ---------- -----------                       
AVG_SPACE_FREELIST_BLOCKS NUM_FREELIST_BLOCKS                                   
------------------------- -------------------                                   
DEGREE                                                                          
----------------------------------------                                        
INSTANCES                                CACHE                TABLE_LO          
---------------------------------------- -------------------- --------          
SAMPLE_SIZE LAST_ANAL PAR IOT_TYPE     T S NES BUFFER_ FLASH_C CELL_FL ROW_MOVE 
----------- --------- --- ------------ - - --- ------- ------- ------- -------- 
GLO USE DURATION        SKIP_COR MON                                            
--- --- --------------- -------- ---                                            
CLUSTER_OWNER                                                                   
--------------------------------------------------------------------------------
DEPENDEN COMPRESS COMPRESS_FOR                   DRO REA SEG RESULT_ CLU        
-------- -------- ------------------------------ --- --- --- ------- ---        
ACTIVITY_TRACKING       DML_TIMESTAMP             HAS CON INMEMORY INMEMORY     
----------------------- ------------------------- --- --- -------- --------     
INMEMORY_DISTRI INMEMORY_COMPRESS INMEMORY_DUPL                                 
--------------- ----------------- -------------                                 
DEFAULT_COLLATION                                                               
--------------------------------------------------------------------------------
D S EXT CELLMEMORY               CON CON EXT EXT INMEMORY_SER                   
- - --- ------------------------ --- --- --- --- ------------                   
INMEMORY_SERVICE_NAME                                                           
--------------------------------------------------------------------------------
CON                                                                             
---                                                                             
                                                                                

TABLE_NAME                                                                      
--------------------------------------------------------------------------------
TABLESPACE_NAME                                                                 
------------------------------                                                  
CLUSTER_NAME                                                                    
--------------------------------------------------------------------------------
IOT_NAME                                                                        
--------------------------------------------------------------------------------
STATUS     PCT_FREE   PCT_USED  INI_TRANS  MAX_TRANS INITIAL_EXTENT NEXT_EXTENT 
-------- ---------- ---------- ---------- ---------- -------------- ----------- 
MIN_EXTENTS MAX_EXTENTS PCT_INCREASE  FREELISTS FREELIST_GROUPS LOG B   NUM_ROWS
----------- ----------- ------------ ---------- --------------- --- - ----------
    BLOCKS EMPTY_BLOCKS  AVG_SPACE  CHAIN_CNT AVG_ROW_LEN                       
---------- ------------ ---------- ---------- -----------                       
AVG_SPACE_FREELIST_BLOCKS NUM_FREELIST_BLOCKS                                   
------------------------- -------------------                                   
DEGREE                                                                          
----------------------------------------                                        
INSTANCES                                CACHE                TABLE_LO          
---------------------------------------- -------------------- --------          
SAMPLE_SIZE LAST_ANAL PAR IOT_TYPE     T S NES BUFFER_ FLASH_C CELL_FL ROW_MOVE 
----------- --------- --- ------------ - - --- ------- ------- ------- -------- 
GLO USE DURATION        SKIP_COR MON                                            
--- --- --------------- -------- ---                                            
CLUSTER_OWNER                                                                   
--------------------------------------------------------------------------------
DEPENDEN COMPRESS COMPRESS_FOR                   DRO REA SEG RESULT_ CLU        
-------- -------- ------------------------------ --- --- --- ------- ---        
ACTIVITY_TRACKING       DML_TIMESTAMP             HAS CON INMEMORY INMEMORY     
----------------------- ------------------------- --- --- -------- --------     
INMEMORY_DISTRI INMEMORY_COMPRESS INMEMORY_DUPL                                 
--------------- ----------------- -------------                                 
DEFAULT_COLLATION                                                               
--------------------------------------------------------------------------------
D S EXT CELLMEMORY               CON CON EXT EXT INMEMORY_SER                   
- - --- ------------------------ --- --- --- --- ------------                   
INMEMORY_SERVICE_NAME                                                           
--------------------------------------------------------------------------------
CON                                                                             
---                                                                             
VALID            10                     1        255          65536     1048576 

TABLE_NAME                                                                      
--------------------------------------------------------------------------------
TABLESPACE_NAME                                                                 
------------------------------                                                  
CLUSTER_NAME                                                                    
--------------------------------------------------------------------------------
IOT_NAME                                                                        
--------------------------------------------------------------------------------
STATUS     PCT_FREE   PCT_USED  INI_TRANS  MAX_TRANS INITIAL_EXTENT NEXT_EXTENT 
-------- ---------- ---------- ---------- ---------- -------------- ----------- 
MIN_EXTENTS MAX_EXTENTS PCT_INCREASE  FREELISTS FREELIST_GROUPS LOG B   NUM_ROWS
----------- ----------- ------------ ---------- --------------- --- - ----------
    BLOCKS EMPTY_BLOCKS  AVG_SPACE  CHAIN_CNT AVG_ROW_LEN                       
---------- ------------ ---------- ---------- -----------                       
AVG_SPACE_FREELIST_BLOCKS NUM_FREELIST_BLOCKS                                   
------------------------- -------------------                                   
DEGREE                                                                          
----------------------------------------                                        
INSTANCES                                CACHE                TABLE_LO          
---------------------------------------- -------------------- --------          
SAMPLE_SIZE LAST_ANAL PAR IOT_TYPE     T S NES BUFFER_ FLASH_C CELL_FL ROW_MOVE 
----------- --------- --- ------------ - - --- ------- ------- ------- -------- 
GLO USE DURATION        SKIP_COR MON                                            
--- --- --------------- -------- ---                                            
CLUSTER_OWNER                                                                   
--------------------------------------------------------------------------------
DEPENDEN COMPRESS COMPRESS_FOR                   DRO REA SEG RESULT_ CLU        
-------- -------- ------------------------------ --- --- --- ------- ---        
ACTIVITY_TRACKING       DML_TIMESTAMP             HAS CON INMEMORY INMEMORY     
----------------------- ------------------------- --- --- -------- --------     
INMEMORY_DISTRI INMEMORY_COMPRESS INMEMORY_DUPL                                 
--------------- ----------------- -------------                                 
DEFAULT_COLLATION                                                               
--------------------------------------------------------------------------------
D S EXT CELLMEMORY               CON CON EXT EXT INMEMORY_SER                   
- - --- ------------------------ --- --- --- --- ------------                   
INMEMORY_SERVICE_NAME                                                           
--------------------------------------------------------------------------------
CON                                                                             
---                                                                             
          1  2147483645                                         YES N          0

TABLE_NAME                                                                      
--------------------------------------------------------------------------------
TABLESPACE_NAME                                                                 
------------------------------                                                  
CLUSTER_NAME                                                                    
--------------------------------------------------------------------------------
IOT_NAME                                                                        
--------------------------------------------------------------------------------
STATUS     PCT_FREE   PCT_USED  INI_TRANS  MAX_TRANS INITIAL_EXTENT NEXT_EXTENT 
-------- ---------- ---------- ---------- ---------- -------------- ----------- 
MIN_EXTENTS MAX_EXTENTS PCT_INCREASE  FREELISTS FREELIST_GROUPS LOG B   NUM_ROWS
----------- ----------- ------------ ---------- --------------- --- - ----------
    BLOCKS EMPTY_BLOCKS  AVG_SPACE  CHAIN_CNT AVG_ROW_LEN                       
---------- ------------ ---------- ---------- -----------                       
AVG_SPACE_FREELIST_BLOCKS NUM_FREELIST_BLOCKS                                   
------------------------- -------------------                                   
DEGREE                                                                          
----------------------------------------                                        
INSTANCES                                CACHE                TABLE_LO          
---------------------------------------- -------------------- --------          
SAMPLE_SIZE LAST_ANAL PAR IOT_TYPE     T S NES BUFFER_ FLASH_C CELL_FL ROW_MOVE 
----------- --------- --- ------------ - - --- ------- ------- ------- -------- 
GLO USE DURATION        SKIP_COR MON                                            
--- --- --------------- -------- ---                                            
CLUSTER_OWNER                                                                   
--------------------------------------------------------------------------------
DEPENDEN COMPRESS COMPRESS_FOR                   DRO REA SEG RESULT_ CLU        
-------- -------- ------------------------------ --- --- --- ------- ---        
ACTIVITY_TRACKING       DML_TIMESTAMP             HAS CON INMEMORY INMEMORY     
----------------------- ------------------------- --- --- -------- --------     
INMEMORY_DISTRI INMEMORY_COMPRESS INMEMORY_DUPL                                 
--------------- ----------------- -------------                                 
DEFAULT_COLLATION                                                               
--------------------------------------------------------------------------------
D S EXT CELLMEMORY               CON CON EXT EXT INMEMORY_SER                   
- - --- ------------------------ --- --- --- --- ------------                   
INMEMORY_SERVICE_NAME                                                           
--------------------------------------------------------------------------------
CON                                                                             
---                                                                             
         0            0          0          0           0                       

TABLE_NAME                                                                      
--------------------------------------------------------------------------------
TABLESPACE_NAME                                                                 
------------------------------                                                  
CLUSTER_NAME                                                                    
--------------------------------------------------------------------------------
IOT_NAME                                                                        
--------------------------------------------------------------------------------
STATUS     PCT_FREE   PCT_USED  INI_TRANS  MAX_TRANS INITIAL_EXTENT NEXT_EXTENT 
-------- ---------- ---------- ---------- ---------- -------------- ----------- 
MIN_EXTENTS MAX_EXTENTS PCT_INCREASE  FREELISTS FREELIST_GROUPS LOG B   NUM_ROWS
----------- ----------- ------------ ---------- --------------- --- - ----------
    BLOCKS EMPTY_BLOCKS  AVG_SPACE  CHAIN_CNT AVG_ROW_LEN                       
---------- ------------ ---------- ---------- -----------                       
AVG_SPACE_FREELIST_BLOCKS NUM_FREELIST_BLOCKS                                   
------------------------- -------------------                                   
DEGREE                                                                          
----------------------------------------                                        
INSTANCES                                CACHE                TABLE_LO          
---------------------------------------- -------------------- --------          
SAMPLE_SIZE LAST_ANAL PAR IOT_TYPE     T S NES BUFFER_ FLASH_C CELL_FL ROW_MOVE 
----------- --------- --- ------------ - - --- ------- ------- ------- -------- 
GLO USE DURATION        SKIP_COR MON                                            
--- --- --------------- -------- ---                                            
CLUSTER_OWNER                                                                   
--------------------------------------------------------------------------------
DEPENDEN COMPRESS COMPRESS_FOR                   DRO REA SEG RESULT_ CLU        
-------- -------- ------------------------------ --- --- --- ------- ---        
ACTIVITY_TRACKING       DML_TIMESTAMP             HAS CON INMEMORY INMEMORY     
----------------------- ------------------------- --- --- -------- --------     
INMEMORY_DISTRI INMEMORY_COMPRESS INMEMORY_DUPL                                 
--------------- ----------------- -------------                                 
DEFAULT_COLLATION                                                               
--------------------------------------------------------------------------------
D S EXT CELLMEMORY               CON CON EXT EXT INMEMORY_SER                   
- - --- ------------------------ --- --- --- --- ------------                   
INMEMORY_SERVICE_NAME                                                           
--------------------------------------------------------------------------------
CON                                                                             
---                                                                             
                        0                   0                                   

TABLE_NAME                                                                      
--------------------------------------------------------------------------------
TABLESPACE_NAME                                                                 
------------------------------                                                  
CLUSTER_NAME                                                                    
--------------------------------------------------------------------------------
IOT_NAME                                                                        
--------------------------------------------------------------------------------
STATUS     PCT_FREE   PCT_USED  INI_TRANS  MAX_TRANS INITIAL_EXTENT NEXT_EXTENT 
-------- ---------- ---------- ---------- ---------- -------------- ----------- 
MIN_EXTENTS MAX_EXTENTS PCT_INCREASE  FREELISTS FREELIST_GROUPS LOG B   NUM_ROWS
----------- ----------- ------------ ---------- --------------- --- - ----------
    BLOCKS EMPTY_BLOCKS  AVG_SPACE  CHAIN_CNT AVG_ROW_LEN                       
---------- ------------ ---------- ---------- -----------                       
AVG_SPACE_FREELIST_BLOCKS NUM_FREELIST_BLOCKS                                   
------------------------- -------------------                                   
DEGREE                                                                          
----------------------------------------                                        
INSTANCES                                CACHE                TABLE_LO          
---------------------------------------- -------------------- --------          
SAMPLE_SIZE LAST_ANAL PAR IOT_TYPE     T S NES BUFFER_ FLASH_C CELL_FL ROW_MOVE 
----------- --------- --- ------------ - - --- ------- ------- ------- -------- 
GLO USE DURATION        SKIP_COR MON                                            
--- --- --------------- -------- ---                                            
CLUSTER_OWNER                                                                   
--------------------------------------------------------------------------------
DEPENDEN COMPRESS COMPRESS_FOR                   DRO REA SEG RESULT_ CLU        
-------- -------- ------------------------------ --- --- --- ------- ---        
ACTIVITY_TRACKING       DML_TIMESTAMP             HAS CON INMEMORY INMEMORY     
----------------------- ------------------------- --- --- -------- --------     
INMEMORY_DISTRI INMEMORY_COMPRESS INMEMORY_DUPL                                 
--------------- ----------------- -------------                                 
DEFAULT_COLLATION                                                               
--------------------------------------------------------------------------------
D S EXT CELLMEMORY               CON CON EXT EXT INMEMORY_SER                   
- - --- ------------------------ --- --- --- --- ------------                   
INMEMORY_SERVICE_NAME                                                           
--------------------------------------------------------------------------------
CON                                                                             
---                                                                             
         1                                                                      

TABLE_NAME                                                                      
--------------------------------------------------------------------------------
TABLESPACE_NAME                                                                 
------------------------------                                                  
CLUSTER_NAME                                                                    
--------------------------------------------------------------------------------
IOT_NAME                                                                        
--------------------------------------------------------------------------------
STATUS     PCT_FREE   PCT_USED  INI_TRANS  MAX_TRANS INITIAL_EXTENT NEXT_EXTENT 
-------- ---------- ---------- ---------- ---------- -------------- ----------- 
MIN_EXTENTS MAX_EXTENTS PCT_INCREASE  FREELISTS FREELIST_GROUPS LOG B   NUM_ROWS
----------- ----------- ------------ ---------- --------------- --- - ----------
    BLOCKS EMPTY_BLOCKS  AVG_SPACE  CHAIN_CNT AVG_ROW_LEN                       
---------- ------------ ---------- ---------- -----------                       
AVG_SPACE_FREELIST_BLOCKS NUM_FREELIST_BLOCKS                                   
------------------------- -------------------                                   
DEGREE                                                                          
----------------------------------------                                        
INSTANCES                                CACHE                TABLE_LO          
---------------------------------------- -------------------- --------          
SAMPLE_SIZE LAST_ANAL PAR IOT_TYPE     T S NES BUFFER_ FLASH_C CELL_FL ROW_MOVE 
----------- --------- --- ------------ - - --- ------- ------- ------- -------- 
GLO USE DURATION        SKIP_COR MON                                            
--- --- --------------- -------- ---                                            
CLUSTER_OWNER                                                                   
--------------------------------------------------------------------------------
DEPENDEN COMPRESS COMPRESS_FOR                   DRO REA SEG RESULT_ CLU        
-------- -------- ------------------------------ --- --- --- ------- ---        
ACTIVITY_TRACKING       DML_TIMESTAMP             HAS CON INMEMORY INMEMORY     
----------------------- ------------------------- --- --- -------- --------     
INMEMORY_DISTRI INMEMORY_COMPRESS INMEMORY_DUPL                                 
--------------- ----------------- -------------                                 
DEFAULT_COLLATION                                                               
--------------------------------------------------------------------------------
D S EXT CELLMEMORY               CON CON EXT EXT INMEMORY_SER                   
- - --- ------------------------ --- --- --- --- ------------                   
INMEMORY_SERVICE_NAME                                                           
--------------------------------------------------------------------------------
CON                                                                             
---                                                                             
         1                                   N                ENABLED           

TABLE_NAME                                                                      
--------------------------------------------------------------------------------
TABLESPACE_NAME                                                                 
------------------------------                                                  
CLUSTER_NAME                                                                    
--------------------------------------------------------------------------------
IOT_NAME                                                                        
--------------------------------------------------------------------------------
STATUS     PCT_FREE   PCT_USED  INI_TRANS  MAX_TRANS INITIAL_EXTENT NEXT_EXTENT 
-------- ---------- ---------- ---------- ---------- -------------- ----------- 
MIN_EXTENTS MAX_EXTENTS PCT_INCREASE  FREELISTS FREELIST_GROUPS LOG B   NUM_ROWS
----------- ----------- ------------ ---------- --------------- --- - ----------
    BLOCKS EMPTY_BLOCKS  AVG_SPACE  CHAIN_CNT AVG_ROW_LEN                       
---------- ------------ ---------- ---------- -----------                       
AVG_SPACE_FREELIST_BLOCKS NUM_FREELIST_BLOCKS                                   
------------------------- -------------------                                   
DEGREE                                                                          
----------------------------------------                                        
INSTANCES                                CACHE                TABLE_LO          
---------------------------------------- -------------------- --------          
SAMPLE_SIZE LAST_ANAL PAR IOT_TYPE     T S NES BUFFER_ FLASH_C CELL_FL ROW_MOVE 
----------- --------- --- ------------ - - --- ------- ------- ------- -------- 
GLO USE DURATION        SKIP_COR MON                                            
--- --- --------------- -------- ---                                            
CLUSTER_OWNER                                                                   
--------------------------------------------------------------------------------
DEPENDEN COMPRESS COMPRESS_FOR                   DRO REA SEG RESULT_ CLU        
-------- -------- ------------------------------ --- --- --- ------- ---        
ACTIVITY_TRACKING       DML_TIMESTAMP             HAS CON INMEMORY INMEMORY     
----------------------- ------------------------- --- --- -------- --------     
INMEMORY_DISTRI INMEMORY_COMPRESS INMEMORY_DUPL                                 
--------------- ----------------- -------------                                 
DEFAULT_COLLATION                                                               
--------------------------------------------------------------------------------
D S EXT CELLMEMORY               CON CON EXT EXT INMEMORY_SER                   
- - --- ------------------------ --- --- --- --- ------------                   
INMEMORY_SERVICE_NAME                                                           
--------------------------------------------------------------------------------
CON                                                                             
---                                                                             
          0 30-OCT-19 NO               N N NO  DEFAULT DEFAULT DEFAULT DISABLED 

TABLE_NAME                                                                      
--------------------------------------------------------------------------------
TABLESPACE_NAME                                                                 
------------------------------                                                  
CLUSTER_NAME                                                                    
--------------------------------------------------------------------------------
IOT_NAME                                                                        
--------------------------------------------------------------------------------
STATUS     PCT_FREE   PCT_USED  INI_TRANS  MAX_TRANS INITIAL_EXTENT NEXT_EXTENT 
-------- ---------- ---------- ---------- ---------- -------------- ----------- 
MIN_EXTENTS MAX_EXTENTS PCT_INCREASE  FREELISTS FREELIST_GROUPS LOG B   NUM_ROWS
----------- ----------- ------------ ---------- --------------- --- - ----------
    BLOCKS EMPTY_BLOCKS  AVG_SPACE  CHAIN_CNT AVG_ROW_LEN                       
---------- ------------ ---------- ---------- -----------                       
AVG_SPACE_FREELIST_BLOCKS NUM_FREELIST_BLOCKS                                   
------------------------- -------------------                                   
DEGREE                                                                          
----------------------------------------                                        
INSTANCES                                CACHE                TABLE_LO          
---------------------------------------- -------------------- --------          
SAMPLE_SIZE LAST_ANAL PAR IOT_TYPE     T S NES BUFFER_ FLASH_C CELL_FL ROW_MOVE 
----------- --------- --- ------------ - - --- ------- ------- ------- -------- 
GLO USE DURATION        SKIP_COR MON                                            
--- --- --------------- -------- ---                                            
CLUSTER_OWNER                                                                   
--------------------------------------------------------------------------------
DEPENDEN COMPRESS COMPRESS_FOR                   DRO REA SEG RESULT_ CLU        
-------- -------- ------------------------------ --- --- --- ------- ---        
ACTIVITY_TRACKING       DML_TIMESTAMP             HAS CON INMEMORY INMEMORY     
----------------------- ------------------------- --- --- -------- --------     
INMEMORY_DISTRI INMEMORY_COMPRESS INMEMORY_DUPL                                 
--------------- ----------------- -------------                                 
DEFAULT_COLLATION                                                               
--------------------------------------------------------------------------------
D S EXT CELLMEMORY               CON CON EXT EXT INMEMORY_SER                   
- - --- ------------------------ --- --- --- --- ------------                   
INMEMORY_SERVICE_NAME                                                           
--------------------------------------------------------------------------------
CON                                                                             
---                                                                             
YES NO                  DISABLED YES                                            

TABLE_NAME                                                                      
--------------------------------------------------------------------------------
TABLESPACE_NAME                                                                 
------------------------------                                                  
CLUSTER_NAME                                                                    
--------------------------------------------------------------------------------
IOT_NAME                                                                        
--------------------------------------------------------------------------------
STATUS     PCT_FREE   PCT_USED  INI_TRANS  MAX_TRANS INITIAL_EXTENT NEXT_EXTENT 
-------- ---------- ---------- ---------- ---------- -------------- ----------- 
MIN_EXTENTS MAX_EXTENTS PCT_INCREASE  FREELISTS FREELIST_GROUPS LOG B   NUM_ROWS
----------- ----------- ------------ ---------- --------------- --- - ----------
    BLOCKS EMPTY_BLOCKS  AVG_SPACE  CHAIN_CNT AVG_ROW_LEN                       
---------- ------------ ---------- ---------- -----------                       
AVG_SPACE_FREELIST_BLOCKS NUM_FREELIST_BLOCKS                                   
------------------------- -------------------                                   
DEGREE                                                                          
----------------------------------------                                        
INSTANCES                                CACHE                TABLE_LO          
---------------------------------------- -------------------- --------          
SAMPLE_SIZE LAST_ANAL PAR IOT_TYPE     T S NES BUFFER_ FLASH_C CELL_FL ROW_MOVE 
----------- --------- --- ------------ - - --- ------- ------- ------- -------- 
GLO USE DURATION        SKIP_COR MON                                            
--- --- --------------- -------- ---                                            
CLUSTER_OWNER                                                                   
--------------------------------------------------------------------------------
DEPENDEN COMPRESS COMPRESS_FOR                   DRO REA SEG RESULT_ CLU        
-------- -------- ------------------------------ --- --- --- ------- ---        
ACTIVITY_TRACKING       DML_TIMESTAMP             HAS CON INMEMORY INMEMORY     
----------------------- ------------------------- --- --- -------- --------     
INMEMORY_DISTRI INMEMORY_COMPRESS INMEMORY_DUPL                                 
--------------- ----------------- -------------                                 
DEFAULT_COLLATION                                                               
--------------------------------------------------------------------------------
D S EXT CELLMEMORY               CON CON EXT EXT INMEMORY_SER                   
- - --- ------------------------ --- --- --- --- ------------                   
INMEMORY_SERVICE_NAME                                                           
--------------------------------------------------------------------------------
CON                                                                             
---                                                                             
                                                                                

TABLE_NAME                                                                      
--------------------------------------------------------------------------------
TABLESPACE_NAME                                                                 
------------------------------                                                  
CLUSTER_NAME                                                                    
--------------------------------------------------------------------------------
IOT_NAME                                                                        
--------------------------------------------------------------------------------
STATUS     PCT_FREE   PCT_USED  INI_TRANS  MAX_TRANS INITIAL_EXTENT NEXT_EXTENT 
-------- ---------- ---------- ---------- ---------- -------------- ----------- 
MIN_EXTENTS MAX_EXTENTS PCT_INCREASE  FREELISTS FREELIST_GROUPS LOG B   NUM_ROWS
----------- ----------- ------------ ---------- --------------- --- - ----------
    BLOCKS EMPTY_BLOCKS  AVG_SPACE  CHAIN_CNT AVG_ROW_LEN                       
---------- ------------ ---------- ---------- -----------                       
AVG_SPACE_FREELIST_BLOCKS NUM_FREELIST_BLOCKS                                   
------------------------- -------------------                                   
DEGREE                                                                          
----------------------------------------                                        
INSTANCES                                CACHE                TABLE_LO          
---------------------------------------- -------------------- --------          
SAMPLE_SIZE LAST_ANAL PAR IOT_TYPE     T S NES BUFFER_ FLASH_C CELL_FL ROW_MOVE 
----------- --------- --- ------------ - - --- ------- ------- ------- -------- 
GLO USE DURATION        SKIP_COR MON                                            
--- --- --------------- -------- ---                                            
CLUSTER_OWNER                                                                   
--------------------------------------------------------------------------------
DEPENDEN COMPRESS COMPRESS_FOR                   DRO REA SEG RESULT_ CLU        
-------- -------- ------------------------------ --- --- --- ------- ---        
ACTIVITY_TRACKING       DML_TIMESTAMP             HAS CON INMEMORY INMEMORY     
----------------------- ------------------------- --- --- -------- --------     
INMEMORY_DISTRI INMEMORY_COMPRESS INMEMORY_DUPL                                 
--------------- ----------------- -------------                                 
DEFAULT_COLLATION                                                               
--------------------------------------------------------------------------------
D S EXT CELLMEMORY               CON CON EXT EXT INMEMORY_SER                   
- - --- ------------------------ --- --- --- --- ------------                   
INMEMORY_SERVICE_NAME                                                           
--------------------------------------------------------------------------------
CON                                                                             
---                                                                             
DISABLED DISABLED                                NO  NO  YES DEFAULT NO         

TABLE_NAME                                                                      
--------------------------------------------------------------------------------
TABLESPACE_NAME                                                                 
------------------------------                                                  
CLUSTER_NAME                                                                    
--------------------------------------------------------------------------------
IOT_NAME                                                                        
--------------------------------------------------------------------------------
STATUS     PCT_FREE   PCT_USED  INI_TRANS  MAX_TRANS INITIAL_EXTENT NEXT_EXTENT 
-------- ---------- ---------- ---------- ---------- -------------- ----------- 
MIN_EXTENTS MAX_EXTENTS PCT_INCREASE  FREELISTS FREELIST_GROUPS LOG B   NUM_ROWS
----------- ----------- ------------ ---------- --------------- --- - ----------
    BLOCKS EMPTY_BLOCKS  AVG_SPACE  CHAIN_CNT AVG_ROW_LEN                       
---------- ------------ ---------- ---------- -----------                       
AVG_SPACE_FREELIST_BLOCKS NUM_FREELIST_BLOCKS                                   
------------------------- -------------------                                   
DEGREE                                                                          
----------------------------------------                                        
INSTANCES                                CACHE                TABLE_LO          
---------------------------------------- -------------------- --------          
SAMPLE_SIZE LAST_ANAL PAR IOT_TYPE     T S NES BUFFER_ FLASH_C CELL_FL ROW_MOVE 
----------- --------- --- ------------ - - --- ------- ------- ------- -------- 
GLO USE DURATION        SKIP_COR MON                                            
--- --- --------------- -------- ---                                            
CLUSTER_OWNER                                                                   
--------------------------------------------------------------------------------
DEPENDEN COMPRESS COMPRESS_FOR                   DRO REA SEG RESULT_ CLU        
-------- -------- ------------------------------ --- --- --- ------- ---        
ACTIVITY_TRACKING       DML_TIMESTAMP             HAS CON INMEMORY INMEMORY     
----------------------- ------------------------- --- --- -------- --------     
INMEMORY_DISTRI INMEMORY_COMPRESS INMEMORY_DUPL                                 
--------------- ----------------- -------------                                 
DEFAULT_COLLATION                                                               
--------------------------------------------------------------------------------
D S EXT CELLMEMORY               CON CON EXT EXT INMEMORY_SER                   
- - --- ------------------------ --- --- --- --- ------------                   
INMEMORY_SERVICE_NAME                                                           
--------------------------------------------------------------------------------
CON                                                                             
---                                                                             
                                                  NO  NO  DISABLED              

TABLE_NAME                                                                      
--------------------------------------------------------------------------------
TABLESPACE_NAME                                                                 
------------------------------                                                  
CLUSTER_NAME                                                                    
--------------------------------------------------------------------------------
IOT_NAME                                                                        
--------------------------------------------------------------------------------
STATUS     PCT_FREE   PCT_USED  INI_TRANS  MAX_TRANS INITIAL_EXTENT NEXT_EXTENT 
-------- ---------- ---------- ---------- ---------- -------------- ----------- 
MIN_EXTENTS MAX_EXTENTS PCT_INCREASE  FREELISTS FREELIST_GROUPS LOG B   NUM_ROWS
----------- ----------- ------------ ---------- --------------- --- - ----------
    BLOCKS EMPTY_BLOCKS  AVG_SPACE  CHAIN_CNT AVG_ROW_LEN                       
---------- ------------ ---------- ---------- -----------                       
AVG_SPACE_FREELIST_BLOCKS NUM_FREELIST_BLOCKS                                   
------------------------- -------------------                                   
DEGREE                                                                          
----------------------------------------                                        
INSTANCES                                CACHE                TABLE_LO          
---------------------------------------- -------------------- --------          
SAMPLE_SIZE LAST_ANAL PAR IOT_TYPE     T S NES BUFFER_ FLASH_C CELL_FL ROW_MOVE 
----------- --------- --- ------------ - - --- ------- ------- ------- -------- 
GLO USE DURATION        SKIP_COR MON                                            
--- --- --------------- -------- ---                                            
CLUSTER_OWNER                                                                   
--------------------------------------------------------------------------------
DEPENDEN COMPRESS COMPRESS_FOR                   DRO REA SEG RESULT_ CLU        
-------- -------- ------------------------------ --- --- --- ------- ---        
ACTIVITY_TRACKING       DML_TIMESTAMP             HAS CON INMEMORY INMEMORY     
----------------------- ------------------------- --- --- -------- --------     
INMEMORY_DISTRI INMEMORY_COMPRESS INMEMORY_DUPL                                 
--------------- ----------------- -------------                                 
DEFAULT_COLLATION                                                               
--------------------------------------------------------------------------------
D S EXT CELLMEMORY               CON CON EXT EXT INMEMORY_SER                   
- - --- ------------------------ --- --- --- --- ------------                   
INMEMORY_SERVICE_NAME                                                           
--------------------------------------------------------------------------------
CON                                                                             
---                                                                             
                                                                                

TABLE_NAME                                                                      
--------------------------------------------------------------------------------
TABLESPACE_NAME                                                                 
------------------------------                                                  
CLUSTER_NAME                                                                    
--------------------------------------------------------------------------------
IOT_NAME                                                                        
--------------------------------------------------------------------------------
STATUS     PCT_FREE   PCT_USED  INI_TRANS  MAX_TRANS INITIAL_EXTENT NEXT_EXTENT 
-------- ---------- ---------- ---------- ---------- -------------- ----------- 
MIN_EXTENTS MAX_EXTENTS PCT_INCREASE  FREELISTS FREELIST_GROUPS LOG B   NUM_ROWS
----------- ----------- ------------ ---------- --------------- --- - ----------
    BLOCKS EMPTY_BLOCKS  AVG_SPACE  CHAIN_CNT AVG_ROW_LEN                       
---------- ------------ ---------- ---------- -----------                       
AVG_SPACE_FREELIST_BLOCKS NUM_FREELIST_BLOCKS                                   
------------------------- -------------------                                   
DEGREE                                                                          
----------------------------------------                                        
INSTANCES                                CACHE                TABLE_LO          
---------------------------------------- -------------------- --------          
SAMPLE_SIZE LAST_ANAL PAR IOT_TYPE     T S NES BUFFER_ FLASH_C CELL_FL ROW_MOVE 
----------- --------- --- ------------ - - --- ------- ------- ------- -------- 
GLO USE DURATION        SKIP_COR MON                                            
--- --- --------------- -------- ---                                            
CLUSTER_OWNER                                                                   
--------------------------------------------------------------------------------
DEPENDEN COMPRESS COMPRESS_FOR                   DRO REA SEG RESULT_ CLU        
-------- -------- ------------------------------ --- --- --- ------- ---        
ACTIVITY_TRACKING       DML_TIMESTAMP             HAS CON INMEMORY INMEMORY     
----------------------- ------------------------- --- --- -------- --------     
INMEMORY_DISTRI INMEMORY_COMPRESS INMEMORY_DUPL                                 
--------------- ----------------- -------------                                 
DEFAULT_COLLATION                                                               
--------------------------------------------------------------------------------
D S EXT CELLMEMORY               CON CON EXT EXT INMEMORY_SER                   
- - --- ------------------------ --- --- --- --- ------------                   
INMEMORY_SERVICE_NAME                                                           
--------------------------------------------------------------------------------
CON                                                                             
---                                                                             
USING_NLS_COMP                                                                  

TABLE_NAME                                                                      
--------------------------------------------------------------------------------
TABLESPACE_NAME                                                                 
------------------------------                                                  
CLUSTER_NAME                                                                    
--------------------------------------------------------------------------------
IOT_NAME                                                                        
--------------------------------------------------------------------------------
STATUS     PCT_FREE   PCT_USED  INI_TRANS  MAX_TRANS INITIAL_EXTENT NEXT_EXTENT 
-------- ---------- ---------- ---------- ---------- -------------- ----------- 
MIN_EXTENTS MAX_EXTENTS PCT_INCREASE  FREELISTS FREELIST_GROUPS LOG B   NUM_ROWS
----------- ----------- ------------ ---------- --------------- --- - ----------
    BLOCKS EMPTY_BLOCKS  AVG_SPACE  CHAIN_CNT AVG_ROW_LEN                       
---------- ------------ ---------- ---------- -----------                       
AVG_SPACE_FREELIST_BLOCKS NUM_FREELIST_BLOCKS                                   
------------------------- -------------------                                   
DEGREE                                                                          
----------------------------------------                                        
INSTANCES                                CACHE                TABLE_LO          
---------------------------------------- -------------------- --------          
SAMPLE_SIZE LAST_ANAL PAR IOT_TYPE     T S NES BUFFER_ FLASH_C CELL_FL ROW_MOVE 
----------- --------- --- ------------ - - --- ------- ------- ------- -------- 
GLO USE DURATION        SKIP_COR MON                                            
--- --- --------------- -------- ---                                            
CLUSTER_OWNER                                                                   
--------------------------------------------------------------------------------
DEPENDEN COMPRESS COMPRESS_FOR                   DRO REA SEG RESULT_ CLU        
-------- -------- ------------------------------ --- --- --- ------- ---        
ACTIVITY_TRACKING       DML_TIMESTAMP             HAS CON INMEMORY INMEMORY     
----------------------- ------------------------- --- --- -------- --------     
INMEMORY_DISTRI INMEMORY_COMPRESS INMEMORY_DUPL                                 
--------------- ----------------- -------------                                 
DEFAULT_COLLATION                                                               
--------------------------------------------------------------------------------
D S EXT CELLMEMORY               CON CON EXT EXT INMEMORY_SER                   
- - --- ------------------------ --- --- --- --- ------------                   
INMEMORY_SERVICE_NAME                                                           
--------------------------------------------------------------------------------
CON                                                                             
---                                                                             
N N NO                           NO  NO  NO  NO                                 

TABLE_NAME                                                                      
--------------------------------------------------------------------------------
TABLESPACE_NAME                                                                 
------------------------------                                                  
CLUSTER_NAME                                                                    
--------------------------------------------------------------------------------
IOT_NAME                                                                        
--------------------------------------------------------------------------------
STATUS     PCT_FREE   PCT_USED  INI_TRANS  MAX_TRANS INITIAL_EXTENT NEXT_EXTENT 
-------- ---------- ---------- ---------- ---------- -------------- ----------- 
MIN_EXTENTS MAX_EXTENTS PCT_INCREASE  FREELISTS FREELIST_GROUPS LOG B   NUM_ROWS
----------- ----------- ------------ ---------- --------------- --- - ----------
    BLOCKS EMPTY_BLOCKS  AVG_SPACE  CHAIN_CNT AVG_ROW_LEN                       
---------- ------------ ---------- ---------- -----------                       
AVG_SPACE_FREELIST_BLOCKS NUM_FREELIST_BLOCKS                                   
------------------------- -------------------                                   
DEGREE                                                                          
----------------------------------------                                        
INSTANCES                                CACHE                TABLE_LO          
---------------------------------------- -------------------- --------          
SAMPLE_SIZE LAST_ANAL PAR IOT_TYPE     T S NES BUFFER_ FLASH_C CELL_FL ROW_MOVE 
----------- --------- --- ------------ - - --- ------- ------- ------- -------- 
GLO USE DURATION        SKIP_COR MON                                            
--- --- --------------- -------- ---                                            
CLUSTER_OWNER                                                                   
--------------------------------------------------------------------------------
DEPENDEN COMPRESS COMPRESS_FOR                   DRO REA SEG RESULT_ CLU        
-------- -------- ------------------------------ --- --- --- ------- ---        
ACTIVITY_TRACKING       DML_TIMESTAMP             HAS CON INMEMORY INMEMORY     
----------------------- ------------------------- --- --- -------- --------     
INMEMORY_DISTRI INMEMORY_COMPRESS INMEMORY_DUPL                                 
--------------- ----------------- -------------                                 
DEFAULT_COLLATION                                                               
--------------------------------------------------------------------------------
D S EXT CELLMEMORY               CON CON EXT EXT INMEMORY_SER                   
- - --- ------------------------ --- --- --- --- ------------                   
INMEMORY_SERVICE_NAME                                                           
--------------------------------------------------------------------------------
CON                                                                             
---                                                                             
                                                                                

TABLE_NAME                                                                      
--------------------------------------------------------------------------------
TABLESPACE_NAME                                                                 
------------------------------                                                  
CLUSTER_NAME                                                                    
--------------------------------------------------------------------------------
IOT_NAME                                                                        
--------------------------------------------------------------------------------
STATUS     PCT_FREE   PCT_USED  INI_TRANS  MAX_TRANS INITIAL_EXTENT NEXT_EXTENT 
-------- ---------- ---------- ---------- ---------- -------------- ----------- 
MIN_EXTENTS MAX_EXTENTS PCT_INCREASE  FREELISTS FREELIST_GROUPS LOG B   NUM_ROWS
----------- ----------- ------------ ---------- --------------- --- - ----------
    BLOCKS EMPTY_BLOCKS  AVG_SPACE  CHAIN_CNT AVG_ROW_LEN                       
---------- ------------ ---------- ---------- -----------                       
AVG_SPACE_FREELIST_BLOCKS NUM_FREELIST_BLOCKS                                   
------------------------- -------------------                                   
DEGREE                                                                          
----------------------------------------                                        
INSTANCES                                CACHE                TABLE_LO          
---------------------------------------- -------------------- --------          
SAMPLE_SIZE LAST_ANAL PAR IOT_TYPE     T S NES BUFFER_ FLASH_C CELL_FL ROW_MOVE 
----------- --------- --- ------------ - - --- ------- ------- ------- -------- 
GLO USE DURATION        SKIP_COR MON                                            
--- --- --------------- -------- ---                                            
CLUSTER_OWNER                                                                   
--------------------------------------------------------------------------------
DEPENDEN COMPRESS COMPRESS_FOR                   DRO REA SEG RESULT_ CLU        
-------- -------- ------------------------------ --- --- --- ------- ---        
ACTIVITY_TRACKING       DML_TIMESTAMP             HAS CON INMEMORY INMEMORY     
----------------------- ------------------------- --- --- -------- --------     
INMEMORY_DISTRI INMEMORY_COMPRESS INMEMORY_DUPL                                 
--------------- ----------------- -------------                                 
DEFAULT_COLLATION                                                               
--------------------------------------------------------------------------------
D S EXT CELLMEMORY               CON CON EXT EXT INMEMORY_SER                   
- - --- ------------------------ --- --- --- --- ------------                   
INMEMORY_SERVICE_NAME                                                           
--------------------------------------------------------------------------------
CON                                                                             
---                                                                             
NO                                                                              

TABLE_NAME                                                                      
--------------------------------------------------------------------------------
TABLESPACE_NAME                                                                 
------------------------------                                                  
CLUSTER_NAME                                                                    
--------------------------------------------------------------------------------
IOT_NAME                                                                        
--------------------------------------------------------------------------------
STATUS     PCT_FREE   PCT_USED  INI_TRANS  MAX_TRANS INITIAL_EXTENT NEXT_EXTENT 
-------- ---------- ---------- ---------- ---------- -------------- ----------- 
MIN_EXTENTS MAX_EXTENTS PCT_INCREASE  FREELISTS FREELIST_GROUPS LOG B   NUM_ROWS
----------- ----------- ------------ ---------- --------------- --- - ----------
    BLOCKS EMPTY_BLOCKS  AVG_SPACE  CHAIN_CNT AVG_ROW_LEN                       
---------- ------------ ---------- ---------- -----------                       
AVG_SPACE_FREELIST_BLOCKS NUM_FREELIST_BLOCKS                                   
------------------------- -------------------                                   
DEGREE                                                                          
----------------------------------------                                        
INSTANCES                                CACHE                TABLE_LO          
---------------------------------------- -------------------- --------          
SAMPLE_SIZE LAST_ANAL PAR IOT_TYPE     T S NES BUFFER_ FLASH_C CELL_FL ROW_MOVE 
----------- --------- --- ------------ - - --- ------- ------- ------- -------- 
GLO USE DURATION        SKIP_COR MON                                            
--- --- --------------- -------- ---                                            
CLUSTER_OWNER                                                                   
--------------------------------------------------------------------------------
DEPENDEN COMPRESS COMPRESS_FOR                   DRO REA SEG RESULT_ CLU        
-------- -------- ------------------------------ --- --- --- ------- ---        
ACTIVITY_TRACKING       DML_TIMESTAMP             HAS CON INMEMORY INMEMORY     
----------------------- ------------------------- --- --- -------- --------     
INMEMORY_DISTRI INMEMORY_COMPRESS INMEMORY_DUPL                                 
--------------- ----------------- -------------                                 
DEFAULT_COLLATION                                                               
--------------------------------------------------------------------------------
D S EXT CELLMEMORY               CON CON EXT EXT INMEMORY_SER                   
- - --- ------------------------ --- --- --- --- ------------                   
INMEMORY_SERVICE_NAME                                                           
--------------------------------------------------------------------------------
CON                                                                             
---                                                                             
                                                                                

TABLE_NAME                                                                      
--------------------------------------------------------------------------------
TABLESPACE_NAME                                                                 
------------------------------                                                  
CLUSTER_NAME                                                                    
--------------------------------------------------------------------------------
IOT_NAME                                                                        
--------------------------------------------------------------------------------
STATUS     PCT_FREE   PCT_USED  INI_TRANS  MAX_TRANS INITIAL_EXTENT NEXT_EXTENT 
-------- ---------- ---------- ---------- ---------- -------------- ----------- 
MIN_EXTENTS MAX_EXTENTS PCT_INCREASE  FREELISTS FREELIST_GROUPS LOG B   NUM_ROWS
----------- ----------- ------------ ---------- --------------- --- - ----------
    BLOCKS EMPTY_BLOCKS  AVG_SPACE  CHAIN_CNT AVG_ROW_LEN                       
---------- ------------ ---------- ---------- -----------                       
AVG_SPACE_FREELIST_BLOCKS NUM_FREELIST_BLOCKS                                   
------------------------- -------------------                                   
DEGREE                                                                          
----------------------------------------                                        
INSTANCES                                CACHE                TABLE_LO          
---------------------------------------- -------------------- --------          
SAMPLE_SIZE LAST_ANAL PAR IOT_TYPE     T S NES BUFFER_ FLASH_C CELL_FL ROW_MOVE 
----------- --------- --- ------------ - - --- ------- ------- ------- -------- 
GLO USE DURATION        SKIP_COR MON                                            
--- --- --------------- -------- ---                                            
CLUSTER_OWNER                                                                   
--------------------------------------------------------------------------------
DEPENDEN COMPRESS COMPRESS_FOR                   DRO REA SEG RESULT_ CLU        
-------- -------- ------------------------------ --- --- --- ------- ---        
ACTIVITY_TRACKING       DML_TIMESTAMP             HAS CON INMEMORY INMEMORY     
----------------------- ------------------------- --- --- -------- --------     
INMEMORY_DISTRI INMEMORY_COMPRESS INMEMORY_DUPL                                 
--------------- ----------------- -------------                                 
DEFAULT_COLLATION                                                               
--------------------------------------------------------------------------------
D S EXT CELLMEMORY               CON CON EXT EXT INMEMORY_SER                   
- - --- ------------------------ --- --- --- --- ------------                   
INMEMORY_SERVICE_NAME                                                           
--------------------------------------------------------------------------------
CON                                                                             
---                                                                             
PROFESOR                                                                        

TABLE_NAME                                                                      
--------------------------------------------------------------------------------
TABLESPACE_NAME                                                                 
------------------------------                                                  
CLUSTER_NAME                                                                    
--------------------------------------------------------------------------------
IOT_NAME                                                                        
--------------------------------------------------------------------------------
STATUS     PCT_FREE   PCT_USED  INI_TRANS  MAX_TRANS INITIAL_EXTENT NEXT_EXTENT 
-------- ---------- ---------- ---------- ---------- -------------- ----------- 
MIN_EXTENTS MAX_EXTENTS PCT_INCREASE  FREELISTS FREELIST_GROUPS LOG B   NUM_ROWS
----------- ----------- ------------ ---------- --------------- --- - ----------
    BLOCKS EMPTY_BLOCKS  AVG_SPACE  CHAIN_CNT AVG_ROW_LEN                       
---------- ------------ ---------- ---------- -----------                       
AVG_SPACE_FREELIST_BLOCKS NUM_FREELIST_BLOCKS                                   
------------------------- -------------------                                   
DEGREE                                                                          
----------------------------------------                                        
INSTANCES                                CACHE                TABLE_LO          
---------------------------------------- -------------------- --------          
SAMPLE_SIZE LAST_ANAL PAR IOT_TYPE     T S NES BUFFER_ FLASH_C CELL_FL ROW_MOVE 
----------- --------- --- ------------ - - --- ------- ------- ------- -------- 
GLO USE DURATION        SKIP_COR MON                                            
--- --- --------------- -------- ---                                            
CLUSTER_OWNER                                                                   
--------------------------------------------------------------------------------
DEPENDEN COMPRESS COMPRESS_FOR                   DRO REA SEG RESULT_ CLU        
-------- -------- ------------------------------ --- --- --- ------- ---        
ACTIVITY_TRACKING       DML_TIMESTAMP             HAS CON INMEMORY INMEMORY     
----------------------- ------------------------- --- --- -------- --------     
INMEMORY_DISTRI INMEMORY_COMPRESS INMEMORY_DUPL                                 
--------------- ----------------- -------------                                 
DEFAULT_COLLATION                                                               
--------------------------------------------------------------------------------
D S EXT CELLMEMORY               CON CON EXT EXT INMEMORY_SER                   
- - --- ------------------------ --- --- --- --- ------------                   
INMEMORY_SERVICE_NAME                                                           
--------------------------------------------------------------------------------
CON                                                                             
---                                                                             
USERS                                                                           

TABLE_NAME                                                                      
--------------------------------------------------------------------------------
TABLESPACE_NAME                                                                 
------------------------------                                                  
CLUSTER_NAME                                                                    
--------------------------------------------------------------------------------
IOT_NAME                                                                        
--------------------------------------------------------------------------------
STATUS     PCT_FREE   PCT_USED  INI_TRANS  MAX_TRANS INITIAL_EXTENT NEXT_EXTENT 
-------- ---------- ---------- ---------- ---------- -------------- ----------- 
MIN_EXTENTS MAX_EXTENTS PCT_INCREASE  FREELISTS FREELIST_GROUPS LOG B   NUM_ROWS
----------- ----------- ------------ ---------- --------------- --- - ----------
    BLOCKS EMPTY_BLOCKS  AVG_SPACE  CHAIN_CNT AVG_ROW_LEN                       
---------- ------------ ---------- ---------- -----------                       
AVG_SPACE_FREELIST_BLOCKS NUM_FREELIST_BLOCKS                                   
------------------------- -------------------                                   
DEGREE                                                                          
----------------------------------------                                        
INSTANCES                                CACHE                TABLE_LO          
---------------------------------------- -------------------- --------          
SAMPLE_SIZE LAST_ANAL PAR IOT_TYPE     T S NES BUFFER_ FLASH_C CELL_FL ROW_MOVE 
----------- --------- --- ------------ - - --- ------- ------- ------- -------- 
GLO USE DURATION        SKIP_COR MON                                            
--- --- --------------- -------- ---                                            
CLUSTER_OWNER                                                                   
--------------------------------------------------------------------------------
DEPENDEN COMPRESS COMPRESS_FOR                   DRO REA SEG RESULT_ CLU        
-------- -------- ------------------------------ --- --- --- ------- ---        
ACTIVITY_TRACKING       DML_TIMESTAMP             HAS CON INMEMORY INMEMORY     
----------------------- ------------------------- --- --- -------- --------     
INMEMORY_DISTRI INMEMORY_COMPRESS INMEMORY_DUPL                                 
--------------- ----------------- -------------                                 
DEFAULT_COLLATION                                                               
--------------------------------------------------------------------------------
D S EXT CELLMEMORY               CON CON EXT EXT INMEMORY_SER                   
- - --- ------------------------ --- --- --- --- ------------                   
INMEMORY_SERVICE_NAME                                                           
--------------------------------------------------------------------------------
CON                                                                             
---                                                                             
                                                                                

TABLE_NAME                                                                      
--------------------------------------------------------------------------------
TABLESPACE_NAME                                                                 
------------------------------                                                  
CLUSTER_NAME                                                                    
--------------------------------------------------------------------------------
IOT_NAME                                                                        
--------------------------------------------------------------------------------
STATUS     PCT_FREE   PCT_USED  INI_TRANS  MAX_TRANS INITIAL_EXTENT NEXT_EXTENT 
-------- ---------- ---------- ---------- ---------- -------------- ----------- 
MIN_EXTENTS MAX_EXTENTS PCT_INCREASE  FREELISTS FREELIST_GROUPS LOG B   NUM_ROWS
----------- ----------- ------------ ---------- --------------- --- - ----------
    BLOCKS EMPTY_BLOCKS  AVG_SPACE  CHAIN_CNT AVG_ROW_LEN                       
---------- ------------ ---------- ---------- -----------                       
AVG_SPACE_FREELIST_BLOCKS NUM_FREELIST_BLOCKS                                   
------------------------- -------------------                                   
DEGREE                                                                          
----------------------------------------                                        
INSTANCES                                CACHE                TABLE_LO          
---------------------------------------- -------------------- --------          
SAMPLE_SIZE LAST_ANAL PAR IOT_TYPE     T S NES BUFFER_ FLASH_C CELL_FL ROW_MOVE 
----------- --------- --- ------------ - - --- ------- ------- ------- -------- 
GLO USE DURATION        SKIP_COR MON                                            
--- --- --------------- -------- ---                                            
CLUSTER_OWNER                                                                   
--------------------------------------------------------------------------------
DEPENDEN COMPRESS COMPRESS_FOR                   DRO REA SEG RESULT_ CLU        
-------- -------- ------------------------------ --- --- --- ------- ---        
ACTIVITY_TRACKING       DML_TIMESTAMP             HAS CON INMEMORY INMEMORY     
----------------------- ------------------------- --- --- -------- --------     
INMEMORY_DISTRI INMEMORY_COMPRESS INMEMORY_DUPL                                 
--------------- ----------------- -------------                                 
DEFAULT_COLLATION                                                               
--------------------------------------------------------------------------------
D S EXT CELLMEMORY               CON CON EXT EXT INMEMORY_SER                   
- - --- ------------------------ --- --- --- --- ------------                   
INMEMORY_SERVICE_NAME                                                           
--------------------------------------------------------------------------------
CON                                                                             
---                                                                             
                                                                                

TABLE_NAME                                                                      
--------------------------------------------------------------------------------
TABLESPACE_NAME                                                                 
------------------------------                                                  
CLUSTER_NAME                                                                    
--------------------------------------------------------------------------------
IOT_NAME                                                                        
--------------------------------------------------------------------------------
STATUS     PCT_FREE   PCT_USED  INI_TRANS  MAX_TRANS INITIAL_EXTENT NEXT_EXTENT 
-------- ---------- ---------- ---------- ---------- -------------- ----------- 
MIN_EXTENTS MAX_EXTENTS PCT_INCREASE  FREELISTS FREELIST_GROUPS LOG B   NUM_ROWS
----------- ----------- ------------ ---------- --------------- --- - ----------
    BLOCKS EMPTY_BLOCKS  AVG_SPACE  CHAIN_CNT AVG_ROW_LEN                       
---------- ------------ ---------- ---------- -----------                       
AVG_SPACE_FREELIST_BLOCKS NUM_FREELIST_BLOCKS                                   
------------------------- -------------------                                   
DEGREE                                                                          
----------------------------------------                                        
INSTANCES                                CACHE                TABLE_LO          
---------------------------------------- -------------------- --------          
SAMPLE_SIZE LAST_ANAL PAR IOT_TYPE     T S NES BUFFER_ FLASH_C CELL_FL ROW_MOVE 
----------- --------- --- ------------ - - --- ------- ------- ------- -------- 
GLO USE DURATION        SKIP_COR MON                                            
--- --- --------------- -------- ---                                            
CLUSTER_OWNER                                                                   
--------------------------------------------------------------------------------
DEPENDEN COMPRESS COMPRESS_FOR                   DRO REA SEG RESULT_ CLU        
-------- -------- ------------------------------ --- --- --- ------- ---        
ACTIVITY_TRACKING       DML_TIMESTAMP             HAS CON INMEMORY INMEMORY     
----------------------- ------------------------- --- --- -------- --------     
INMEMORY_DISTRI INMEMORY_COMPRESS INMEMORY_DUPL                                 
--------------- ----------------- -------------                                 
DEFAULT_COLLATION                                                               
--------------------------------------------------------------------------------
D S EXT CELLMEMORY               CON CON EXT EXT INMEMORY_SER                   
- - --- ------------------------ --- --- --- --- ------------                   
INMEMORY_SERVICE_NAME                                                           
--------------------------------------------------------------------------------
CON                                                                             
---                                                                             
VALID            10                     1        255          65536     1048576 

TABLE_NAME                                                                      
--------------------------------------------------------------------------------
TABLESPACE_NAME                                                                 
------------------------------                                                  
CLUSTER_NAME                                                                    
--------------------------------------------------------------------------------
IOT_NAME                                                                        
--------------------------------------------------------------------------------
STATUS     PCT_FREE   PCT_USED  INI_TRANS  MAX_TRANS INITIAL_EXTENT NEXT_EXTENT 
-------- ---------- ---------- ---------- ---------- -------------- ----------- 
MIN_EXTENTS MAX_EXTENTS PCT_INCREASE  FREELISTS FREELIST_GROUPS LOG B   NUM_ROWS
----------- ----------- ------------ ---------- --------------- --- - ----------
    BLOCKS EMPTY_BLOCKS  AVG_SPACE  CHAIN_CNT AVG_ROW_LEN                       
---------- ------------ ---------- ---------- -----------                       
AVG_SPACE_FREELIST_BLOCKS NUM_FREELIST_BLOCKS                                   
------------------------- -------------------                                   
DEGREE                                                                          
----------------------------------------                                        
INSTANCES                                CACHE                TABLE_LO          
---------------------------------------- -------------------- --------          
SAMPLE_SIZE LAST_ANAL PAR IOT_TYPE     T S NES BUFFER_ FLASH_C CELL_FL ROW_MOVE 
----------- --------- --- ------------ - - --- ------- ------- ------- -------- 
GLO USE DURATION        SKIP_COR MON                                            
--- --- --------------- -------- ---                                            
CLUSTER_OWNER                                                                   
--------------------------------------------------------------------------------
DEPENDEN COMPRESS COMPRESS_FOR                   DRO REA SEG RESULT_ CLU        
-------- -------- ------------------------------ --- --- --- ------- ---        
ACTIVITY_TRACKING       DML_TIMESTAMP             HAS CON INMEMORY INMEMORY     
----------------------- ------------------------- --- --- -------- --------     
INMEMORY_DISTRI INMEMORY_COMPRESS INMEMORY_DUPL                                 
--------------- ----------------- -------------                                 
DEFAULT_COLLATION                                                               
--------------------------------------------------------------------------------
D S EXT CELLMEMORY               CON CON EXT EXT INMEMORY_SER                   
- - --- ------------------------ --- --- --- --- ------------                   
INMEMORY_SERVICE_NAME                                                           
--------------------------------------------------------------------------------
CON                                                                             
---                                                                             
          1  2147483645                                         YES N         12

TABLE_NAME                                                                      
--------------------------------------------------------------------------------
TABLESPACE_NAME                                                                 
------------------------------                                                  
CLUSTER_NAME                                                                    
--------------------------------------------------------------------------------
IOT_NAME                                                                        
--------------------------------------------------------------------------------
STATUS     PCT_FREE   PCT_USED  INI_TRANS  MAX_TRANS INITIAL_EXTENT NEXT_EXTENT 
-------- ---------- ---------- ---------- ---------- -------------- ----------- 
MIN_EXTENTS MAX_EXTENTS PCT_INCREASE  FREELISTS FREELIST_GROUPS LOG B   NUM_ROWS
----------- ----------- ------------ ---------- --------------- --- - ----------
    BLOCKS EMPTY_BLOCKS  AVG_SPACE  CHAIN_CNT AVG_ROW_LEN                       
---------- ------------ ---------- ---------- -----------                       
AVG_SPACE_FREELIST_BLOCKS NUM_FREELIST_BLOCKS                                   
------------------------- -------------------                                   
DEGREE                                                                          
----------------------------------------                                        
INSTANCES                                CACHE                TABLE_LO          
---------------------------------------- -------------------- --------          
SAMPLE_SIZE LAST_ANAL PAR IOT_TYPE     T S NES BUFFER_ FLASH_C CELL_FL ROW_MOVE 
----------- --------- --- ------------ - - --- ------- ------- ------- -------- 
GLO USE DURATION        SKIP_COR MON                                            
--- --- --------------- -------- ---                                            
CLUSTER_OWNER                                                                   
--------------------------------------------------------------------------------
DEPENDEN COMPRESS COMPRESS_FOR                   DRO REA SEG RESULT_ CLU        
-------- -------- ------------------------------ --- --- --- ------- ---        
ACTIVITY_TRACKING       DML_TIMESTAMP             HAS CON INMEMORY INMEMORY     
----------------------- ------------------------- --- --- -------- --------     
INMEMORY_DISTRI INMEMORY_COMPRESS INMEMORY_DUPL                                 
--------------- ----------------- -------------                                 
DEFAULT_COLLATION                                                               
--------------------------------------------------------------------------------
D S EXT CELLMEMORY               CON CON EXT EXT INMEMORY_SER                   
- - --- ------------------------ --- --- --- --- ------------                   
INMEMORY_SERVICE_NAME                                                           
--------------------------------------------------------------------------------
CON                                                                             
---                                                                             
         5            0          0          0          17                       

TABLE_NAME                                                                      
--------------------------------------------------------------------------------
TABLESPACE_NAME                                                                 
------------------------------                                                  
CLUSTER_NAME                                                                    
--------------------------------------------------------------------------------
IOT_NAME                                                                        
--------------------------------------------------------------------------------
STATUS     PCT_FREE   PCT_USED  INI_TRANS  MAX_TRANS INITIAL_EXTENT NEXT_EXTENT 
-------- ---------- ---------- ---------- ---------- -------------- ----------- 
MIN_EXTENTS MAX_EXTENTS PCT_INCREASE  FREELISTS FREELIST_GROUPS LOG B   NUM_ROWS
----------- ----------- ------------ ---------- --------------- --- - ----------
    BLOCKS EMPTY_BLOCKS  AVG_SPACE  CHAIN_CNT AVG_ROW_LEN                       
---------- ------------ ---------- ---------- -----------                       
AVG_SPACE_FREELIST_BLOCKS NUM_FREELIST_BLOCKS                                   
------------------------- -------------------                                   
DEGREE                                                                          
----------------------------------------                                        
INSTANCES                                CACHE                TABLE_LO          
---------------------------------------- -------------------- --------          
SAMPLE_SIZE LAST_ANAL PAR IOT_TYPE     T S NES BUFFER_ FLASH_C CELL_FL ROW_MOVE 
----------- --------- --- ------------ - - --- ------- ------- ------- -------- 
GLO USE DURATION        SKIP_COR MON                                            
--- --- --------------- -------- ---                                            
CLUSTER_OWNER                                                                   
--------------------------------------------------------------------------------
DEPENDEN COMPRESS COMPRESS_FOR                   DRO REA SEG RESULT_ CLU        
-------- -------- ------------------------------ --- --- --- ------- ---        
ACTIVITY_TRACKING       DML_TIMESTAMP             HAS CON INMEMORY INMEMORY     
----------------------- ------------------------- --- --- -------- --------     
INMEMORY_DISTRI INMEMORY_COMPRESS INMEMORY_DUPL                                 
--------------- ----------------- -------------                                 
DEFAULT_COLLATION                                                               
--------------------------------------------------------------------------------
D S EXT CELLMEMORY               CON CON EXT EXT INMEMORY_SER                   
- - --- ------------------------ --- --- --- --- ------------                   
INMEMORY_SERVICE_NAME                                                           
--------------------------------------------------------------------------------
CON                                                                             
---                                                                             
                        0                   0                                   

TABLE_NAME                                                                      
--------------------------------------------------------------------------------
TABLESPACE_NAME                                                                 
------------------------------                                                  
CLUSTER_NAME                                                                    
--------------------------------------------------------------------------------
IOT_NAME                                                                        
--------------------------------------------------------------------------------
STATUS     PCT_FREE   PCT_USED  INI_TRANS  MAX_TRANS INITIAL_EXTENT NEXT_EXTENT 
-------- ---------- ---------- ---------- ---------- -------------- ----------- 
MIN_EXTENTS MAX_EXTENTS PCT_INCREASE  FREELISTS FREELIST_GROUPS LOG B   NUM_ROWS
----------- ----------- ------------ ---------- --------------- --- - ----------
    BLOCKS EMPTY_BLOCKS  AVG_SPACE  CHAIN_CNT AVG_ROW_LEN                       
---------- ------------ ---------- ---------- -----------                       
AVG_SPACE_FREELIST_BLOCKS NUM_FREELIST_BLOCKS                                   
------------------------- -------------------                                   
DEGREE                                                                          
----------------------------------------                                        
INSTANCES                                CACHE                TABLE_LO          
---------------------------------------- -------------------- --------          
SAMPLE_SIZE LAST_ANAL PAR IOT_TYPE     T S NES BUFFER_ FLASH_C CELL_FL ROW_MOVE 
----------- --------- --- ------------ - - --- ------- ------- ------- -------- 
GLO USE DURATION        SKIP_COR MON                                            
--- --- --------------- -------- ---                                            
CLUSTER_OWNER                                                                   
--------------------------------------------------------------------------------
DEPENDEN COMPRESS COMPRESS_FOR                   DRO REA SEG RESULT_ CLU        
-------- -------- ------------------------------ --- --- --- ------- ---        
ACTIVITY_TRACKING       DML_TIMESTAMP             HAS CON INMEMORY INMEMORY     
----------------------- ------------------------- --- --- -------- --------     
INMEMORY_DISTRI INMEMORY_COMPRESS INMEMORY_DUPL                                 
--------------- ----------------- -------------                                 
DEFAULT_COLLATION                                                               
--------------------------------------------------------------------------------
D S EXT CELLMEMORY               CON CON EXT EXT INMEMORY_SER                   
- - --- ------------------------ --- --- --- --- ------------                   
INMEMORY_SERVICE_NAME                                                           
--------------------------------------------------------------------------------
CON                                                                             
---                                                                             
         1                                                                      

TABLE_NAME                                                                      
--------------------------------------------------------------------------------
TABLESPACE_NAME                                                                 
------------------------------                                                  
CLUSTER_NAME                                                                    
--------------------------------------------------------------------------------
IOT_NAME                                                                        
--------------------------------------------------------------------------------
STATUS     PCT_FREE   PCT_USED  INI_TRANS  MAX_TRANS INITIAL_EXTENT NEXT_EXTENT 
-------- ---------- ---------- ---------- ---------- -------------- ----------- 
MIN_EXTENTS MAX_EXTENTS PCT_INCREASE  FREELISTS FREELIST_GROUPS LOG B   NUM_ROWS
----------- ----------- ------------ ---------- --------------- --- - ----------
    BLOCKS EMPTY_BLOCKS  AVG_SPACE  CHAIN_CNT AVG_ROW_LEN                       
---------- ------------ ---------- ---------- -----------                       
AVG_SPACE_FREELIST_BLOCKS NUM_FREELIST_BLOCKS                                   
------------------------- -------------------                                   
DEGREE                                                                          
----------------------------------------                                        
INSTANCES                                CACHE                TABLE_LO          
---------------------------------------- -------------------- --------          
SAMPLE_SIZE LAST_ANAL PAR IOT_TYPE     T S NES BUFFER_ FLASH_C CELL_FL ROW_MOVE 
----------- --------- --- ------------ - - --- ------- ------- ------- -------- 
GLO USE DURATION        SKIP_COR MON                                            
--- --- --------------- -------- ---                                            
CLUSTER_OWNER                                                                   
--------------------------------------------------------------------------------
DEPENDEN COMPRESS COMPRESS_FOR                   DRO REA SEG RESULT_ CLU        
-------- -------- ------------------------------ --- --- --- ------- ---        
ACTIVITY_TRACKING       DML_TIMESTAMP             HAS CON INMEMORY INMEMORY     
----------------------- ------------------------- --- --- -------- --------     
INMEMORY_DISTRI INMEMORY_COMPRESS INMEMORY_DUPL                                 
--------------- ----------------- -------------                                 
DEFAULT_COLLATION                                                               
--------------------------------------------------------------------------------
D S EXT CELLMEMORY               CON CON EXT EXT INMEMORY_SER                   
- - --- ------------------------ --- --- --- --- ------------                   
INMEMORY_SERVICE_NAME                                                           
--------------------------------------------------------------------------------
CON                                                                             
---                                                                             
         1                                   N                ENABLED           

TABLE_NAME                                                                      
--------------------------------------------------------------------------------
TABLESPACE_NAME                                                                 
------------------------------                                                  
CLUSTER_NAME                                                                    
--------------------------------------------------------------------------------
IOT_NAME                                                                        
--------------------------------------------------------------------------------
STATUS     PCT_FREE   PCT_USED  INI_TRANS  MAX_TRANS INITIAL_EXTENT NEXT_EXTENT 
-------- ---------- ---------- ---------- ---------- -------------- ----------- 
MIN_EXTENTS MAX_EXTENTS PCT_INCREASE  FREELISTS FREELIST_GROUPS LOG B   NUM_ROWS
----------- ----------- ------------ ---------- --------------- --- - ----------
    BLOCKS EMPTY_BLOCKS  AVG_SPACE  CHAIN_CNT AVG_ROW_LEN                       
---------- ------------ ---------- ---------- -----------                       
AVG_SPACE_FREELIST_BLOCKS NUM_FREELIST_BLOCKS                                   
------------------------- -------------------                                   
DEGREE                                                                          
----------------------------------------                                        
INSTANCES                                CACHE                TABLE_LO          
---------------------------------------- -------------------- --------          
SAMPLE_SIZE LAST_ANAL PAR IOT_TYPE     T S NES BUFFER_ FLASH_C CELL_FL ROW_MOVE 
----------- --------- --- ------------ - - --- ------- ------- ------- -------- 
GLO USE DURATION        SKIP_COR MON                                            
--- --- --------------- -------- ---                                            
CLUSTER_OWNER                                                                   
--------------------------------------------------------------------------------
DEPENDEN COMPRESS COMPRESS_FOR                   DRO REA SEG RESULT_ CLU        
-------- -------- ------------------------------ --- --- --- ------- ---        
ACTIVITY_TRACKING       DML_TIMESTAMP             HAS CON INMEMORY INMEMORY     
----------------------- ------------------------- --- --- -------- --------     
INMEMORY_DISTRI INMEMORY_COMPRESS INMEMORY_DUPL                                 
--------------- ----------------- -------------                                 
DEFAULT_COLLATION                                                               
--------------------------------------------------------------------------------
D S EXT CELLMEMORY               CON CON EXT EXT INMEMORY_SER                   
- - --- ------------------------ --- --- --- --- ------------                   
INMEMORY_SERVICE_NAME                                                           
--------------------------------------------------------------------------------
CON                                                                             
---                                                                             
         12 19-NOV-19 NO               N N NO  DEFAULT DEFAULT DEFAULT DISABLED 

TABLE_NAME                                                                      
--------------------------------------------------------------------------------
TABLESPACE_NAME                                                                 
------------------------------                                                  
CLUSTER_NAME                                                                    
--------------------------------------------------------------------------------
IOT_NAME                                                                        
--------------------------------------------------------------------------------
STATUS     PCT_FREE   PCT_USED  INI_TRANS  MAX_TRANS INITIAL_EXTENT NEXT_EXTENT 
-------- ---------- ---------- ---------- ---------- -------------- ----------- 
MIN_EXTENTS MAX_EXTENTS PCT_INCREASE  FREELISTS FREELIST_GROUPS LOG B   NUM_ROWS
----------- ----------- ------------ ---------- --------------- --- - ----------
    BLOCKS EMPTY_BLOCKS  AVG_SPACE  CHAIN_CNT AVG_ROW_LEN                       
---------- ------------ ---------- ---------- -----------                       
AVG_SPACE_FREELIST_BLOCKS NUM_FREELIST_BLOCKS                                   
------------------------- -------------------                                   
DEGREE                                                                          
----------------------------------------                                        
INSTANCES                                CACHE                TABLE_LO          
---------------------------------------- -------------------- --------          
SAMPLE_SIZE LAST_ANAL PAR IOT_TYPE     T S NES BUFFER_ FLASH_C CELL_FL ROW_MOVE 
----------- --------- --- ------------ - - --- ------- ------- ------- -------- 
GLO USE DURATION        SKIP_COR MON                                            
--- --- --------------- -------- ---                                            
CLUSTER_OWNER                                                                   
--------------------------------------------------------------------------------
DEPENDEN COMPRESS COMPRESS_FOR                   DRO REA SEG RESULT_ CLU        
-------- -------- ------------------------------ --- --- --- ------- ---        
ACTIVITY_TRACKING       DML_TIMESTAMP             HAS CON INMEMORY INMEMORY     
----------------------- ------------------------- --- --- -------- --------     
INMEMORY_DISTRI INMEMORY_COMPRESS INMEMORY_DUPL                                 
--------------- ----------------- -------------                                 
DEFAULT_COLLATION                                                               
--------------------------------------------------------------------------------
D S EXT CELLMEMORY               CON CON EXT EXT INMEMORY_SER                   
- - --- ------------------------ --- --- --- --- ------------                   
INMEMORY_SERVICE_NAME                                                           
--------------------------------------------------------------------------------
CON                                                                             
---                                                                             
YES NO                  DISABLED YES                                            

TABLE_NAME                                                                      
--------------------------------------------------------------------------------
TABLESPACE_NAME                                                                 
------------------------------                                                  
CLUSTER_NAME                                                                    
--------------------------------------------------------------------------------
IOT_NAME                                                                        
--------------------------------------------------------------------------------
STATUS     PCT_FREE   PCT_USED  INI_TRANS  MAX_TRANS INITIAL_EXTENT NEXT_EXTENT 
-------- ---------- ---------- ---------- ---------- -------------- ----------- 
MIN_EXTENTS MAX_EXTENTS PCT_INCREASE  FREELISTS FREELIST_GROUPS LOG B   NUM_ROWS
----------- ----------- ------------ ---------- --------------- --- - ----------
    BLOCKS EMPTY_BLOCKS  AVG_SPACE  CHAIN_CNT AVG_ROW_LEN                       
---------- ------------ ---------- ---------- -----------                       
AVG_SPACE_FREELIST_BLOCKS NUM_FREELIST_BLOCKS                                   
------------------------- -------------------                                   
DEGREE                                                                          
----------------------------------------                                        
INSTANCES                                CACHE                TABLE_LO          
---------------------------------------- -------------------- --------          
SAMPLE_SIZE LAST_ANAL PAR IOT_TYPE     T S NES BUFFER_ FLASH_C CELL_FL ROW_MOVE 
----------- --------- --- ------------ - - --- ------- ------- ------- -------- 
GLO USE DURATION        SKIP_COR MON                                            
--- --- --------------- -------- ---                                            
CLUSTER_OWNER                                                                   
--------------------------------------------------------------------------------
DEPENDEN COMPRESS COMPRESS_FOR                   DRO REA SEG RESULT_ CLU        
-------- -------- ------------------------------ --- --- --- ------- ---        
ACTIVITY_TRACKING       DML_TIMESTAMP             HAS CON INMEMORY INMEMORY     
----------------------- ------------------------- --- --- -------- --------     
INMEMORY_DISTRI INMEMORY_COMPRESS INMEMORY_DUPL                                 
--------------- ----------------- -------------                                 
DEFAULT_COLLATION                                                               
--------------------------------------------------------------------------------
D S EXT CELLMEMORY               CON CON EXT EXT INMEMORY_SER                   
- - --- ------------------------ --- --- --- --- ------------                   
INMEMORY_SERVICE_NAME                                                           
--------------------------------------------------------------------------------
CON                                                                             
---                                                                             
                                                                                

TABLE_NAME                                                                      
--------------------------------------------------------------------------------
TABLESPACE_NAME                                                                 
------------------------------                                                  
CLUSTER_NAME                                                                    
--------------------------------------------------------------------------------
IOT_NAME                                                                        
--------------------------------------------------------------------------------
STATUS     PCT_FREE   PCT_USED  INI_TRANS  MAX_TRANS INITIAL_EXTENT NEXT_EXTENT 
-------- ---------- ---------- ---------- ---------- -------------- ----------- 
MIN_EXTENTS MAX_EXTENTS PCT_INCREASE  FREELISTS FREELIST_GROUPS LOG B   NUM_ROWS
----------- ----------- ------------ ---------- --------------- --- - ----------
    BLOCKS EMPTY_BLOCKS  AVG_SPACE  CHAIN_CNT AVG_ROW_LEN                       
---------- ------------ ---------- ---------- -----------                       
AVG_SPACE_FREELIST_BLOCKS NUM_FREELIST_BLOCKS                                   
------------------------- -------------------                                   
DEGREE                                                                          
----------------------------------------                                        
INSTANCES                                CACHE                TABLE_LO          
---------------------------------------- -------------------- --------          
SAMPLE_SIZE LAST_ANAL PAR IOT_TYPE     T S NES BUFFER_ FLASH_C CELL_FL ROW_MOVE 
----------- --------- --- ------------ - - --- ------- ------- ------- -------- 
GLO USE DURATION        SKIP_COR MON                                            
--- --- --------------- -------- ---                                            
CLUSTER_OWNER                                                                   
--------------------------------------------------------------------------------
DEPENDEN COMPRESS COMPRESS_FOR                   DRO REA SEG RESULT_ CLU        
-------- -------- ------------------------------ --- --- --- ------- ---        
ACTIVITY_TRACKING       DML_TIMESTAMP             HAS CON INMEMORY INMEMORY     
----------------------- ------------------------- --- --- -------- --------     
INMEMORY_DISTRI INMEMORY_COMPRESS INMEMORY_DUPL                                 
--------------- ----------------- -------------                                 
DEFAULT_COLLATION                                                               
--------------------------------------------------------------------------------
D S EXT CELLMEMORY               CON CON EXT EXT INMEMORY_SER                   
- - --- ------------------------ --- --- --- --- ------------                   
INMEMORY_SERVICE_NAME                                                           
--------------------------------------------------------------------------------
CON                                                                             
---                                                                             
DISABLED DISABLED                                NO  NO  YES DEFAULT NO         

TABLE_NAME                                                                      
--------------------------------------------------------------------------------
TABLESPACE_NAME                                                                 
------------------------------                                                  
CLUSTER_NAME                                                                    
--------------------------------------------------------------------------------
IOT_NAME                                                                        
--------------------------------------------------------------------------------
STATUS     PCT_FREE   PCT_USED  INI_TRANS  MAX_TRANS INITIAL_EXTENT NEXT_EXTENT 
-------- ---------- ---------- ---------- ---------- -------------- ----------- 
MIN_EXTENTS MAX_EXTENTS PCT_INCREASE  FREELISTS FREELIST_GROUPS LOG B   NUM_ROWS
----------- ----------- ------------ ---------- --------------- --- - ----------
    BLOCKS EMPTY_BLOCKS  AVG_SPACE  CHAIN_CNT AVG_ROW_LEN                       
---------- ------------ ---------- ---------- -----------                       
AVG_SPACE_FREELIST_BLOCKS NUM_FREELIST_BLOCKS                                   
------------------------- -------------------                                   
DEGREE                                                                          
----------------------------------------                                        
INSTANCES                                CACHE                TABLE_LO          
---------------------------------------- -------------------- --------          
SAMPLE_SIZE LAST_ANAL PAR IOT_TYPE     T S NES BUFFER_ FLASH_C CELL_FL ROW_MOVE 
----------- --------- --- ------------ - - --- ------- ------- ------- -------- 
GLO USE DURATION        SKIP_COR MON                                            
--- --- --------------- -------- ---                                            
CLUSTER_OWNER                                                                   
--------------------------------------------------------------------------------
DEPENDEN COMPRESS COMPRESS_FOR                   DRO REA SEG RESULT_ CLU        
-------- -------- ------------------------------ --- --- --- ------- ---        
ACTIVITY_TRACKING       DML_TIMESTAMP             HAS CON INMEMORY INMEMORY     
----------------------- ------------------------- --- --- -------- --------     
INMEMORY_DISTRI INMEMORY_COMPRESS INMEMORY_DUPL                                 
--------------- ----------------- -------------                                 
DEFAULT_COLLATION                                                               
--------------------------------------------------------------------------------
D S EXT CELLMEMORY               CON CON EXT EXT INMEMORY_SER                   
- - --- ------------------------ --- --- --- --- ------------                   
INMEMORY_SERVICE_NAME                                                           
--------------------------------------------------------------------------------
CON                                                                             
---                                                                             
                                                  NO  NO  DISABLED              

TABLE_NAME                                                                      
--------------------------------------------------------------------------------
TABLESPACE_NAME                                                                 
------------------------------                                                  
CLUSTER_NAME                                                                    
--------------------------------------------------------------------------------
IOT_NAME                                                                        
--------------------------------------------------------------------------------
STATUS     PCT_FREE   PCT_USED  INI_TRANS  MAX_TRANS INITIAL_EXTENT NEXT_EXTENT 
-------- ---------- ---------- ---------- ---------- -------------- ----------- 
MIN_EXTENTS MAX_EXTENTS PCT_INCREASE  FREELISTS FREELIST_GROUPS LOG B   NUM_ROWS
----------- ----------- ------------ ---------- --------------- --- - ----------
    BLOCKS EMPTY_BLOCKS  AVG_SPACE  CHAIN_CNT AVG_ROW_LEN                       
---------- ------------ ---------- ---------- -----------                       
AVG_SPACE_FREELIST_BLOCKS NUM_FREELIST_BLOCKS                                   
------------------------- -------------------                                   
DEGREE                                                                          
----------------------------------------                                        
INSTANCES                                CACHE                TABLE_LO          
---------------------------------------- -------------------- --------          
SAMPLE_SIZE LAST_ANAL PAR IOT_TYPE     T S NES BUFFER_ FLASH_C CELL_FL ROW_MOVE 
----------- --------- --- ------------ - - --- ------- ------- ------- -------- 
GLO USE DURATION        SKIP_COR MON                                            
--- --- --------------- -------- ---                                            
CLUSTER_OWNER                                                                   
--------------------------------------------------------------------------------
DEPENDEN COMPRESS COMPRESS_FOR                   DRO REA SEG RESULT_ CLU        
-------- -------- ------------------------------ --- --- --- ------- ---        
ACTIVITY_TRACKING       DML_TIMESTAMP             HAS CON INMEMORY INMEMORY     
----------------------- ------------------------- --- --- -------- --------     
INMEMORY_DISTRI INMEMORY_COMPRESS INMEMORY_DUPL                                 
--------------- ----------------- -------------                                 
DEFAULT_COLLATION                                                               
--------------------------------------------------------------------------------
D S EXT CELLMEMORY               CON CON EXT EXT INMEMORY_SER                   
- - --- ------------------------ --- --- --- --- ------------                   
INMEMORY_SERVICE_NAME                                                           
--------------------------------------------------------------------------------
CON                                                                             
---                                                                             
                                                                                

TABLE_NAME                                                                      
--------------------------------------------------------------------------------
TABLESPACE_NAME                                                                 
------------------------------                                                  
CLUSTER_NAME                                                                    
--------------------------------------------------------------------------------
IOT_NAME                                                                        
--------------------------------------------------------------------------------
STATUS     PCT_FREE   PCT_USED  INI_TRANS  MAX_TRANS INITIAL_EXTENT NEXT_EXTENT 
-------- ---------- ---------- ---------- ---------- -------------- ----------- 
MIN_EXTENTS MAX_EXTENTS PCT_INCREASE  FREELISTS FREELIST_GROUPS LOG B   NUM_ROWS
----------- ----------- ------------ ---------- --------------- --- - ----------
    BLOCKS EMPTY_BLOCKS  AVG_SPACE  CHAIN_CNT AVG_ROW_LEN                       
---------- ------------ ---------- ---------- -----------                       
AVG_SPACE_FREELIST_BLOCKS NUM_FREELIST_BLOCKS                                   
------------------------- -------------------                                   
DEGREE                                                                          
----------------------------------------                                        
INSTANCES                                CACHE                TABLE_LO          
---------------------------------------- -------------------- --------          
SAMPLE_SIZE LAST_ANAL PAR IOT_TYPE     T S NES BUFFER_ FLASH_C CELL_FL ROW_MOVE 
----------- --------- --- ------------ - - --- ------- ------- ------- -------- 
GLO USE DURATION        SKIP_COR MON                                            
--- --- --------------- -------- ---                                            
CLUSTER_OWNER                                                                   
--------------------------------------------------------------------------------
DEPENDEN COMPRESS COMPRESS_FOR                   DRO REA SEG RESULT_ CLU        
-------- -------- ------------------------------ --- --- --- ------- ---        
ACTIVITY_TRACKING       DML_TIMESTAMP             HAS CON INMEMORY INMEMORY     
----------------------- ------------------------- --- --- -------- --------     
INMEMORY_DISTRI INMEMORY_COMPRESS INMEMORY_DUPL                                 
--------------- ----------------- -------------                                 
DEFAULT_COLLATION                                                               
--------------------------------------------------------------------------------
D S EXT CELLMEMORY               CON CON EXT EXT INMEMORY_SER                   
- - --- ------------------------ --- --- --- --- ------------                   
INMEMORY_SERVICE_NAME                                                           
--------------------------------------------------------------------------------
CON                                                                             
---                                                                             
USING_NLS_COMP                                                                  

TABLE_NAME                                                                      
--------------------------------------------------------------------------------
TABLESPACE_NAME                                                                 
------------------------------                                                  
CLUSTER_NAME                                                                    
--------------------------------------------------------------------------------
IOT_NAME                                                                        
--------------------------------------------------------------------------------
STATUS     PCT_FREE   PCT_USED  INI_TRANS  MAX_TRANS INITIAL_EXTENT NEXT_EXTENT 
-------- ---------- ---------- ---------- ---------- -------------- ----------- 
MIN_EXTENTS MAX_EXTENTS PCT_INCREASE  FREELISTS FREELIST_GROUPS LOG B   NUM_ROWS
----------- ----------- ------------ ---------- --------------- --- - ----------
    BLOCKS EMPTY_BLOCKS  AVG_SPACE  CHAIN_CNT AVG_ROW_LEN                       
---------- ------------ ---------- ---------- -----------                       
AVG_SPACE_FREELIST_BLOCKS NUM_FREELIST_BLOCKS                                   
------------------------- -------------------                                   
DEGREE                                                                          
----------------------------------------                                        
INSTANCES                                CACHE                TABLE_LO          
---------------------------------------- -------------------- --------          
SAMPLE_SIZE LAST_ANAL PAR IOT_TYPE     T S NES BUFFER_ FLASH_C CELL_FL ROW_MOVE 
----------- --------- --- ------------ - - --- ------- ------- ------- -------- 
GLO USE DURATION        SKIP_COR MON                                            
--- --- --------------- -------- ---                                            
CLUSTER_OWNER                                                                   
--------------------------------------------------------------------------------
DEPENDEN COMPRESS COMPRESS_FOR                   DRO REA SEG RESULT_ CLU        
-------- -------- ------------------------------ --- --- --- ------- ---        
ACTIVITY_TRACKING       DML_TIMESTAMP             HAS CON INMEMORY INMEMORY     
----------------------- ------------------------- --- --- -------- --------     
INMEMORY_DISTRI INMEMORY_COMPRESS INMEMORY_DUPL                                 
--------------- ----------------- -------------                                 
DEFAULT_COLLATION                                                               
--------------------------------------------------------------------------------
D S EXT CELLMEMORY               CON CON EXT EXT INMEMORY_SER                   
- - --- ------------------------ --- --- --- --- ------------                   
INMEMORY_SERVICE_NAME                                                           
--------------------------------------------------------------------------------
CON                                                                             
---                                                                             
N N NO                           NO  NO  NO  NO                                 

TABLE_NAME                                                                      
--------------------------------------------------------------------------------
TABLESPACE_NAME                                                                 
------------------------------                                                  
CLUSTER_NAME                                                                    
--------------------------------------------------------------------------------
IOT_NAME                                                                        
--------------------------------------------------------------------------------
STATUS     PCT_FREE   PCT_USED  INI_TRANS  MAX_TRANS INITIAL_EXTENT NEXT_EXTENT 
-------- ---------- ---------- ---------- ---------- -------------- ----------- 
MIN_EXTENTS MAX_EXTENTS PCT_INCREASE  FREELISTS FREELIST_GROUPS LOG B   NUM_ROWS
----------- ----------- ------------ ---------- --------------- --- - ----------
    BLOCKS EMPTY_BLOCKS  AVG_SPACE  CHAIN_CNT AVG_ROW_LEN                       
---------- ------------ ---------- ---------- -----------                       
AVG_SPACE_FREELIST_BLOCKS NUM_FREELIST_BLOCKS                                   
------------------------- -------------------                                   
DEGREE                                                                          
----------------------------------------                                        
INSTANCES                                CACHE                TABLE_LO          
---------------------------------------- -------------------- --------          
SAMPLE_SIZE LAST_ANAL PAR IOT_TYPE     T S NES BUFFER_ FLASH_C CELL_FL ROW_MOVE 
----------- --------- --- ------------ - - --- ------- ------- ------- -------- 
GLO USE DURATION        SKIP_COR MON                                            
--- --- --------------- -------- ---                                            
CLUSTER_OWNER                                                                   
--------------------------------------------------------------------------------
DEPENDEN COMPRESS COMPRESS_FOR                   DRO REA SEG RESULT_ CLU        
-------- -------- ------------------------------ --- --- --- ------- ---        
ACTIVITY_TRACKING       DML_TIMESTAMP             HAS CON INMEMORY INMEMORY     
----------------------- ------------------------- --- --- -------- --------     
INMEMORY_DISTRI INMEMORY_COMPRESS INMEMORY_DUPL                                 
--------------- ----------------- -------------                                 
DEFAULT_COLLATION                                                               
--------------------------------------------------------------------------------
D S EXT CELLMEMORY               CON CON EXT EXT INMEMORY_SER                   
- - --- ------------------------ --- --- --- --- ------------                   
INMEMORY_SERVICE_NAME                                                           
--------------------------------------------------------------------------------
CON                                                                             
---                                                                             
                                                                                

TABLE_NAME                                                                      
--------------------------------------------------------------------------------
TABLESPACE_NAME                                                                 
------------------------------                                                  
CLUSTER_NAME                                                                    
--------------------------------------------------------------------------------
IOT_NAME                                                                        
--------------------------------------------------------------------------------
STATUS     PCT_FREE   PCT_USED  INI_TRANS  MAX_TRANS INITIAL_EXTENT NEXT_EXTENT 
-------- ---------- ---------- ---------- ---------- -------------- ----------- 
MIN_EXTENTS MAX_EXTENTS PCT_INCREASE  FREELISTS FREELIST_GROUPS LOG B   NUM_ROWS
----------- ----------- ------------ ---------- --------------- --- - ----------
    BLOCKS EMPTY_BLOCKS  AVG_SPACE  CHAIN_CNT AVG_ROW_LEN                       
---------- ------------ ---------- ---------- -----------                       
AVG_SPACE_FREELIST_BLOCKS NUM_FREELIST_BLOCKS                                   
------------------------- -------------------                                   
DEGREE                                                                          
----------------------------------------                                        
INSTANCES                                CACHE                TABLE_LO          
---------------------------------------- -------------------- --------          
SAMPLE_SIZE LAST_ANAL PAR IOT_TYPE     T S NES BUFFER_ FLASH_C CELL_FL ROW_MOVE 
----------- --------- --- ------------ - - --- ------- ------- ------- -------- 
GLO USE DURATION        SKIP_COR MON                                            
--- --- --------------- -------- ---                                            
CLUSTER_OWNER                                                                   
--------------------------------------------------------------------------------
DEPENDEN COMPRESS COMPRESS_FOR                   DRO REA SEG RESULT_ CLU        
-------- -------- ------------------------------ --- --- --- ------- ---        
ACTIVITY_TRACKING       DML_TIMESTAMP             HAS CON INMEMORY INMEMORY     
----------------------- ------------------------- --- --- -------- --------     
INMEMORY_DISTRI INMEMORY_COMPRESS INMEMORY_DUPL                                 
--------------- ----------------- -------------                                 
DEFAULT_COLLATION                                                               
--------------------------------------------------------------------------------
D S EXT CELLMEMORY               CON CON EXT EXT INMEMORY_SER                   
- - --- ------------------------ --- --- --- --- ------------                   
INMEMORY_SERVICE_NAME                                                           
--------------------------------------------------------------------------------
CON                                                                             
---                                                                             
NO                                                                              

TABLE_NAME                                                                      
--------------------------------------------------------------------------------
TABLESPACE_NAME                                                                 
------------------------------                                                  
CLUSTER_NAME                                                                    
--------------------------------------------------------------------------------
IOT