SQL> INSERT TO PLAN_DOCENTE VALULES(4444,1,3,1.5,1.5,'01-SEP-11',NULL);
INSERT TO PLAN_DOCENTE VALULES(4444,1,3,1.5,1.5,'01-SEP-11',NULL)
       *
ERROR at line 1:
ORA-00925: missing INTO keyword 


SQL> INSERT INTO PLAN_DOCENTE VALULES(4444,1,3,1.5,1.5,'01-SEP-11',NULL);
INSERT INTO PLAN_DOCENTE VALULES(4444,1,3,1.5,1.5,'01-SEP-11',NULL)
                                 *
ERROR at line 1:
ORA-00928: missing SELECT keyword 


SQL> INSERT INTO PLAN_DOCENTE VALUES(4444,1,3,1.5,1.5,'01-SEP-11',NULL);

1 row created.

SQL> INSERT INTO PLAN_DOCENTE VALUES(4444,4,1.5,0,1.5,'01-SEP-08','31-AGOS-10');
INSERT INTO PLAN_DOCENTE VALUES(4444,4,1.5,0,1.5,'01-SEP-08','31-AGOS-10')
                                                             *
ERROR at line 1:
ORA-01843: not a valid month 


SQL> INSERT INTO PLAN_DOCENTE VALUES(4444,4,1.5,0,1.5,'01-SEP-08','31-AGO-10');
INSERT INTO PLAN_DOCENTE VALUES(4444,4,1.5,0,1.5,'01-SEP-08','31-AGO-10')
                                                             *
ERROR at line 1:
ORA-01843: not a valid month 


SQL> INSERT INTO PLAN_DOCENTE VALUES(4444,4,1.5,0,1.5,'01-SEP-08',31-08-10);
INSERT INTO PLAN_DOCENTE VALUES(4444,4,1.5,0,1.5,'01-SEP-08',31-08-10)
                                                                  *
ERROR at line 1:
ORA-00932: inconsistent datatypes: expected DATE got NUMBER 


SQL> INSERT INTO PLAN_DOCENTE VALUES(4444,4,1.5,0,1.5,'01-SEP-08','31-AGU-08');
INSERT INTO PLAN_DOCENTE VALUES(4444,4,1.5,0,1.5,'01-SEP-08','31-AGU-08')
                                                             *
ERROR at line 1:
ORA-01843: not a valid month 


SQL> INSERT INTO PLAN_DOCENTE VALUES(4444,4,1.5,0,1.5,'01-SEP-08','31-08-08');
INSERT INTO PLAN_DOCENTE VALUES(4444,4,1.5,0,1.5,'01-SEP-08','31-08-08')
                                                             *
ERROR at line 1:
ORA-01843: not a valid month 


SQL> INSERT INTO PLAN_DOCENTE VALUES(4444,4,1.5,0,1.5,'01-SEP-08','31-AUG-08');
INSERT INTO PLAN_DOCENTE VALUES(4444,4,1.5,0,1.5,'01-SEP-08','31-AUG-08')
*
ERROR at line 1:
ORA-02290: check constraint (ALU0100585704.SYS_C00138839) violated 


SQL> INSERT INTO PLAN_DOCENTE VALUES(4444,4,1.5,0,1.5,'01-SEP-08','31-AUG-10');

1 row created.

SQL> INSERT INTO PLAN_DOCENTE VALUES(4444,5,3,0,0,'01-SEP-10',NULL);

1 row created.

SQL> INSERT INTO PLAN_DOCENTE VALUES(1111,8,3,1.5,1.5,'01-SEP-07','31-AUG-09);
ERROR:
ORA-01756: quoted string not properly terminated 


SQL> INSERT INTO PLAN_DOCENTE VALUES(1111,8,3,1.5,1.5,'01-SEP-07','31-AUG-09');

1 row created.

SQL> INSERT INTO PLAN_DOCENTE VALUES(1111,8,3,0,0,'01-SEP-09',NULL);

1 row created.

SQL> INSERT INTO PLAN_DOCENTE VALUES(3030,8,0,1.5,1.5,'01-SEP-09',NULL);

1 row created.

SQL> INSERT INTO PLAN_DOCENTE VALUES(2222,4,1.5,0,1.5,'01-SEP-09',NULL);

1 row created.

SQL> INSERT INTO PLAN_DOCENTE VALUES(2222,3,1.5,0,1.5,'01-SEP-06','31-AUG-07');

1 row created.

SQL> INSERT INTO PLAN_DOCENTE VALUES(1010,2,1.5,1.5,3,'01-SEP-05','31-AUG-08');

1 row created.

SQL> INSERT INTO PLAN_DOCENTE VALUES(3333,2,1.5,1.5,3,'01-SEP-08',NULL);

1 row created.

SQL> INSERT INTO PLAN_DOCENTE VALUES(1010,9,3,0,3,'01-SEP-08','31-AUG-09');

1 row created.

SQL> INSERT INTO PLAN_DOCENTE VALUES(1010,9,1.5,0,1.5,'01-SEP-09',NULL);

1 row created.

SQL> INSERT INTO PLAN_DOCENTE VALUES(9999,7,3,3,0,'01-SEP-10',NULL);

1 row created.

SQL> INSERT INTO PLAN_DOCENTE VALUES(5555,6,3,3,0,'31-MAR-10',NULL);

1 row created.

SQL> INSERT INTO PLAN_DOCENTE VALUES(6666,10,3,1.5,1.5,'01-SEP-08','31-AUG-11');

1 row created.

SQL> INSERT INTO PLAN_DOCENTE VALUES(8888,11,6,0,0,'01-SEP-09',NULL);

1 row created.

SQL> INSERT INTO PLAN_DOCENTE VALUES(2020,3,1.5,0,1.5,'01-SEP-08',NULL);

1 row created.

SQL> INSERT INTO PLAN_DOCENTE VALUES(7777,12,4.5,3,0,'01-SEP-10',NULL);

1 row created.

SQL> INSERT INTO PLAN_DOCENTE VALUES(3333,9,1.5,0,1.5,'01-SEP-09',NULL);

1 row created.

SQL> SELECT * FROM PLAN_DOCENTE
  2  
SQL> SELECT * FROM PLAN_DOCENTE;

       DNI        CAS        CTA        CPA        CLA FI        FF             
---------- ---------- ---------- ---------- ---------- --------- ---------      
      4444          1          3        1.5        1.5 01-SEP-11                
      4444          4        1.5          0        1.5 01-SEP-08 31-AUG-10      
      4444          5          3          0          0 01-SEP-10                
      1111          8          3        1.5        1.5 01-SEP-07 31-AUG-09      
      1111          8          3          0          0 01-SEP-09                
      3030          8          0        1.5        1.5 01-SEP-09                
      2222          4        1.5          0        1.5 01-SEP-09                
      2222          3        1.5          0        1.5 01-SEP-06 31-AUG-07      
      1010          2        1.5        1.5          3 01-SEP-05 31-AUG-08      
      3333          2        1.5        1.5          3 01-SEP-08                
      1010          9          3          0          3 01-SEP-08 31-AUG-09      

       DNI        CAS        CTA        CPA        CLA FI        FF             
---------- ---------- ---------- ---------- ---------- --------- ---------      
      1010          9        1.5          0        1.5 01-SEP-09                
      9999          7          3          3          0 01-SEP-10                
      5555          6          3          3          0 31-MAR-10                
      6666         10          3        1.5        1.5 01-SEP-08 31-AUG-11      
      8888         11          6          0          0 01-SEP-09                
      2020          3        1.5          0        1.5 01-SEP-08                
      7777         12        4.5          3          0 01-SEP-10                
      3333          9        1.5          0        1.5 01-SEP-09                

19 rows selected.

SQL> SPOOL OFF
